Component: ARM Compiler 5.06 update 6 (build 750) Tool: armlink [4d35ed]

==============================================================================

Section Cross References

    main.o(i.CH57xNET_HandleGlobalInt) refers to ch57xsock.o(i.CH57xNET_GetGlobalInt) for CH57xNET_GetGlobalInt
    main.o(i.CH57xNET_HandleGlobalInt) refers to ch57xsock.o(i.CH57xNET_GetPHYStatus) for CH57xNET_GetPHYStatus
    main.o(i.CH57xNET_HandleGlobalInt) refers to ch57xsock.o(i.CH57xNET_GetSocketInt) for CH57xNET_GetSocketInt
    main.o(i.CH57xNET_HandleGlobalInt) refers to net_tcp_server.o(i.net_tcp_server_data) for net_tcp_server_data
    main.o(i.CH57xNET_HandleGlobalInt) refers to main.o(.bss) for net_tcp_server
    main.o(i.main) refers to ch57x_pwr.o(i.PWR_UnitModCfg) for PWR_UnitModCfg
    main.o(i.main) refers to ch57x_sys.o(i.mDelaymS) for mDelaymS
    main.o(i.main) refers to ch57x_clk.o(i.SetSysClock) for SetSysClock
    main.o(i.main) refers to uart.o(i.uart_init) for uart_init
    main.o(i.main) refers to net_init.o(i.net_init) for net_init
    main.o(i.main) refers to time.o(i.time0_init) for time0_init
    main.o(i.main) refers to data_forward.o(i.DataForward_Init) for DataForward_Init
    main.o(i.main) refers to net_tcp_server.o(i.net_tcp_server_close) for net_tcp_server_close
    main.o(i.main) refers to net_tcp_server.o(i.net_tcp_server_creat_socket) for net_tcp_server_creat_socket
    main.o(i.main) refers to ch57xsock.o(i.CH57xNET_MainTask) for CH57xNET_MainTask
    main.o(i.main) refers to ch57xsock.o(i.CH57xNET_QueryGlobalInt) for CH57xNET_QueryGlobalInt
    main.o(i.main) refers to main.o(i.CH57xNET_HandleGlobalInt) for CH57xNET_HandleGlobalInt
    main.o(i.main) refers to data_forward.o(i.DataForward_Process) for DataForward_Process
    main.o(i.main) refers to main.o(.bss) for net_tcp_server
    main.o(i.main) refers to main.o(i.tcp_server_recv_back) for tcp_server_recv_back
    main.o(i.main) refers to main.o(i.tcp_server_disconnected_back) for tcp_server_disconnected_back
    main.o(i.main) refers to main.o(i.tcp_server_connected_back) for tcp_server_connected_back
    main.o(i.tcp_server_connected_back) refers to main.o(.data) for socket1
    main.o(i.tcp_server_disconnected_back) refers to main.o(.data) for socket1
    main.o(i.tcp_server_recv_back) refers to data_forward.o(i.DataForward_RecvFromEth) for DataForward_RecvFromEth
    uart.o(i.UART0_IRQHandler) refers to data_forward.o(i.DataForward_ResetRecvState) for DataForward_ResetRecvState
    uart.o(i.UART0_IRQHandler) refers to data_forward.o(i.DataForward_RecvByte) for DataForward_RecvByte
    uart.o(i.UART0_IRQHandler) refers to data_forward.o(i.DataForward_FrameComplete) for DataForward_FrameComplete
    uart.o(i.UART0_IRQHandler) refers to ch57x_uart0.o(i.UART0_INTCfg) for UART0_INTCfg
    uart.o(i.UART1_IRQHandler) refers to data_forward.o(i.DataForward_ResetRecvState) for DataForward_ResetRecvState
    uart.o(i.UART1_IRQHandler) refers to data_forward.o(i.DataForward_RecvByte) for DataForward_RecvByte
    uart.o(i.UART1_IRQHandler) refers to data_forward.o(i.DataForward_FrameComplete) for DataForward_FrameComplete
    uart.o(i.UART1_IRQHandler) refers to ch57x_uart1.o(i.UART1_INTCfg) for UART1_INTCfg
    uart.o(i.UART2_IRQHandler) refers to data_forward.o(i.DataForward_ResetRecvState) for DataForward_ResetRecvState
    uart.o(i.UART2_IRQHandler) refers to data_forward.o(i.DataForward_RecvByte) for DataForward_RecvByte
    uart.o(i.UART2_IRQHandler) refers to data_forward.o(i.DataForward_FrameComplete) for DataForward_FrameComplete
    uart.o(i.UART2_IRQHandler) refers to ch57x_uart2.o(i.UART2_INTCfg) for UART2_INTCfg
    uart.o(i.UART3_IRQHandler) refers to data_forward.o(i.DataForward_ResetRecvState) for DataForward_ResetRecvState
    uart.o(i.UART3_IRQHandler) refers to data_forward.o(i.DataForward_RecvByte) for DataForward_RecvByte
    uart.o(i.UART3_IRQHandler) refers to data_forward.o(i.DataForward_FrameComplete) for DataForward_FrameComplete
    uart.o(i.UART3_IRQHandler) refers to ch57x_uart3.o(i.UART3_INTCfg) for UART3_INTCfg
    uart.o(i.fputc) refers to ch57x_uart1.o(i.UART1_INTCfg) for UART1_INTCfg
    uart.o(i.uart_init) refers to ch57x_gpio.o(i.GPIOPinRemap) for GPIOPinRemap
    uart.o(i.uart_init) refers to ch57x_gpio.o(i.GPIOA_ModeCfg) for GPIOA_ModeCfg
    uart.o(i.uart_init) refers to ch57x_uart0.o(i.UART0_DefInit) for UART0_DefInit
    uart.o(i.uart_init) refers to ch57x_uart0.o(i.UART0_INTCfg) for UART0_INTCfg
    uart.o(i.uart_init) refers to uart.o(i.NVIC_SetPriority) for NVIC_SetPriority
    uart.o(i.uart_init) refers to uart.o(i.NVIC_EnableIRQ) for NVIC_EnableIRQ
    uart.o(i.uart_init) refers to ch57x_uart1.o(i.UART1_DefInit) for UART1_DefInit
    uart.o(i.uart_init) refers to ch57x_uart1.o(i.UART1_INTCfg) for UART1_INTCfg
    uart.o(i.uart_init) refers to ch57x_uart2.o(i.UART2_DefInit) for UART2_DefInit
    uart.o(i.uart_init) refers to ch57x_uart2.o(i.UART2_INTCfg) for UART2_INTCfg
[...]
    ram                                      0x200000a8   Data           4  mem.o(.data)
    ram_end                                  0x200000ac   Data           4  mem.o(.data)
    lfree                                    0x200000b0   Data           4  mem.o(.data)
    .data                                    0x200000b4   Section       12  netif.o(.data)
    netifnum                                 0x200000b4   Data           1  netif.o(.data)
    .data                                    0x200000c0   Section       76  tcp.o(.data)
    tcp_timer                                0x200000c0   Data           1  tcp.o(.data)
    port                                     0x200000c2   Data           2  tcp.o(.data)
    iss                                      0x200000c4   Data           4  tcp.o(.data)
    .data                                    0x2000010c   Section        4  udp.o(.data)
    .data                                    0x20000110   Section        8  etharp.o(.data)
    etharp_cached_entry                      0x20000110   Data           1  etharp.o(.data)
    arp_table                                0x20000114   Data           4  etharp.o(.data)
    .data                                    0x20000118   Section       64  ethernetif.o(.data)
    MacRevcNull                              0x20000118   Data           1  ethernetif.o(.data)
    .data                                    0x20000158   Section        4  raw.o(.data)
    raw_pcbs                                 0x20000158   Data           4  raw.o(.data)
    .data                                    0x2000015c   Section       12  memp.o(.data)
    memp_memory                              0x20000164   Data           4  memp.o(.data)
    .data                                    0x20000168   Section       28  tcp_in.o(.data)
    flags                                    0x20000168   Data           1  tcp_in.o(.data)
    recv_flags                               0x20000169   Data           1  tcp_in.o(.data)
    tcplen                                   0x2000016a   Data           2  tcp_in.o(.data)
    tcphdr                                   0x2000016c   Data           4  tcp_in.o(.data)
    iphdr                                    0x20000170   Data           4  tcp_in.o(.data)
    seqno                                    0x20000174   Data           4  tcp_in.o(.data)
    ackno                                    0x20000178   Data           4  tcp_in.o(.data)
    recv_data                                0x2000017c   Data           4  tcp_in.o(.data)
    .data                                    0x20000184   Section       12  ip.o(.data)
    ip_id                                    0x20000184   Data           2  ip.o(.data)
    .data                                    0x20000190   Section        4  stdout.o(.data)
    .bss                                     0x20000194   Section     3866  main.o(.bss)
    .bss                                     0x200010b0   Section     7244  data_forward.o(.bss)
    .bss                                     0x20002d00   Section    12632  net_init.o(.bss)
    .bss                                     0x20005e58   Section      100  ch57xsock.o(.bss)
    .bss                                     0x20005ec0   Section     1916  ethernetif.o(.bss)
    .bss                                     0x2000663c   Section       10  ipcheck.o(.bss)
    .bss                                     0x20006648   Section      628  ch57xnet_nds.o(.bss)
    dns_table                                0x2000665c   Data         608  ch57xnet_nds.o(.bss)
    .bss                                     0x200068bc   Section       32  memp.o(.bss)
    memp_tab                                 0x200068bc   Data          32  memp.o(.bss)
    .bss                                     0x200068dc   Section       20  tcp_in.o(.bss)
    inseg                                    0x200068dc   Data          20  tcp_in.o(.bss)

    Global Symbols

    Symbol Name                              Value     Ov Type        Size  Object(Section)

    BuildAttributes$$THM_ISAv3M$S$PE$A:L22$X:L11$S22$IEEE1$IW$USESV6$~STKCKD$USESV7$~SHL$OSPACE$ROPI$EBA8$MICROLIB$REQ8$PRES8$EABIv2 0x00000000   Number         0  anon$$obj.o ABSOLUTE
    __ARM_use_no_argv                        0x00000000   Number         0  main.o ABSOLUTE
    __Vectors                                0x00000000   Data           4  startup_armcm0.o(RESET)
    _printf_a                                0x00000000   Number         0  stubs.o ABSOLUTE
    _printf_c                                0x00000000   Number         0  stubs.o ABSOLUTE
    _printf_charcount                        0x00000000   Number         0  stubs.o ABSOLUTE
    _printf_d                                0x00000000   Number         0  stubs.o ABSOLUTE
    _printf_e                                0x00000000   Number         0  stubs.o ABSOLUTE
    _printf_f                                0x00000000   Number         0  stubs.o ABSOLUTE
    _printf_flags                            0x00000000   Number         0  stubs.o ABSOLUTE
    _printf_fp_dec                           0x00000000   Number         0  stubs.o ABSOLUTE
    _printf_fp_hex                           0x00000000   Number         0  stubs.o ABSOLUTE
    _printf_g                                0x00000000   Number         0  stubs.o ABSOLUTE
    _printf_i                                0x00000000   Number         0  stubs.o ABSOLUTE
    _printf_int_dec                          0x00000000   Number         0  stubs.o ABSOLUTE
    _printf_l                                0x00000000   Number         0  stubs.o ABSOLUTE
    _printf_lc                               0x00000000   Number         0  stubs.o ABSOLUTE
    _printf_ll                               0x00000000   Number         0  stubs.o ABSOLUTE
    _printf_lld                              0x00000000   Number         0  stubs.o ABSOLUTE
    _printf_lli                              0x00000000   Number         0  stubs.o ABSOLUTE
    _printf_llo                              0x00000000   Number         0  stubs.o ABSOLUTE
    _printf_llu                              0x00000000   Number         0  stubs.o ABSOLUTE
    _printf_llx                              0x00000000   Number         0  stubs.o ABSOLUTE
    _printf_longlong_dec                     0x00000000   Number         0  stubs.o ABSOLUTE
    _printf_longlong_hex                     0x00000000   Number         0  stubs.o ABSOLUTE
    _printf_longlong_oct                     0x00000000   Number         0  stubs.o ABSOLUTE
    _printf_ls                               0x00000000   Number         0  stubs.o ABSOLUTE
    _printf_mbtowc                           0x00000000   Number         0  stubs.o ABSOLUTE
    _printf_n                                0x00000000   Number         0  stubs.o ABSOLUTE
    _printf_o                                0x00000000   Number         0  stubs.o ABSOLUTE
    _printf_p                                0x00000000   Number         0  stubs.o ABSOLUTE
    _printf_percent                          0x00000000   Number         0  stubs.o ABSOLUTE
    _printf_pre_padding                      0x00000000   Number         0  stubs.o ABSOLUTE
    _printf_return_value                     0x00000000   Number         0  stubs.o ABSOLUTE
    _printf_s                                0x00000000   Number         0  stubs.o ABSOLUTE
    _printf_sizespec                         0x00000000   Number         0  stubs.o ABSOLUTE
    _printf_str                              0x00000000   Number         0  stubs.o ABSOLUTE
    _printf_truncate_signed                  0x00000000   Number         0  stubs.o ABSOLUTE
    _printf_truncate_unsigned                0x00000000   Number         0  stubs.o ABSOLUTE
    _printf_u                                0x00000000   Number         0  stubs.o ABSOLUTE
    _printf_wc                               0x00000000   Number         0  stubs.o ABSOLUTE
    _printf_wctomb                           0x00000000   Number         0  stubs.o ABSOLUTE
    _printf_widthprec                        0x00000000   Number         0  stubs.o ABSOLUTE
    _printf_x                                0x00000000   Number         0  stubs.o ABSOLUTE
    __cpp_initialize__aeabi_                  - Undefined Weak Reference
    __cxa_finalize                            - Undefined Weak Reference
    _clock_init                               - Undefined Weak Reference
    _microlib_exit                            - Undefined Weak Reference
    __Vectors_End                            0x00000090   Data           0  startup_armcm0.o(RESET)
    __Vectors_Size                           0x00000090   Number         0  startup_armcm0.o ABSOLUTE
    __main                                   0x00000091   Thumb Code     0  entry.o(.ARM.Collect$$$$00000000)
    _main_stk                                0x00000091   Thumb Code     0  entry2.o(.ARM.Collect$$$$00000001)
    _main_scatterload                        0x00000095   Thumb Code     0  entry5.o(.ARM.Collect$$$$00000004)
    __main_after_scatterload                 0x00000099   Thumb Code     0  entry5.o(.ARM.Collect$$$$00000004)
    _main_clock                              0x00000099   Thumb Code     0  entry7b.o(.ARM.Collect$$$$00000008)
    _main_cpp_init                           0x00000099   Thumb Code     0  entry8b.o(.ARM.Collect$$$$0000000A)
    _main_init                               0x00000099   Thumb Code     0  entry9a.o(.ARM.Collect$$$$0000000B)
    __rt_final_cpp                           0x000000a1   Thumb Code     0  entry10a.o(.ARM.Collect$$$$0000000D)
    __rt_final_exit                          0x000000a1   Thumb Code     0  entry11a.o(.ARM.Collect$$$$0000000F)
    Reset_Handler                            0x000000a5   Thumb Code     8  startup_armcm0.o(.text)
    HardFault_Handler                        0x000000af   Thumb Code     0  startup_armcm0.o(.text)
    SVC_Handler                              0x000000af   Thumb Code     2  startup_armcm0.o(.text)
    PendSV_Handler                           0x000000b1   Thumb Code     2  startup_armcm0.o(.text)
    ADC_IRQHandler                           0x000000b5   Thumb Code     0  startup_armcm0.o(.text)
    BB_IRQHandler                            0x000000b5   Thumb Code     0  startup_armcm0.o(.text)
    GPIO_IRQHandler                          0x000000b5   Thumb Code     0  startup_armcm0.o(.text)
    LED_IRQHandler                           0x000000b5   Thumb Code     0  startup_armcm0.o(.text)
    LLE_IRQHandler                           0x000000b5   Thumb Code     0  startup_armcm0.o(.text)
    RTC_IRQHandler                           0x000000b5   Thumb Code     0  startup_armcm0.o(.text)
    SLAVE_IRQHandler                         0x000000b5   Thumb Code     0  startup_armcm0.o(.text)
    SPI0_IRQHandler                          0x000000b5   Thumb Code     0  startup_armcm0.o(.text)
    SPI1_IRQHandler                          0x000000b5   Thumb Code     0  startup_armcm0.o(.text)
    TMR1_IRQHandler                          0x000000b5   Thumb Code     0  startup_armcm0.o(.text)
    TMR2_IRQHandler                          0x000000b5   Thumb Code     0  startup_armcm0.o(.text)
    TMR3_IRQHandler                          0x000000b5   Thumb Code     0  startup_armcm0.o(.text)
    USB_IRQHandler                           0x000000b5   Thumb Code     0  startup_armcm0.o(.text)
    WDT_IRQHandler                           0x000000b5   Thumb Code     0  startup_armcm0.o(.text)
    __aeabi_uidiv                            0x000000c1   Thumb Code     0  uidiv.o(.text)
    __aeabi_uidivmod                         0x000000c1   Thumb Code    44  uidiv.o(.text)
    __aeabi_idiv                             0x000000ed   Thumb Code     0  idiv.o(.text)
    __aeabi_idivmod                          0x000000ed   Thumb Code    40  idiv.o(.text)
    __aeabi_memcpy                           0x00000115   Thumb Code    36  memcpya.o(.text)
    __aeabi_memcpy4                          0x00000115   Thumb Code     0  memcpya.o(.text)
    __aeabi_memcpy8                          0x00000115   Thumb Code     0  memcpya.o(.text)
    __aeabi_memset                           0x00000139   Thumb Code    14  memseta.o(.text)
    __aeabi_memset4                          0x00000139   Thumb Code     0  memseta.o(.text)
    __aeabi_memset8                          0x00000139   Thumb Code     0  memseta.o(.text)
    __aeabi_memclr                           0x00000147   Thumb Code     4  memseta.o(.text)
    __aeabi_memclr4                          0x00000147   Thumb Code     0  memseta.o(.text)
    __aeabi_memclr8                          0x00000147   Thumb Code     0  memseta.o(.text)
    _memset$wrapper                          0x0000014b   Thumb Code    18  memseta.o(.text)
    strcpy                                   0x0000015d   Thumb Code    18  strcpy.o(.text)
    __aeabi_uread4                           0x0000016f   Thumb Code    20  uread4.o(.text)
    __rt_uread4                              0x0000016f   Thumb Code     0  uread4.o(.text)
    _uread4                                  0x0000016f   Thumb Code     0  uread4.o(.text)
    __aeabi_uwrite4                          0x00000183   Thumb Code    18  uwrite4.o(.text)
    __rt_uwrite4                             0x00000183   Thumb Code     0  uwrite4.o(.text)
    _uwrite4                                 0x00000183   Thumb Code     0  uwrite4.o(.text)
    __aeabi_uldivmod                         0x00000195   Thumb Code    96  uldiv.o(.text)
    __scatterload                            0x000001f5   Thumb Code    28  init.o(.text)
    __scatterload_rt2                        0x000001f5   Thumb Code     0  init.o(.text)
    __aeabi_llsl                             0x00000219   Thumb Code    32  llshl.o(.text)
    _ll_shift_l                              0x00000219   Thumb Code     0  llshl.o(.text)
    __aeabi_llsr                             0x00000239   Thumb Code    34  llushr.o(.text)
    _ll_ushift_r                             0x00000239   Thumb Code     0  llushr.o(.text)
    __decompress                             0x0000025b   Thumb Code     0  __dczerorl2.o(.text)
    __decompress1                            0x0000025b   Thumb Code    86  __dczerorl2.o(.text)
    CH57xFileCorrectTCBPcb                   0x000002b1   Thumb Code    90  ch57xsock.o(i.CH57xFileCorrectTCBPcb)
    CH57xIPSetSocketRecvInit                 0x00000315   Thumb Code    46  ch57xsock.o(i.CH57xIPSetSocketRecvInit)
    CH57xMACRxSuccHandle                     0x0000034d   Thumb Code   106  ethernetif.o(i.CH57xMACRxSuccHandle)
    CH57xNET_ConfigKeepLive                  0x000003cd   Thumb Code    16  ch57xsock.o(i.CH57xNET_ConfigKeepLive)
    CH57xNET_ConfigLIB                       0x000003e1   Thumb Code    26  ch57xsock.o(i.CH57xNET_ConfigLIB)
    CH57xNET_ETHIsr                          0x00000401   Thumb Code     8  ch57xsock.o(i.CH57xNET_ETHIsr)
    CH57xNET_GetGlobalInt                    0x00000409   Thumb Code    14  ch57xsock.o(i.CH57xNET_GetGlobalInt)
    CH57xNET_GetPHYStatus                    0x0000041d   Thumb Code     8  ch57xsock.o(i.CH57xNET_GetPHYStatus)
    CH57xNET_GetSocketInt                    0x00000429   Thumb Code    26  ch57xsock.o(i.CH57xNET_GetSocketInt)
    CH57xNET_GetVer                          0x0000044d   Thumb Code     4  ch57xsock.o(i.CH57xNET_GetVer)
    CH57xNET_HandleGlobalInt                 0x00000451   Thumb Code    68  main.o(i.CH57xNET_HandleGlobalInt)
    CH57xNET_Init                            0x00000499   Thumb Code   258  ch57xsock.o(i.CH57xNET_Init)
    CH57xNET_LibInit                         0x000005cd   Thumb Code    84  net_init.o(i.CH57xNET_LibInit)
    CH57xNET_MainTask                        0x0000062d   Thumb Code    34  ch57xsock.o(i.CH57xNET_MainTask)
    CH57xNET_ModifyRecvBuf                   0x00000659   Thumb Code    52  ch57xsock.o(i.CH57xNET_ModifyRecvBuf)
    CH57xNET_QueryGlobalInt                  0x00000695   Thumb Code    48  ch57xsock.o(i.CH57xNET_QueryGlobalInt)
    CH57xNET_SocketClose                     0x000006d1   Thumb Code    74  ch57xsock.o(i.CH57xNET_SocketClose)
    CH57xNET_SocketCreat                     0x00000725   Thumb Code   370  ch57xsock.o(i.CH57xNET_SocketCreat)
    CH57xNET_SocketListen                    0x000008b9   Thumb Code    72  ch57xsock.o(i.CH57xNET_SocketListen)
    CH57xNET_SocketRecv                      0x00000909   Thumb Code   390  ch57xsock.o(i.CH57xNET_SocketRecv)
    CH57xNET_SocketRecvLen                   0x00000a99   Thumb Code    20  ch57xsock.o(i.CH57xNET_SocketRecvLen)
    CH57xNET_SocketSend                      0x00000ab1   Thumb Code    60  ch57xsock.o(i.CH57xNET_SocketSend)
    CH57xNET_SocketSetKeepLive               0x00000af1   Thumb Code    44  ch57xsock.o(i.CH57xNET_SocketSetKeepLive)
    CH57xNET_TimeIsr                         0x00000b21   Thumb Code    60  ch57xsock.o(i.CH57xNET_TimeIsr)
    CH57xScokedIntHandle                     0x00000b65   Thumb Code    72  ch57xsock.o(i.CH57xScokedIntHandle)
    CH57xSocketInit                          0x00000bad   Thumb Code    42  ch57xsock.o(i.CH57xSocketInit)
    CH57xSocketTCPReceive                    0x00000bdd   Thumb Code   258  ch57xsock.o(i.CH57xSocketTCPReceive)
    CH57xTCPError                            0x00000ce9   Thumb Code     2  ch57xsock.o(i.CH57xTCPError)
    CH57xTCPServerAccept                     0x00000ced   Thumb Code   128  ch57xsock.o(i.CH57xTCPServerAccept)
    CloseIPRAWConnect                        0x00000d85   Thumb Code    42  ch57xsock.o(i.CloseIPRAWConnect)
    CloseTcpPCB                              0x00000db5   Thumb Code    78  ch57xsock.o(i.CloseTcpPCB)
    CloseUpdConnect                          0x00000e09   Thumb Code    42  ch57xsock.o(i.CloseUpdConnect)
    DataForward_CanSend                      0x00000e39   Thumb Code    26  data_forward.o(i.DataForward_CanSend)
    DataForward_FrameComplete                0x00000f55   Thumb Code    64  data_forward.o(i.DataForward_FrameComplete)
    DataForward_GetPeerGroupMask             0x00000f9d   Thumb Code    56  data_forward.o(i.DataForward_GetPeerGroupMask)
    DataForward_GetPortGroup                 0x00000fdd   Thumb Code    36  data_forward.o(i.DataForward_GetPortGroup)
    DataForward_GetTick                      0x00001001   Thumb Code     6  data_forward.o(i.DataForward_GetTick)
    DataForward_Init                         0x0000100d   Thumb Code   112  data_forward.o(i.DataForward_Init)
    DataForward_Process                      0x000010a1   Thumb Code    62  data_forward.o(i.DataForward_Process)
    DataForward_RecvByte                     0x000010e9   Thumb Code    76  data_forward.o(i.DataForward_RecvByte)
    DataForward_RecvFromEth                  0x0000113d   Thumb Code   132  data_forward.o(i.DataForward_RecvFromEth)
    DataForward_ResetRecvState               0x000011c9   Thumb Code    44  data_forward.o(i.DataForward_ResetRecvState)
    DataForward_SendFrame                    0x000011fd   Thumb Code    96  data_forward.o(i.DataForward_SendFrame)
    DataForward_UpdateActivePort             0x00001369   Thumb Code    32  data_forward.o(i.DataForward_UpdateActivePort)
    ETHInit                                  0x00001391   Thumb Code   242  eth.o(i.ETHInit)
    ETHRec                                   0x0000149d   Thumb Code    88  eth.o(i.ETHRec)
    ETHSend                                  0x000014fd   Thumb Code    76  eth.o(i.ETHSend)
    ETH_IRQHandler                           0x00001559   Thumb Code     8  net_init.o(i.ETH_IRQHandler)
    ETH_IRQ_Deal                             0x00001561   Thumb Code   142  eth.o(i.ETH_IRQ_Deal)
    ErrorEncode                              0x00001609   Thumb Code    18  ch57xsock.o(i.ErrorEncode)
    GPIOA_ModeCfg                            0x00001621   Thumb Code   146  ch57x_gpio.o(i.GPIOA_ModeCfg)
    GPIOB_ModeCfg                            0x000016b9   Thumb Code   146  ch57x_gpio.o(i.GPIOB_ModeCfg)
    GPIOPinRemap                             0x00001751   Thumb Code    28  ch57x_gpio.o(i.GPIOPinRemap)
    GetMACAddress                            0x00001771   Thumb Code    24  ch57x_flash.o(i.GetMACAddress)
    GetMacAddr                               0x0000178d   Thumb Code    34  net_init.o(i.GetMacAddr)
    GetSysClock                              0x000017b1   Thumb Code    66  ch57x_clk.o(i.GetSysClock)
    IPCheckParaInit                          0x00001801   Thumb Code    30  ipcheck.o(i.IPCheckParaInit)
    IPCheckTmr                               0x00001829   Thumb Code    82  ipcheck.o(i.IPCheckTmr)
    IPConflictHandle                         0x00001881   Thumb Code    38  ipcheck.o(i.IPConflictHandle)
    InitCH57xMAC                             0x000018b1   Thumb Code    22  hal.o(i.InitCH57xMAC)
    LwIPPeriodicHandle                       0x000018d5   Thumb Code   204  ethernetif.o(i.LwIPPeriodicHandle)
    LwipArpCheck                             0x000019c1   Thumb Code     8  ch57xsock.o(i.LwipArpCheck)
    LwipRemoveTcpPcb                         0x000019cd   Thumb Code   104  ch57xsock.o(i.LwipRemoveTcpPcb)
    LwipTCPPollCallBack                      0x00001a3d   Thumb Code     4  ch57xsock.o(i.LwipTCPPollCallBack)
    LwipTCPSendCallBack                      0x00001a41   Thumb Code    54  ch57xsock.o(i.LwipTCPSendCallBack)
    LwipUnreachPort                          0x00001a79   Thumb Code    22  ch57xsock.o(i.LwipUnreachPort)
    MemShortCopy                             0x00001a95   Thumb Code    22  ch57xsock.o(i.MemShortCopy)
    NMI_Handler                              0x00001aad   Thumb Code   146  ch57x_int.o(i.NMI_Handler)
    PWR_UnitModCfg                           0x00001cc1   Thumb Code   154  ch57x_pwr.o(i.PWR_UnitModCfg)
    PowerMonitor                             0x00001d8d   Thumb Code    90  ch57x_pwr.o(i.PowerMonitor)
    QuaryEthRxDma                            0x00001ded   Thumb Code    74  ethernetif.o(i.QuaryEthRxDma)
    QueryPingEnable                          0x00001e59   Thumb Code     6  ch57xsock.o(i.QueryPingEnable)
    ReadPHYReg                               0x00001e65   Thumb Code    16  eth.o(i.ReadPHYReg)
    RemoveTimeWaiTCP                         0x00001e79   Thumb Code    52  tcp.o(i.RemoveTimeWaiTCP)
    SYS_ResetExecute                         0x00001eb1   Thumb Code    28  ch57x_sys.o(i.SYS_ResetExecute)
    SelIPARPSend                             0x00001ed1   Thumb Code    26  ipcheck.o(i.SelIPARPSend)
    SetSysClock                              0x00001ef1   Thumb Code   342  ch57x_clk.o(i.SetSysClock)
    SetupNetif                               0x00002051   Thumb Code   118  ethernetif.o(i.SetupNetif)
    SocketIPRAWReceive                       0x000020e5   Thumb Code   172  ch57xsock.o(i.SocketIPRAWReceive)
    SocketIPRawSend                          0x00002191   Thumb Code   194  ch57xsock.o(i.SocketIPRawSend)
    SocketTcpSend                            0x0000225d   Thumb Code   250  ch57xsock.o(i.SocketTcpSend)
    SocketUdpReceive                         0x00002361   Thumb Code   184  ch57xsock.o(i.SocketUdpReceive)
    SocketUdpSend                            0x00002419   Thumb Code   182  ch57xsock.o(i.SocketUdpSend)
    SysTick_Handler                          0x000024d9   Thumb Code    20  sys_tick.o(i.SysTick_Handler)
    SystemInit                               0x000024f1   Thumb Code    40  ch57x_clk.o(i.SystemInit)
    TMR0_IRQHandler                          0x0000251d   Thumb Code    96  time.o(i.TMR0_IRQHandler)
    TMR0_TimerInit                           0x00002589   Thumb Code    16  ch57x_timer0.o(i.TMR0_TimerInit)
    UART0_BaudRateCfg                        0x0000259d   Thumb Code    40  ch57x_uart0.o(i.UART0_BaudRateCfg)
    UART0_DefInit                            0x000025c9   Thumb Code    30  ch57x_uart0.o(i.UART0_DefInit)
    UART0_INTCfg                             0x000025ed   Thumb Code    40  ch57x_uart0.o(i.UART0_INTCfg)
    UART0_IRQHandler                         0x00002619   Thumb Code   100  uart.o(i.UART0_IRQHandler)
    UART1_BaudRateCfg                        0x00002681   Thumb Code    40  ch57x_uart1.o(i.UART1_BaudRateCfg)
    UART1_DefInit                            0x000026ad   Thumb Code    30  ch57x_uart1.o(i.UART1_DefInit)
    UART1_INTCfg                             0x000026d1   Thumb Code    40  ch57x_uart1.o(i.UART1_INTCfg)
    UART1_IRQHandler                         0x000026fd   Thumb Code   100  uart.o(i.UART1_IRQHandler)
    UART2_BaudRateCfg                        0x00002765   Thumb Code    40  ch57x_uart2.o(i.UART2_BaudRateCfg)
    UART2_DefInit                            0x00002791   Thumb Code    30  ch57x_uart2.o(i.UART2_DefInit)
    UART2_INTCfg                             0x000027b5   Thumb Code    40  ch57x_uart2.o(i.UART2_INTCfg)
    UART2_IRQHandler                         0x000027e1   Thumb Code   100  uart.o(i.UART2_IRQHandler)
    UART3_BaudRateCfg                        0x00002849   Thumb Code    40  ch57x_uart3.o(i.UART3_BaudRateCfg)
    UART3_DefInit                            0x00002875   Thumb Code    30  ch57x_uart3.o(i.UART3_DefInit)
    UART3_INTCfg                             0x00002899   Thumb Code    40  ch57x_uart3.o(i.UART3_INTCfg)
    UART3_IRQHandler                         0x000028c5   Thumb Code   100  uart.o(i.UART3_IRQHandler)
    __0printf$8                              0x0000292d   Thumb Code    24  printf8.o(i.__0printf$8)
    __1printf$8                              0x0000292d   Thumb Code     0  printf8.o(i.__0printf$8)
    __2printf                                0x0000292d   Thumb Code     0  printf8.o(i.__0printf$8)
    __ARM_common_switch8                     0x0000294d   Thumb Code    26  tcp.o(i.__ARM_common_switch8)
    __scatterload_copy                       0x00002967   Thumb Code    14  handlers.o(i.__scatterload_copy)
    __scatterload_null                       0x00002975   Thumb Code     2  handlers.o(i.__scatterload_null)
    __scatterload_zeroinit                   0x00002977   Thumb Code    14  handlers.o(i.__scatterload_zeroinit)
    dhcp_arp_reply                           0x00002df9   Thumb Code    38  ch57xnet_dhcp.o(i.dhcp_arp_reply)
    etharp_arp_input                         0x00003155   Thumb Code   302  etharp.o(i.etharp_arp_input)
    etharp_ip_input                          0x00003291   Thumb Code    44  etharp.o(i.etharp_ip_input)
    etharp_output                            0x000032bd   Thumb Code   198  etharp.o(i.etharp_output)
    etharp_query                             0x00003389   Thumb Code   170  etharp.o(i.etharp_query)
    etharp_request                           0x000034f1   Thumb Code    32  etharp.o(i.etharp_request)
    etharp_tmr                               0x00003549   Thumb Code    62  etharp.o(i.etharp_tmr)
    ethernet_input                           0x00003591   Thumb Code    94  etharp.o(i.ethernet_input)
    ethernetif_init                          0x000035f5   Thumb Code    54  ethernetif.o(i.ethernetif_init)
    ethernetif_input                         0x00003639   Thumb Code    94  ethernetif.o(i.ethernetif_input)
    fputc                                    0x000037b9   Thumb Code    20  uart.o(i.fputc)
    htonl                                    0x000037cd   Thumb Code     4  inet.o(i.htonl)
    htons                                    0x000037d1   Thumb Code     4  inet.o(i.htons)
    icmp_dest_unreach                        0x000037d5   Thumb Code    12  icmp.o(i.icmp_dest_unreach)
    icmp_input                               0x000037e1   Thumb Code   494  icmp.o(i.icmp_input)
    inet_chksum                              0x00003a3f   Thumb Code    12  inet_chksum.o(i.inet_chksum)
    inet_chksum_pbuf                         0x00003a4b   Thumb Code    62  inet_chksum.o(i.inet_chksum_pbuf)
    inet_chksum_pseudo                       0x00003a89   Thumb Code   120  inet_chksum.o(i.inet_chksum_pseudo)
    ip_addr_isbroadcast                      0x00003b01   Thumb Code    58  ip_addr.o(i.ip_addr_isbroadcast)
    ip_frag                                  0x00003b3b   Thumb Code   346  ip_frag.o(i.ip_frag)
    ip_input                                 0x00003c95   Thumb Code   572  ip.o(i.ip_input)
    ip_output                                0x00003ee1   Thumb Code    50  ip.o(i.ip_output)
    ip_output_if                             0x00003f15   Thumb Code   262  ip.o(i.ip_output_if)
    ip_route                                 0x00004021   Thumb Code    74  ip.o(i.ip_route)
    low_level_init                           0x00004075   Thumb Code   146  ethernetif.o(i.low_level_init)
    lwip_init                                0x000042ad   Thumb Code    22  init.o(i.lwip_init)
    mDelaymS                                 0x00004305   Thumb Code    26  ch57x_sys.o(i.mDelaymS)
    mDelayuS                                 0x0000431f   Thumb Code    34  ch57x_sys.o(i.mDelayuS)
    main                                     0x00004341   Thumb Code    88  main.o(i.main)
    mem_free                                 0x000043ad   Thumb Code    40  mem.o(i.mem_free)
    mem_init                                 0x000043d9   Thumb Code    68  mem.o(i.mem_init)
    mem_malloc                               0x00004429   Thumb Code   168  mem.o(i.mem_malloc)
    mem_realloc                              0x000044dd   Thumb Code   204  mem.o(i.mem_realloc)
    memp_free                                0x000045b5   Thumb Code    16  memp.o(i.memp_free)
    memp_init                                0x000045c9   Thumb Code    70  memp.o(i.memp_init)
    memp_malloc                              0x00004619   Thumb Code    24  memp.o(i.memp_malloc)
    net_dns_loop                             0x00004635   Thumb Code    58  net_dns.o(i.net_dns_loop)
    net_dns_socket_close                     0x00004681   Thumb Code    34  net_dns.o(i.net_dns_socket_close)
    net_init                                 0x000046a9   Thumb Code    68  net_init.o(i.net_init)
    net_initkeeplive                         0x00004719   Thumb Code    22  net_init.o(i.net_initkeeplive)
    net_tcp_server_close                     0x00004735   Thumb Code    20  net_tcp_server.o(i.net_tcp_server_close)
    net_tcp_server_creat_socket              0x00004749   Thumb Code   146  net_tcp_server.o(i.net_tcp_server_creat_socket)
    net_tcp_server_data                      0x00004805   Thumb Code   260  net_tcp_server.o(i.net_tcp_server_data)
    net_tcp_server_send                      0x00004915   Thumb Code    72  net_tcp_server.o(i.net_tcp_server_send)
    netif_add                                0x00004975   Thumb Code    68  netif.o(i.netif_add)
    netif_is_up                              0x000049bd   Thumb Code    10  netif.o(i.netif_is_up)
    netif_set_addr                           0x000049c7   Thumb Code    30  netif.o(i.netif_set_addr)
    netif_set_default                        0x000049e5   Thumb Code     6  netif.o(i.netif_set_default)
    netif_set_gw                             0x000049f1   Thumb Code    22  netif.o(i.netif_set_gw)
    netif_set_ipaddr                         0x00004a09   Thumb Code   124  netif.o(i.netif_set_ipaddr)
    netif_set_netmask                        0x00004a8d   Thumb Code    22  netif.o(i.netif_set_netmask)
    ntohl                                    0x00004aa3   Thumb Code     4  inet.o(i.ntohl)
    ntohs                                    0x00004aa7   Thumb Code     4  inet.o(i.ntohs)
    pbuf_alloc                               0x00004aad   Thumb Code   270  pbuf.o(i.pbuf_alloc)
    pbuf_cat                                 0x00004bc1   Thumb Code    40  pbuf.o(i.pbuf_cat)
    pbuf_chain                               0x00004be9   Thumb Code    16  pbuf.o(i.pbuf_chain)
    pbuf_clen                                0x00004bf9   Thumb Code    18  pbuf.o(i.pbuf_clen)
    pbuf_copy                                0x00004c0b   Thumb Code   148  pbuf.o(i.pbuf_copy)
    pbuf_free                                0x00004c9f   Thumb Code    68  pbuf.o(i.pbuf_free)
    pbuf_header                              0x00004ce3   Thumb Code   102  pbuf.o(i.pbuf_header)
    pbuf_realloc                             0x00004d49   Thumb Code    82  pbuf.o(i.pbuf_realloc)
    pbuf_ref                                 0x00004d9b   Thumb Code    12  pbuf.o(i.pbuf_ref)
    phy_change                               0x00004da9   Thumb Code    18  ch57xsock.o(i.phy_change)
    raw_bind                                 0x00004e19   Thumb Code    24  raw.o(i.raw_bind)
    raw_connect                              0x00004e31   Thumb Code    24  raw.o(i.raw_connect)
    raw_input                                0x00004e49   Thumb Code   110  raw.o(i.raw_input)
    raw_new                                  0x00004ebd   Thumb Code    38  raw.o(i.raw_new)
    raw_recv                                 0x00004ee9   Thumb Code     6  raw.o(i.raw_recv)
    raw_remove                               0x00004ef1   Thumb Code    46  raw.o(i.raw_remove)
    raw_send                                 0x00004f25   Thumb Code    10  raw.o(i.raw_send)
    raw_sendto                               0x00004f2f   Thumb Code   146  raw.o(i.raw_sendto)
    tcp_abandon                              0x00004fc1   Thumb Code   164  tcp.o(i.tcp_abandon)
    tcp_accept                               0x00005069   Thumb Code     4  tcp.o(i.tcp_accept)
    tcp_alloc                                0x00005075   Thumb Code   260  tcp.o(i.tcp_alloc)
    tcp_arg                                  0x00005189   Thumb Code     4  tcp.o(i.tcp_arg)
    tcp_bind                                 0x0000518d   Thumb Code   248  tcp.o(i.tcp_bind)
    tcp_close                                0x00005289   Thumb Code   176  tcp.o(i.tcp_close)
    tcp_eff_send_mss                         0x0000533d   Thumb Code    36  tcp.o(i.tcp_eff_send_mss)
    tcp_enqueue                              0x00005361   Thumb Code   970  tcp_out.o(i.tcp_enqueue)
    tcp_err                                  0x00005739   Thumb Code     6  tcp.o(i.tcp_err)
    tcp_fasttmr                              0x00005741   Thumb Code    98  tcp.o(i.tcp_fasttmr)
    tcp_input                                0x000057a9   Thumb Code   956  tcp_in.o(i.tcp_input)
    tcp_keepalive                            0x00005b79   Thumb Code    90  tcp_out.o(i.tcp_keepalive)
    tcp_listen_with_backlog                  0x00005cd1   Thumb Code   124  tcp.o(i.tcp_listen_with_backlog)
    tcp_new                                  0x00005d55   Thumb Code    10  tcp.o(i.tcp_new)
    tcp_next_iss                             0x00005dbd   Thumb Code    12  tcp.o(i.tcp_next_iss)
    tcp_output                               0x00005e81   Thumb Code   508  tcp_out.o(i.tcp_output)
    tcp_pcb_purge                            0x000062a5   Thumb Code    68  tcp.o(i.tcp_pcb_purge)
    tcp_pcb_remove                           0x000062e9   Thumb Code    86  tcp.o(i.tcp_pcb_remove)
    tcp_poll                                 0x00006345   Thumb Code    10  tcp.o(i.tcp_poll)
    tcp_recv                                 0x00006dc1   Thumb Code     6  tcp.o(i.tcp_recv)
    tcp_recv_null                            0x00006dc7   Thumb Code    36  tcp.o(i.tcp_recv_null)
    tcp_recved                               0x00006ded   Thumb Code    56  tcp.o(i.tcp_recved)
    tcp_recved_CH57x                         0x00006e29   Thumb Code    10  ch57xsock.o(i.tcp_recved_CH57x)
    tcp_recved_socket                        0x00006e33   Thumb Code    38  ch57xsock.o(i.tcp_recved_socket)
    tcp_rexmit                               0x00006e59   Thumb Code    80  tcp_out.o(i.tcp_rexmit)
    tcp_rexmit_fast                          0x00006ea9   Thumb Code    78  tcp_out.o(i.tcp_rexmit_fast)
    tcp_rexmit_rto                           0x00006ef7   Thumb Code    48  tcp_out.o(i.tcp_rexmit_rto)
    tcp_rst                                  0x00006f29   Thumb Code   216  tcp_out.o(i.tcp_rst)
    tcp_seg_copy                             0x00007009   Thumb Code    36  tcp.o(i.tcp_seg_copy)
    tcp_seg_free                             0x0000702d   Thumb Code    34  tcp.o(i.tcp_seg_free)
    tcp_segs_free                            0x0000704f   Thumb Code    26  tcp.o(i.tcp_segs_free)
    tcp_send_ctrl                            0x00007069   Thumb Code    22  tcp_out.o(i.tcp_send_ctrl)
    tcp_send_empty_ack                       0x0000707f   Thumb Code   110  tcp_out.o(i.tcp_send_empty_ack)
    tcp_sent                                 0x000070ed   Thumb Code     6  tcp.o(i.tcp_sent)
    tcp_server_connected_back                0x000070f5   Thumb Code    56  main.o(i.tcp_server_connected_back)
    tcp_server_disconnected_back             0x0000713d   Thumb Code   106  main.o(i.tcp_server_disconnected_back)
    tcp_server_recv_back                     0x000071b9   Thumb Code    18  main.o(i.tcp_server_recv_back)
    tcp_slowtmr                              0x000071cd   Thumb Code   608  tcp.o(i.tcp_slowtmr)
    tcp_tmr                                  0x000074b5   Thumb Code    24  tcp.o(i.tcp_tmr)
    tcp_update_rcv_ann_wnd                   0x000074d1   Thumb Code    54  tcp.o(i.tcp_update_rcv_ann_wnd)
    tcp_write                                0x0000750d   Thumb Code    48  tcp_out.o(i.tcp_write)
    tcp_zero_window_probe                    0x0000753d   Thumb Code   186  tcp_out.o(i.tcp_zero_window_probe)
    time0_init                               0x000075fd   Thumb Code    44  time.o(i.time0_init)
    uart_init                                0x00007631   Thumb Code   252  uart.o(i.uart_init)
    uart_send_byte                           0x00007731   Thumb Code    46  uart.o(i.uart_send_byte)
    udp_bind                                 0x00007771   Thumb Code   148  udp.o(i.udp_bind)
    udp_connect                              0x0000780d   Thumb Code   130  udp.o(i.udp_connect)
    udp_input                                0x00007895   Thumb Code   538  udp.o(i.udp_input)
    udp_new                                  0x00007ab9   Thumb Code    26  udp.o(i.udp_new)
    udp_recv                                 0x00007ad3   Thumb Code     6  udp.o(i.udp_recv)
    udp_remove                               0x00007ad9   Thumb Code    46  udp.o(i.udp_remove)
    udp_send                                 0x00007b0d   Thumb Code    12  udp.o(i.udp_send)
    udp_sendto                               0x00007b19   Thumb Code    42  udp.o(i.udp_sendto)
    udp_sendto_if                            0x00007b43   Thumb Code   234  udp.o(i.udp_sendto_if)
    ErrTable                                 0x00007cbc   Data          16  ch57xsock.o(.constdata)
    tcp_persist_backoff                      0x00007ccc   Data           7  tcp.o(.constdata)
    tcp_backoff                              0x00007cd3   Data          20  tcp.o(.constdata)
    ip_addr_any                              0x00007ce7   Data           4  ip_addr.o(.constdata)
    ip_addr_broadcast                        0x00007ceb   Data           4  ip_addr.o(.constdata)
    ethbroadcast                             0x00007cef   Data           6  etharp.o(.constdata)
    ethzero                                  0x00007cf5   Data           6  etharp.o(.constdata)
    Region$$Table$$Base                      0x00007d74   Number         0  anon$$obj.o(Region$$Table)
    Region$$Table$$Limit                     0x00007d94   Number         0  anon$$obj.o(Region$$Table)
    main_len                                 0x20000000   Data           4  main.o(.data)
    main_str                                 0x20000004   Data           4  main.o(.data)
    socket1                                  0x20000008   Data           4  main.o(.data)
    socket2                                  0x2000000c   Data           4  main.o(.data)
    socket3                                  0x20000010   Data           4  main.o(.data)
    socket4                                  0x20000014   Data           4  main.o(.data)
    client_ip                                0x20000018   Data           4  main.o(.data)
    timer0_value                             0x2000001c   Data           4  time.o(.data)
    SysTickTimer                             0x20000020   Data           8  sys_tick.o(.data)
    g_lastSendTime                           0x20000028   Data           4  data_forward.o(.data)
    g_sendPending                            0x2000002c   Data           1  data_forward.o(.data)
    g_groupA_ActivePort                      0x2000002d   Data           1  data_forward.o(.data)
    g_groupB_ActivePort                      0x2000002e   Data           1  data_forward.o(.data)
    MemNum                                   0x20000030   Data          16  net_init.o(.data)
    MemSize                                  0x20000040   Data          16  net_init.o(.data)
    MACAddr                                  0x20000050   Data           6  net_init.o(.data)
    IPAddr                                   0x20000056   Data           4  net_init.o(.data)
    GWIPAddr                                 0x2000005a   Data           4  net_init.o(.data)
    IPMask                                   0x2000005e   Data           4  net_init.o(.data)
    CH57xNET_LEDCONN                         0x20000062   Data           2  net_init.o(.data)
    CH57xNET_LEDDATA                         0x20000064   Data           2  net_init.o(.data)
    net_dns_socket_index                     0x20000068   Data           1  net_dns.o(.data)
    dns_server_ip                            0x20000069   Data           4  net_dns.o(.data)
    dns_server_port                          0x2000006e   Data           2  net_dns.o(.data)
    dns_local_port                           0x20000070   Data           2  net_dns.o(.data)
    nds_msg_id                               0x20000072   Data           2  net_dns.o(.data)
    net_dns_ip_copy                          0x20000074   Data           4  net_dns.o(.data)
    net_dns_start                            0x20000078   Data           1  net_dns.o(.data)
    net_dns_time_out_cnt                     0x2000007c   Data           4  net_dns.o(.data)
    socket_client_t                          0x20000080   Data           8  net_tcp_server.o(.data)
    DHCPFlag                                 0x20000088   Data           1  ch57xnet_dhcp.o(.data)
    PHYFLAG                                  0x20000090   Data           1  ch57xsock.o(.data)
    physflag                                 0x20000091   Data           1  ch57xsock.o(.data)
    RxQueueEntries                           0x20000092   Data           1  ch57xsock.o(.data)
    TxQueueEntries                           0x20000093   Data           1  ch57xsock.o(.data)
    PingEnable                               0x20000094   Data           1  ch57xsock.o(.data)
    SocketNum                                0x20000095   Data           1  ch57xsock.o(.data)
    phytime                                  0x20000096   Data           2  ch57xsock.o(.data)
    CH57xNETConfig                           0x20000098   Data           4  ch57xsock.o(.data)
    tcppackt                                 0x2000009c   Data           4  ch57xsock.o(.data)
    SuccessPackets                           0x200000a0   Data           4  eth.o(.data)
    netif_list                               0x200000b8   Data           4  netif.o(.data)
    netif_default                            0x200000bc   Data           4  netif.o(.data)
    tcp_ticks                                0x200000c8   Data           4  tcp.o(.data)
    tcp_bound_pcbs                           0x200000cc   Data           4  tcp.o(.data)
    tcp_listen_pcbs                          0x200000d0   Data           4  tcp.o(.data)
    tcp_active_pcbs                          0x200000d4   Data           4  tcp.o(.data)
    tcp_tw_pcbs                              0x200000d8   Data           4  tcp.o(.data)
    tcp_tmp_pcb                              0x200000dc   Data           4  tcp.o(.data)
    tcp_state_str                            0x200000e0   Data          44  tcp.o(.data)
    udp_pcbs                                 0x2000010c   Data           4  udp.o(.data)
    DataLED                                  0x20000119   Data           1  ethernetif.o(.data)
    LocalTime                                0x2000011c   Data           4  ethernetif.o(.data)
    TCPTimer                                 0x20000120   Data           4  ethernetif.o(.data)
    ARPTimer                                 0x20000124   Data           4  ethernetif.o(.data)
    DHCPfineTimer                            0x20000128   Data           4  ethernetif.o(.data)
    DHCPcoarseTimer                          0x2000012c   Data           4  ethernetif.o(.data)
    DHCPTestTimer                            0x20000130   Data           4  ethernetif.o(.data)
    DNSTimer                                 0x20000134   Data           4  ethernetif.o(.data)
    CH57xMACAddr                             0x20000138   Data           4  ethernetif.o(.data)
    CH57xIPAddr                              0x2000013c   Data           4  ethernetif.o(.data)
    CH57xGWIPAddr                            0x20000140   Data           4  ethernetif.o(.data)
    CH57xIPMask                              0x20000144   Data           4  ethernetif.o(.data)
    TX_BUF_ADDR                              0x20000148   Data           4  ethernetif.o(.data)
    TX_DESC_ADDR                             0x2000014c   Data           4  ethernetif.o(.data)
    RX_BUF_ADDR                              0x20000150   Data           4  ethernetif.o(.data)
    RX_DESC_ADDR                             0x20000154   Data           4  ethernetif.o(.data)
    memp_sizes                               0x2000015c   Data           4  memp.o(.data)
    memp_num                                 0x20000160   Data           4  memp.o(.data)
    tcp_input_pcb                            0x20000180   Data           4  tcp_in.o(.data)
    current_netif                            0x20000188   Data           4  ip.o(.data)
    current_header                           0x2000018c   Data           4  ip.o(.data)
    __stdout                                 0x20000190   Data           4  stdout.o(.data)
    RxBuffer                                 0x20000194   Data          64  main.o(.bss)
    TxBuffer                                 0x200001d4   Data          64  main.o(.bss)
    main_buffer                              0x20000214   Data        1024  main.o(.bss)
    net_tcp_server                           0x20000614   Data        2704  main.o(.bss)
    TcpMybuf                                 0x200010a4   Data          10  main.o(.bss)
    g_frameQueue                             0x200010b0   Data        3100  data_forward.o(.bss)
    g_recvState                              0x20001ccc   Data        4144  data_forward.o(.bss)
    SocketInf                                0x20002d00   Data         240  net_init.o(.bss)
    CH57xMACRxDesBuf                         0x20002df0   Data          64  net_init.o(.bss)
    CH57xMACRxBuf                            0x20002e30   Data        2400  net_init.o(.bss)
    Memp_Memory                              0x20003790   Data        5147  net_init.o(.bss)
    Mem_Heap_Memory                          0x20004bac   Data        4620  net_init.o(.bss)
    Mem_ArpTable                             0x20005db8   Data         160  net_init.o(.bss)
    CH57xInf                                 0x20005e58   Data          68  ch57xsock.o(.bss)
    CH57xCfg                                 0x20005e9c   Data          20  ch57xsock.o(.bss)
    KeepLiveCfg                              0x20005eb0   Data          12  ch57xsock.o(.bss)
    DHCPCtrl                                 0x20005ec0   Data          24  ethernetif.o(.bss)
    CH57xNetIf                               0x20005ed8   Data          56  ethernetif.o(.bss)
    CH57xMACTxDesBuf                         0x20005f10   Data          32  ethernetif.o(.bss)
    CH57xMACTxBuf                            0x20005f30   Data        1536  ethernetif.o(.bss)
    dhcp_host_name                           0x20006530   Data          50  ethernetif.o(.bss)
    RxCtrl                                   0x20006564   Data         196  ethernetif.o(.bss)
    TXCtrl                                   0x20006628   Data          20  ethernetif.o(.bss)
    SelARP                                   0x2000663c   Data          10  ipcheck.o(.bss)
    DNSInf                                   0x20006648   Data          20  ch57xnet_nds.o(.bss)
    __initial_sp                             0x20008000   Number         0  startup_armcm0.o ABSOLUTE



==============================================================================

Memory Map of the image

  Image Entry point : 0x00000091

  Load Region LR_IROM1 (Base: 0x00000000, Size: 0x00007f28, Max: 0x0003e800, ABSOLUTE, COMPRESSED[0x00007e1c])

    Execution Region ER_IROM1 (Exec base: 0x00000000, Load base: 0x00000000, Size: 0x00007d94, Max: 0x0003e800, ABSOLUTE)

    Exec Addr    Load Addr    Size         Type   Attr      Idx    E Section Name        Object

    0x00000000   0x00000000   0x00000090   Data   RO         1846    RESET               startup_armcm0.o
    0x00000090   0x00000090   0x00000000   Code   RO         2878  * .ARM.Collect$$$$00000000  mc_p.l(entry.o)
    0x00000090   0x00000090   0x00000004   Code   RO         3166    .ARM.Collect$$$$00000001  mc_p.l(entry2.o)
    0x00000094   0x00000094   0x00000004   Code   RO         3169    .ARM.Collect$$$$00000004  mc_p.l(entry5.o)
    0x00000098   0x00000098   0x00000000   Code   RO         3171    .ARM.Collect$$$$00000008  mc_p.l(entry7b.o)
    0x00000098   0x00000098   0x00000000   Code   RO         3173    .ARM.Collect$$$$0000000A  mc_p.l(entry8b.o)
    0x00000098   0x00000098   0x00000008   Code   RO         3174    .ARM.Collect$$$$0000000B  mc_p.l(entry9a.o)
    0x000000a0   0x000000a0   0x00000000   Code   RO         3176    .ARM.Collect$$$$0000000D  mc_p.l(entry10a.o)
    0x000000a0   0x000000a0   0x00000000   Code   RO         3178    .ARM.Collect$$$$0000000F  mc_p.l(entry11a.o)
    0x000000a0   0x000000a0   0x00000004   Code   RO         3167    .ARM.Collect$$$$00002712  mc_p.l(entry2.o)
    0x000000a4   0x000000a4   0x0000001c   Code   RO         1847    .text               startup_armcm0.o
    0x000000c0   0x000000c0   0x0000002c   Code   RO         2881    .text               mc_p.l(uidiv.o)
    0x000000ec   0x000000ec   0x00000028   Code   RO         2883    .text               mc_p.l(idiv.o)
    0x00000114   0x00000114   0x00000024   Code   RO         2885    .text               mc_p.l(memcpya.o)
    0x00000138   0x00000138   0x00000024   Code   RO         2887    .text               mc_p.l(memseta.o)
    0x0000015c   0x0000015c   0x00000012   Code   RO         2897    .text               mc_p.l(strcpy.o)
    0x0000016e   0x0000016e   0x00000014   Code   RO         3162    .text               mc_p.l(uread4.o)
    0x00000182   0x00000182   0x00000012   Code   RO         3164    .text               mc_p.l(uwrite4.o)
    0x00000194   0x00000194   0x00000060   Code   RO         3181    .text               mc_p.l(uldiv.o)
    0x000001f4   0x000001f4   0x00000024   Code   RO         3194    .text               mc_p.l(init.o)
    0x00000218   0x00000218   0x00000020   Code   RO         3196    .text               mc_p.l(llshl.o)
    0x00000238   0x00000238   0x00000022   Code   RO         3198    .text               mc_p.l(llushr.o)
    0x0000025a   0x0000025a   0x00000056   Code   RO         3213    .text               mc_p.l(__dczerorl2.o)
    0x000002b0   0x000002b0   0x00000064   Code   RO         2377    i.CH57xFileCorrectTCBPcb  CH57xNET.LIB(ch57xsock.o)
    0x00000314   0x00000314   0x00000038   Code   RO         2379    i.CH57xIPSetSocketRecvInit  CH57xNET.LIB(ch57xsock.o)
    0x0000034c   0x0000034c   0x00000080   Code   RO         2746    i.CH57xMACRxSuccHandle  CH57xNET.LIB(ethernetif.o)
    0x000003cc   0x000003cc   0x00000014   Code   RO         2381    i.CH57xNET_ConfigKeepLive  CH57xNET.LIB(ch57xsock.o)
    0x000003e0   0x000003e0   0x00000020   Code   RO         2382    i.CH57xNET_ConfigLIB  CH57xNET.LIB(ch57xsock.o)
    0x00000400   0x00000400   0x00000008   Code   RO         2383    i.CH57xNET_ETHIsr   CH57xNET.LIB(ch57xsock.o)
    0x00000408   0x00000408   0x00000014   Code   RO         2384    i.CH57xNET_GetGlobalInt  CH57xNET.LIB(ch57xsock.o)
    0x0000041c   0x0000041c   0x0000000c   Code   RO         2385    i.CH57xNET_GetPHYStatus  CH57xNET.LIB(ch57xsock.o)
    0x00000428   0x00000428   0x00000024   Code   RO         2386    i.CH57xNET_GetSocketInt  CH57xNET.LIB(ch57xsock.o)
    0x0000044c   0x0000044c   0x00000004   Code   RO         2387    i.CH57xNET_GetVer   CH57xNET.LIB(ch57xsock.o)
    0x00000450   0x00000450   0x00000048   Code   RO            3    i.CH57xNET_HandleGlobalInt  main.o
    0x00000498   0x00000498   0x00000134   Code   RO         2388    i.CH57xNET_Init     CH57xNET.LIB(ch57xsock.o)
    0x000005cc   0x000005cc   0x00000060   Code   RO         2004    i.CH57xNET_LibInit  net_init.o
    0x0000062c   0x0000062c   0x0000002c   Code   RO         2389    i.CH57xNET_MainTask  CH57xNET.LIB(ch57xsock.o)
    0x00000658   0x00000658   0x0000003c   Code   RO         2390    i.CH57xNET_ModifyRecvBuf  CH57xNET.LIB(ch57xsock.o)
    0x00000694   0x00000694   0x0000003c   Code   RO         2394    i.CH57xNET_QueryGlobalInt  CH57xNET.LIB(ch57xsock.o)
    0x000006d0   0x000006d0   0x00000054   Code   RO         2398    i.CH57xNET_SocketClose  CH57xNET.LIB(ch57xsock.o)
    0x00000724   0x00000724   0x00000194   Code   RO         2400    i.CH57xNET_SocketCreat  CH57xNET.LIB(ch57xsock.o)
    0x000008b8   0x000008b8   0x00000050   Code   RO         2401    i.CH57xNET_SocketListen  CH57xNET.LIB(ch57xsock.o)
    0x00000908   0x00000908   0x00000190   Code   RO         2402    i.CH57xNET_SocketRecv  CH57xNET.LIB(ch57xsock.o)
    0x00000a98   0x00000a98   0x00000018   Code   RO         2403    i.CH57xNET_SocketRecvLen  CH57xNET.LIB(ch57xsock.o)
    0x00000ab0   0x00000ab0   0x00000040   Code   RO         2404    i.CH57xNET_SocketSend  CH57xNET.LIB(ch57xsock.o)
    0x00000af0   0x00000af0   0x00000030   Code   RO         2405    i.CH57xNET_SocketSetKeepLive  CH57xNET.LIB(ch57xsock.o)
    0x00000b20   0x00000b20   0x00000044   Code   RO         2407    i.CH57xNET_TimeIsr  CH57xNET.LIB(ch57xsock.o)
    0x00000b64   0x00000b64   0x00000048   Code   RO         2408    i.CH57xScokedIntHandle  CH57xNET.LIB(ch57xsock.o)
    0x00000bac   0x00000bac   0x00000030   Code   RO         2409    i.CH57xSocketInit   CH57xNET.LIB(ch57xsock.o)
    0x00000bdc   0x00000bdc   0x0000010c   Code   RO         2410    i.CH57xSocketTCPReceive  CH57xNET.LIB(ch57xsock.o)
    0x00000ce8   0x00000ce8   0x00000002   Code   RO         2412    i.CH57xTCPError     CH57xNET.LIB(ch57xsock.o)
    0x00000cea   0x00000cea   0x00000002   PAD
    0x00000cec   0x00000cec   0x00000098   Code   RO         2413    i.CH57xTCPServerAccept  CH57xNET.LIB(ch57xsock.o)
    0x00000d84   0x00000d84   0x00000030   Code   RO         2414    i.CloseIPRAWConnect  CH57xNET.LIB(ch57xsock.o)
    0x00000db4   0x00000db4   0x00000054   Code   RO         2415    i.CloseTcpPCB       CH57xNET.LIB(ch57xsock.o)
    0x00000e08   0x00000e08   0x00000030   Code   RO         2416    i.CloseUpdConnect   CH57xNET.LIB(ch57xsock.o)
    0x00000e38   0x00000e38   0x00000020   Code   RO          378    i.DataForward_CanSend  data_forward.o
    0x00000e58   0x00000e58   0x00000050   Code   RO          379    i.DataForward_DequeueFrame  data_forward.o
    0x00000ea8   0x00000ea8   0x000000ac   Code   RO          380    i.DataForward_EnqueueFrame  data_forward.o
    0x00000f54   0x00000f54   0x00000048   Code   RO          381    i.DataForward_FrameComplete  data_forward.o
    0x00000f9c   0x00000f9c   0x00000040   Code   RO          383    i.DataForward_GetPeerGroupMask  data_forward.o
    0x00000fdc   0x00000fdc   0x00000024   Code   RO          384    i.DataForward_GetPortGroup  data_forward.o
    0x00001000   0x00001000   0x0000000c   Code   RO          385    i.DataForward_GetTick  data_forward.o
    0x0000100c   0x0000100c   0x00000094   Code   RO          386    i.DataForward_Init  data_forward.o
    0x000010a0   0x000010a0   0x00000048   Code   RO          387    i.DataForward_Process  data_forward.o
    0x000010e8   0x000010e8   0x00000054   Code   RO          388    i.DataForward_RecvByte  data_forward.o
    0x0000113c   0x0000113c   0x0000008c   Code   RO          389    i.DataForward_RecvFromEth  data_forward.o
    0x000011c8   0x000011c8   0x00000034   Code   RO          390    i.DataForward_ResetRecvState  data_forward.o
    0x000011fc   0x000011fc   0x00000060   Code   RO          391    i.DataForward_SendFrame  data_forward.o
    0x0000125c   0x0000125c   0x0000010c   Code   RO          392    i.DataForward_SendFrameToPort  data_forward.o
    0x00001368   0x00001368   0x00000028   Code   RO          394    i.DataForward_UpdateActivePort  data_forward.o
    0x00001390   0x00001390   0x0000010c   Code   RO         2500    i.ETHInit           CH57xNET.LIB(eth.o)
    0x0000149c   0x0000149c   0x00000060   Code   RO         2501    i.ETHRec            CH57xNET.LIB(eth.o)
    0x000014fc   0x000014fc   0x0000005c   Code   RO         2502    i.ETHSend           CH57xNET.LIB(eth.o)
    0x00001558   0x00001558   0x00000008   Code   RO         2005    i.ETH_IRQHandler    net_init.o
    0x00001560   0x00001560   0x000000a8   Code   RO         2503    i.ETH_IRQ_Deal      CH57xNET.LIB(eth.o)
    0x00001608   0x00001608   0x00000018   Code   RO         2417    i.ErrorEncode       CH57xNET.LIB(ch57xsock.o)
    0x00001620   0x00001620   0x00000098   Code   RO          757    i.GPIOA_ModeCfg     ch57x_gpio.o
    0x000016b8   0x000016b8   0x00000098   Code   RO          759    i.GPIOB_ModeCfg     ch57x_gpio.o
    0x00001750   0x00001750   0x00000020   Code   RO          760    i.GPIOPinRemap      ch57x_gpio.o
    0x00001770   0x00001770   0x0000001c   Code   RO          711    i.GetMACAddress     ch57x_flash.o
    0x0000178c   0x0000178c   0x00000022   Code   RO         2006    i.GetMacAddr        net_init.o
    0x000017ae   0x000017ae   0x00000002   PAD
    0x000017b0   0x000017b0   0x00000050   Code   RO          581    i.GetSysClock       ch57x_clk.o
    0x00001800   0x00001800   0x00000028   Code   RO         2792    i.IPCheckParaInit   CH57xNET.LIB(ipcheck.o)
    0x00001828   0x00001828   0x00000058   Code   RO         2793    i.IPCheckTmr        CH57xNET.LIB(ipcheck.o)
    0x00001880   0x00001880   0x00000030   Code   RO         2794    i.IPConflictHandle  CH57xNET.LIB(ipcheck.o)
    0x000018b0   0x000018b0   0x00000024   Code   RO         2789    i.InitCH57xMAC      CH57xNET.LIB(hal.o)
    0x000018d4   0x000018d4   0x000000ec   Code   RO         2748    i.LwIPPeriodicHandle  CH57xNET.LIB(ethernetif.o)
    0x000019c0   0x000019c0   0x0000000c   Code   RO         2418    i.LwipArpCheck      CH57xNET.LIB(ch57xsock.o)
    0x000019cc   0x000019cc   0x00000070   Code   RO         2419    i.LwipRemoveTcpPcb  CH57xNET.LIB(ch57xsock.o)
    0x00001a3c   0x00001a3c   0x00000004   Code   RO         2420    i.LwipTCPPollCallBack  CH57xNET.LIB(ch57xsock.o)
    0x00001a40   0x00001a40   0x00000036   Code   RO         2421    i.LwipTCPSendCallBack  CH57xNET.LIB(ch57xsock.o)
    0x00001a76   0x00001a76   0x00000002   PAD
    0x00001a78   0x00001a78   0x0000001c   Code   RO         2423    i.LwipUnreachPort   CH57xNET.LIB(ch57xsock.o)
    0x00001a94   0x00001a94   0x00000016   Code   RO         2424    i.MemShortCopy      CH57xNET.LIB(ch57xsock.o)
    0x00001aaa   0x00001aaa   0x00000002   PAD
    0x00001aac   0x00001aac   0x00000098   Code   RO          809    i.NMI_Handler       ch57x_int.o
    0x00001b44   0x00001b44   0x00000014   Code   RO          169    i.NVIC_EnableIRQ    uart.o
    0x00001b58   0x00001b58   0x00000078   Code   RO          170    i.NVIC_SetPriority  uart.o
    0x00001bd0   0x00001bd0   0x00000078   Code   RO          258    i.NVIC_SetPriority  time.o
    0x00001c48   0x00001c48   0x00000078   Code   RO         2007    i.NVIC_SetPriority  net_init.o
    0x00001cc0   0x00001cc0   0x000000a0   Code   RO          906    i.PWR_UnitModCfg    ch57x_pwr.o
    0x00001d60   0x00001d60   0x0000002a   Code   RO          395    i.PortToMask        data_forward.o
    0x00001d8a   0x00001d8a   0x00000002   PAD
    0x00001d8c   0x00001d8c   0x00000060   Code   RO          907    i.PowerMonitor      ch57x_pwr.o
    0x00001dec   0x00001dec   0x0000006c   Code   RO         2749    i.QuaryEthRxDma     CH57xNET.LIB(ethernetif.o)
    0x00001e58   0x00001e58   0x0000000c   Code   RO         2425    i.QueryPingEnable   CH57xNET.LIB(ch57xsock.o)
    0x00001e64   0x00001e64   0x00000014   Code   RO         2506    i.ReadPHYReg        CH57xNET.LIB(eth.o)
    0x00001e78   0x00001e78   0x00000038   Code   RO         2582    i.RemoveTimeWaiTCP  CH57xNET.LIB(tcp.o)
    0x00001eb0   0x00001eb0   0x00000020   Code   RO         1127    i.SYS_ResetExecute  ch57x_sys.o
    0x00001ed0   0x00001ed0   0x00000020   Code   RO         2795    i.SelIPARPSend      CH57xNET.LIB(ipcheck.o)
    0x00001ef0   0x00001ef0   0x00000160   Code   RO          597    i.SetSysClock       ch57x_clk.o
    0x00002050   0x00002050   0x00000094   Code   RO         2750    i.SetupNetif        CH57xNET.LIB(ethernetif.o)
    0x000020e4   0x000020e4   0x000000ac   Code   RO         2426    i.SocketIPRAWReceive  CH57xNET.LIB(ch57xsock.o)
    0x00002190   0x00002190   0x000000cc   Code   RO         2427    i.SocketIPRawSend   CH57xNET.LIB(ch57xsock.o)
    0x0000225c   0x0000225c   0x00000104   Code   RO         2428    i.SocketTcpSend     CH57xNET.LIB(ch57xsock.o)
    0x00002360   0x00002360   0x000000b8   Code   RO         2429    i.SocketUdpReceive  CH57xNET.LIB(ch57xsock.o)
    0x00002418   0x00002418   0x000000c0   Code   RO         2430    i.SocketUdpSend     CH57xNET.LIB(ch57xsock.o)
    0x000024d8   0x000024d8   0x00000018   Code   RO          332    i.SysTick_Handler   sys_tick.o
    0x000024f0   0x000024f0   0x0000002c   Code   RO          598    i.SystemInit        ch57x_clk.o
    0x0000251c   0x0000251c   0x0000006c   Code   RO          259    i.TMR0_IRQHandler   time.o
    0x00002588   0x00002588   0x00000014   Code   RO         1201    i.TMR0_TimerInit    ch57x_timer0.o
    0x0000259c   0x0000259c   0x0000002c   Code   RO         1385    i.UART0_BaudRateCfg  ch57x_uart0.o
    0x000025c8   0x000025c8   0x00000024   Code   RO         1387    i.UART0_DefInit     ch57x_uart0.o
    0x000025ec   0x000025ec   0x0000002c   Code   RO         1388    i.UART0_INTCfg      ch57x_uart0.o
    0x00002618   0x00002618   0x00000068   Code   RO          171    i.UART0_IRQHandler  uart.o
    0x00002680   0x00002680   0x0000002c   Code   RO         1441    i.UART1_BaudRateCfg  ch57x_uart1.o
    0x000026ac   0x000026ac   0x00000024   Code   RO         1443    i.UART1_DefInit     ch57x_uart1.o
    0x000026d0   0x000026d0   0x0000002c   Code   RO         1444    i.UART1_INTCfg      ch57x_uart1.o
    0x000026fc   0x000026fc   0x00000068   Code   RO          172    i.UART1_IRQHandler  uart.o
    0x00002764   0x00002764   0x0000002c   Code   RO         1497    i.UART2_BaudRateCfg  ch57x_uart2.o
    0x00002790   0x00002790   0x00000024   Code   RO         1499    i.UART2_DefInit     ch57x_uart2.o
    0x000027b4   0x000027b4   0x0000002c   Code   RO         1500    i.UART2_INTCfg      ch57x_uart2.o
    0x000027e0   0x000027e0   0x00000068   Code   RO          173    i.UART2_IRQHandler  uart.o
    0x00002848   0x00002848   0x0000002c   Code   RO         1553    i.UART3_BaudRateCfg  ch57x_uart3.o
    0x00002874   0x00002874   0x00000024   Code   RO         1555    i.UART3_DefInit     ch57x_uart3.o
    0x00002898   0x00002898   0x0000002c   Code   RO         1556    i.UART3_INTCfg      ch57x_uart3.o
    0x000028c4   0x000028c4   0x00000068   Code   RO          174    i.UART3_IRQHandler  uart.o
    0x0000292c   0x0000292c   0x00000020   Code   RO         3108    i.__0printf$8       mc_p.l(printf8.o)
    0x0000294c   0x0000294c   0x0000001a   Code   RO         2648    i.__ARM_common_switch8  CH57xNET.LIB(tcp.o)
    0x00002966   0x00002966   0x0000000e   Code   RO         3207    i.__scatterload_copy  mc_p.l(handlers.o)
    0x00002974   0x00002974   0x00000002   Code   RO         3208    i.__scatterload_null  mc_p.l(handlers.o)
    0x00002976   0x00002976   0x0000000e   Code   RO         3209    i.__scatterload_zeroinit  mc_p.l(handlers.o)
    0x00002984   0x00002984   0x00000428   Code   RO         3115    i._printf_core      mc_p.l(printf8.o)
    0x00002dac   0x00002dac   0x00000020   Code   RO         3116    i._printf_post_padding  mc_p.l(printf8.o)
    0x00002dcc   0x00002dcc   0x0000002c   Code   RO         3117    i._printf_pre_padding  mc_p.l(printf8.o)
    0x00002df8   0x00002df8   0x00000026   Code   RO         2308    i.dhcp_arp_reply    CH57xNET.LIB(ch57xnet_dhcp.o)
    0x00002e1e   0x00002e1e   0x00000002   PAD
    0x00002e20   0x00002e20   0x00000134   Code   RO         2312    i.dhcp_create_request  CH57xNET.LIB(ch57xnet_dhcp.o)
    0x00002f54   0x00002f54   0x000000bc   Code   RO         2313    i.dhcp_decline      CH57xNET.LIB(ch57xnet_dhcp.o)
    0x00003010   0x00003010   0x0000001e   Code   RO         2314    i.dhcp_delete_request  CH57xNET.LIB(ch57xnet_dhcp.o)
    0x0000302e   0x0000302e   0x00000020   Code   RO         2323    i.dhcp_option       CH57xNET.LIB(ch57xnet_dhcp.o)
    0x0000304e   0x0000304e   0x00000010   Code   RO         2324    i.dhcp_option_byte  CH57xNET.LIB(ch57xnet_dhcp.o)
    0x0000305e   0x0000305e   0x00000042   Code   RO         2325    i.dhcp_option_long  CH57xNET.LIB(ch57xnet_dhcp.o)
    0x000030a0   0x000030a0   0x00000074   Code   RO         2326    i.dhcp_option_mac   CH57xNET.LIB(ch57xnet_dhcp.o)
    0x00003114   0x00003114   0x00000030   Code   RO         2328    i.dhcp_option_trailer  CH57xNET.LIB(ch57xnet_dhcp.o)
    0x00003144   0x00003144   0x0000000e   Code   RO         2335    i.dhcp_set_state    CH57xNET.LIB(ch57xnet_dhcp.o)
    0x00003152   0x00003152   0x00000002   PAD
    0x00003154   0x00003154   0x0000013c   Code   RO         2717    i.etharp_arp_input  CH57xNET.LIB(etharp.o)
    0x00003290   0x00003290   0x0000002c   Code   RO         2719    i.etharp_ip_input   CH57xNET.LIB(etharp.o)
    0x000032bc   0x000032bc   0x000000cc   Code   RO         2720    i.etharp_output     CH57xNET.LIB(etharp.o)
    0x00003388   0x00003388   0x000000b0   Code   RO         2721    i.etharp_query      CH57xNET.LIB(etharp.o)
    0x00003438   0x00003438   0x000000b8   Code   RO         2722    i.etharp_raw        CH57xNET.LIB(etharp.o)
    0x000034f0   0x000034f0   0x00000024   Code   RO         2723    i.etharp_request    CH57xNET.LIB(etharp.o)
    0x00003514   0x00003514   0x00000034   Code   RO         2724    i.etharp_send_ip    CH57xNET.LIB(etharp.o)
    0x00003548   0x00003548   0x00000048   Code   RO         2725    i.etharp_tmr        CH57xNET.LIB(etharp.o)
    0x00003590   0x00003590   0x00000064   Code   RO         2726    i.ethernet_input    CH57xNET.LIB(etharp.o)
    0x000035f4   0x000035f4   0x00000044   Code   RO         2751    i.ethernetif_init   CH57xNET.LIB(ethernetif.o)
    0x00003638   0x00003638   0x00000070   Code   RO         2752    i.ethernetif_input  CH57xNET.LIB(ethernetif.o)
    0x000036a8   0x000036a8   0x00000110   Code   RO         2727    i.find_entry        CH57xNET.LIB(etharp.o)
    0x000037b8   0x000037b8   0x00000014   Code   RO          175    i.fputc             uart.o
    0x000037cc   0x000037cc   0x00000004   Code   RO         2697    i.htonl             CH57xNET.LIB(inet.o)
    0x000037d0   0x000037d0   0x00000004   Code   RO         2698    i.htons             CH57xNET.LIB(inet.o)
    0x000037d4   0x000037d4   0x0000000c   Code   RO         2853    i.icmp_dest_unreach  CH57xNET.LIB(icmp.o)
    0x000037e0   0x000037e0   0x000001f4   Code   RO         2854    i.icmp_input        CH57xNET.LIB(icmp.o)
    0x000039d4   0x000039d4   0x0000006a   Code   RO         2855    i.icmp_send_response  CH57xNET.LIB(icmp.o)
    0x00003a3e   0x00003a3e   0x0000000c   Code   RO         2868    i.inet_chksum       CH57xNET.LIB(inet_chksum.o)
    0x00003a4a   0x00003a4a   0x0000003e   Code   RO         2869    i.inet_chksum_pbuf  CH57xNET.LIB(inet_chksum.o)
    0x00003a88   0x00003a88   0x00000078   Code   RO         2870    i.inet_chksum_pseudo  CH57xNET.LIB(inet_chksum.o)
    0x00003b00   0x00003b00   0x0000003a   Code   RO         2712    i.ip_addr_isbroadcast  CH57xNET.LIB(ip_addr.o)
    0x00003b3a   0x00003b3a   0x0000015a   Code   RO         2876    i.ip_frag           CH57xNET.LIB(ip_frag.o)
    0x00003c94   0x00003c94   0x0000024c   Code   RO         2859    i.ip_input          CH57xNET.LIB(ip.o)
    0x00003ee0   0x00003ee0   0x00000032   Code   RO         2860    i.ip_output         CH57xNET.LIB(ip.o)
    0x00003f12   0x00003f12   0x00000002   PAD
    0x00003f14   0x00003f14   0x0000010c   Code   RO         2861    i.ip_output_if      CH57xNET.LIB(ip.o)
    0x00004020   0x00004020   0x00000054   Code   RO         2862    i.ip_route          CH57xNET.LIB(ip.o)
    0x00004074   0x00004074   0x000000bc   Code   RO         2753    i.low_level_init    CH57xNET.LIB(ethernetif.o)
    0x00004130   0x00004130   0x000000d8   Code   RO         2754    i.low_level_input   CH57xNET.LIB(ethernetif.o)
    0x00004208   0x00004208   0x000000a4   Code   RO         2755    i.low_level_output  CH57xNET.LIB(ethernetif.o)
    0x000042ac   0x000042ac   0x0000001c   Code   RO         2827    i.lwip_init         CH57xNET.LIB(init.o)
    0x000042c8   0x000042c8   0x0000003c   Code   RO         2871    i.lwip_standard_chksum  CH57xNET.LIB(inet_chksum.o)
    0x00004304   0x00004304   0x0000001a   Code   RO         1131    i.mDelaymS          ch57x_sys.o
    0x0000431e   0x0000431e   0x00000022   Code   RO         1132    i.mDelayuS          ch57x_sys.o
    0x00004340   0x00004340   0x0000006c   Code   RO            4    i.main              main.o
    0x000043ac   0x000043ac   0x0000002c   Code   RO         2521    i.mem_free          CH57xNET.LIB(mem.o)
    0x000043d8   0x000043d8   0x00000050   Code   RO         2522    i.mem_init          CH57xNET.LIB(mem.o)
    0x00004428   0x00004428   0x000000b4   Code   RO         2523    i.mem_malloc        CH57xNET.LIB(mem.o)
    0x000044dc   0x000044dc   0x000000d8   Code   RO         2524    i.mem_realloc       CH57xNET.LIB(mem.o)
    0x000045b4   0x000045b4   0x00000014   Code   RO         2829    i.memp_free         CH57xNET.LIB(memp.o)
    0x000045c8   0x000045c8   0x00000050   Code   RO         2830    i.memp_init         CH57xNET.LIB(memp.o)
    0x00004618   0x00004618   0x0000001c   Code   RO         2831    i.memp_malloc       CH57xNET.LIB(memp.o)
    0x00004634   0x00004634   0x0000004c   Code   RO         2094    i.net_dns_loop      net_dns.o
    0x00004680   0x00004680   0x00000028   Code   RO         2102    i.net_dns_socket_close  net_dns.o
    0x000046a8   0x000046a8   0x00000070   Code   RO         2008    i.net_init          net_init.o
    0x00004718   0x00004718   0x0000001c   Code   RO         2009    i.net_initkeeplive  net_init.o
    0x00004734   0x00004734   0x00000014   Code   RO         2256    i.net_tcp_server_close  net_tcp_server.o
    0x00004748   0x00004748   0x000000bc   Code   RO         2257    i.net_tcp_server_creat_socket  net_tcp_server.o
    0x00004804   0x00004804   0x00000110   Code   RO         2258    i.net_tcp_server_data  net_tcp_server.o
    0x00004914   0x00004914   0x00000060   Code   RO         2259    i.net_tcp_server_send  net_tcp_server.o
    0x00004974   0x00004974   0x00000048   Code   RO         2533    i.netif_add         CH57xNET.LIB(netif.o)
    0x000049bc   0x000049bc   0x0000000a   Code   RO         2535    i.netif_is_up       CH57xNET.LIB(netif.o)
    0x000049c6   0x000049c6   0x0000001e   Code   RO         2537    i.netif_set_addr    CH57xNET.LIB(netif.o)
    0x000049e4   0x000049e4   0x0000000c   Code   RO         2538    i.netif_set_default  CH57xNET.LIB(netif.o)
    0x000049f0   0x000049f0   0x00000016   Code   RO         2540    i.netif_set_gw      CH57xNET.LIB(netif.o)
    0x00004a06   0x00004a06   0x00000002   PAD
    0x00004a08   0x00004a08   0x00000084   Code   RO         2541    i.netif_set_ipaddr  CH57xNET.LIB(netif.o)
    0x00004a8c   0x00004a8c   0x00000016   Code   RO         2542    i.netif_set_netmask  CH57xNET.LIB(netif.o)
    0x00004aa2   0x00004aa2   0x00000004   Code   RO         2702    i.ntohl             CH57xNET.LIB(inet.o)
    0x00004aa6   0x00004aa6   0x00000004   Code   RO         2703    i.ntohs             CH57xNET.LIB(inet.o)
    0x00004aaa   0x00004aaa   0x00000002   PAD
    0x00004aac   0x00004aac   0x00000114   Code   RO         2556    i.pbuf_alloc        CH57xNET.LIB(pbuf.o)
    0x00004bc0   0x00004bc0   0x00000028   Code   RO         2557    i.pbuf_cat          CH57xNET.LIB(pbuf.o)
    0x00004be8   0x00004be8   0x00000010   Code   RO         2558    i.pbuf_chain        CH57xNET.LIB(pbuf.o)
    0x00004bf8   0x00004bf8   0x00000012   Code   RO         2559    i.pbuf_clen         CH57xNET.LIB(pbuf.o)
    0x00004c0a   0x00004c0a   0x00000094   Code   RO         2561    i.pbuf_copy         CH57xNET.LIB(pbuf.o)
    0x00004c9e   0x00004c9e   0x00000044   Code   RO         2564    i.pbuf_free         CH57xNET.LIB(pbuf.o)
    0x00004ce2   0x00004ce2   0x00000066   Code   RO         2565    i.pbuf_header       CH57xNET.LIB(pbuf.o)
    0x00004d48   0x00004d48   0x00000052   Code   RO         2566    i.pbuf_realloc      CH57xNET.LIB(pbuf.o)
    0x00004d9a   0x00004d9a   0x0000000c   Code   RO         2567    i.pbuf_ref          CH57xNET.LIB(pbuf.o)
    0x00004da6   0x00004da6   0x00000002   PAD
    0x00004da8   0x00004da8   0x0000001c   Code   RO         2432    i.phy_change        CH57xNET.LIB(ch57xsock.o)
    0x00004dc4   0x00004dc4   0x00000054   Code   RO         2525    i.plug_holes        CH57xNET.LIB(mem.o)
    0x00004e18   0x00004e18   0x00000018   Code   RO         2771    i.raw_bind          CH57xNET.LIB(raw.o)
    0x00004e30   0x00004e30   0x00000018   Code   RO         2772    i.raw_connect       CH57xNET.LIB(raw.o)
    0x00004e48   0x00004e48   0x00000074   Code   RO         2773    i.raw_input         CH57xNET.LIB(raw.o)
    0x00004ebc   0x00004ebc   0x0000002c   Code   RO         2774    i.raw_new           CH57xNET.LIB(raw.o)
    0x00004ee8   0x00004ee8   0x00000006   Code   RO         2775    i.raw_recv          CH57xNET.LIB(raw.o)
    0x00004eee   0x00004eee   0x00000002   PAD
    0x00004ef0   0x00004ef0   0x00000034   Code   RO         2776    i.raw_remove        CH57xNET.LIB(raw.o)
    0x00004f24   0x00004f24   0x0000000a   Code   RO         2777    i.raw_send          CH57xNET.LIB(raw.o)
    0x00004f2e   0x00004f2e   0x00000092   Code   RO         2778    i.raw_sendto        CH57xNET.LIB(raw.o)
    0x00004fc0   0x00004fc0   0x000000a8   Code   RO         2583    i.tcp_abandon       CH57xNET.LIB(tcp.o)
    0x00005068   0x00005068   0x00000004   Code   RO         2584    i.tcp_accept        CH57xNET.LIB(tcp.o)
    0x0000506c   0x0000506c   0x00000006   Code   RO         2585    i.tcp_accept_null   CH57xNET.LIB(tcp.o)
    0x00005072   0x00005072   0x00000002   PAD
    0x00005074   0x00005074   0x00000114   Code   RO         2586    i.tcp_alloc         CH57xNET.LIB(tcp.o)
    0x00005188   0x00005188   0x00000004   Code   RO         2587    i.tcp_arg           CH57xNET.LIB(tcp.o)
    0x0000518c   0x0000518c   0x000000fc   Code   RO         2588    i.tcp_bind          CH57xNET.LIB(tcp.o)
    0x00005288   0x00005288   0x000000b4   Code   RO         2589    i.tcp_close         CH57xNET.LIB(tcp.o)
    0x0000533c   0x0000533c   0x00000024   Code   RO         2592    i.tcp_eff_send_mss  CH57xNET.LIB(tcp.o)
    0x00005360   0x00005360   0x000003d8   Code   RO         2650    i.tcp_enqueue       CH57xNET.LIB(tcp_out.o)
    0x00005738   0x00005738   0x00000006   Code   RO         2593    i.tcp_err           CH57xNET.LIB(tcp.o)
    0x0000573e   0x0000573e   0x00000002   PAD
    0x00005740   0x00005740   0x00000068   Code   RO         2594    i.tcp_fasttmr       CH57xNET.LIB(tcp.o)
    0x000057a8   0x000057a8   0x000003d0   Code   RO         2837    i.tcp_input         CH57xNET.LIB(tcp_in.o)
    0x00005b78   0x00005b78   0x0000005a   Code   RO         2651    i.tcp_keepalive     CH57xNET.LIB(tcp_out.o)
    0x00005bd2   0x00005bd2   0x00000002   PAD
    0x00005bd4   0x00005bd4   0x000000fc   Code   RO         2838    i.tcp_listen_input  CH57xNET.LIB(tcp_in.o)
    0x00005cd0   0x00005cd0   0x00000084   Code   RO         2595    i.tcp_listen_with_backlog  CH57xNET.LIB(tcp.o)
    0x00005d54   0x00005d54   0x0000000a   Code   RO         2596    i.tcp_new           CH57xNET.LIB(tcp.o)
    0x00005d5e   0x00005d5e   0x00000002   PAD
    0x00005d60   0x00005d60   0x0000005c   Code   RO         2597    i.tcp_new_port      CH57xNET.LIB(tcp.o)
    0x00005dbc   0x00005dbc   0x00000010   Code   RO         2598    i.tcp_next_iss      CH57xNET.LIB(tcp.o)
    0x00005dcc   0x00005dcc   0x000000b4   Code   RO         2839    i.tcp_oos_insert_segment  CH57xNET.LIB(tcp_in.o)
    0x00005e80   0x00005e80   0x00000200   Code   RO         2652    i.tcp_output        CH57xNET.LIB(tcp_out.o)
    0x00006080   0x00006080   0x000000e8   Code   RO         2653    i.tcp_output_segment  CH57xNET.LIB(tcp_out.o)
    0x00006168   0x00006168   0x000000b0   Code   RO         2654    i.tcp_output_set_header  CH57xNET.LIB(tcp_out.o)
    0x00006218   0x00006218   0x0000008c   Code   RO         2840    i.tcp_parseopt      CH57xNET.LIB(tcp_in.o)
    0x000062a4   0x000062a4   0x00000044   Code   RO         2599    i.tcp_pcb_purge     CH57xNET.LIB(tcp.o)
    0x000062e8   0x000062e8   0x0000005c   Code   RO         2600    i.tcp_pcb_remove    CH57xNET.LIB(tcp.o)
    0x00006344   0x00006344   0x0000000a   Code   RO         2601    i.tcp_poll          CH57xNET.LIB(tcp.o)
    0x0000634e   0x0000634e   0x00000002   PAD
    0x00006350   0x00006350   0x0000033c   Code   RO         2841    i.tcp_process       CH57xNET.LIB(tcp_in.o)
    0x0000668c   0x0000668c   0x00000734   Code   RO         2842    i.tcp_receive       CH57xNET.LIB(tcp_in.o)
    0x00006dc0   0x00006dc0   0x00000006   Code   RO         2602    i.tcp_recv          CH57xNET.LIB(tcp.o)
    0x00006dc6   0x00006dc6   0x00000024   Code   RO         2603    i.tcp_recv_null     CH57xNET.LIB(tcp.o)
    0x00006dea   0x00006dea   0x00000002   PAD
    0x00006dec   0x00006dec   0x0000003c   Code   RO         2604    i.tcp_recved        CH57xNET.LIB(tcp.o)
    0x00006e28   0x00006e28   0x0000000a   Code   RO         2433    i.tcp_recved_CH57x  CH57xNET.LIB(ch57xsock.o)
    0x00006e32   0x00006e32   0x00000026   Code   RO         2434    i.tcp_recved_socket  CH57xNET.LIB(ch57xsock.o)
    0x00006e58   0x00006e58   0x00000050   Code   RO         2655    i.tcp_rexmit        CH57xNET.LIB(tcp_out.o)
    0x00006ea8   0x00006ea8   0x0000004e   Code   RO         2656    i.tcp_rexmit_fast   CH57xNET.LIB(tcp_out.o)
    0x00006ef6   0x00006ef6   0x00000030   Code   RO         2657    i.tcp_rexmit_rto    CH57xNET.LIB(tcp_out.o)
    0x00006f26   0x00006f26   0x00000002   PAD
    0x00006f28   0x00006f28   0x000000e0   Code   RO         2658    i.tcp_rst           CH57xNET.LIB(tcp_out.o)
    0x00007008   0x00007008   0x00000024   Code   RO         2605    i.tcp_seg_copy      CH57xNET.LIB(tcp.o)
    0x0000702c   0x0000702c   0x00000022   Code   RO         2606    i.tcp_seg_free      CH57xNET.LIB(tcp.o)
    0x0000704e   0x0000704e   0x0000001a   Code   RO         2607    i.tcp_segs_free     CH57xNET.LIB(tcp.o)
    0x00007068   0x00007068   0x00000016   Code   RO         2659    i.tcp_send_ctrl     CH57xNET.LIB(tcp_out.o)
    0x0000707e   0x0000707e   0x0000006e   Code   RO         2660    i.tcp_send_empty_ack  CH57xNET.LIB(tcp_out.o)
    0x000070ec   0x000070ec   0x00000006   Code   RO         2608    i.tcp_sent          CH57xNET.LIB(tcp.o)
    0x000070f2   0x000070f2   0x00000002   PAD
    0x000070f4   0x000070f4   0x00000048   Code   RO            5    i.tcp_server_connected_back  main.o
    0x0000713c   0x0000713c   0x0000007c   Code   RO            6    i.tcp_server_disconnected_back  main.o
    0x000071b8   0x000071b8   0x00000012   Code   RO            7    i.tcp_server_recv_back  main.o
    0x000071ca   0x000071ca   0x00000002   PAD
    0x000071cc   0x000071cc   0x00000270   Code   RO         2610    i.tcp_slowtmr       CH57xNET.LIB(tcp.o)
    0x0000743c   0x0000743c   0x00000078   Code   RO         2843    i.tcp_timewait_input  CH57xNET.LIB(tcp_in.o)
    0x000074b4   0x000074b4   0x0000001c   Code   RO         2611    i.tcp_tmr           CH57xNET.LIB(tcp.o)
    0x000074d0   0x000074d0   0x0000003c   Code   RO         2612    i.tcp_update_rcv_ann_wnd  CH57xNET.LIB(tcp.o)
    0x0000750c   0x0000750c   0x00000030   Code   RO         2661    i.tcp_write         CH57xNET.LIB(tcp_out.o)
    0x0000753c   0x0000753c   0x000000c0   Code   RO         2662    i.tcp_zero_window_probe  CH57xNET.LIB(tcp_out.o)
    0x000075fc   0x000075fc   0x00000034   Code   RO          260    i.time0_init        time.o
    0x00007630   0x00007630   0x00000100   Code   RO          176    i.uart_init         uart.o
    0x00007730   0x00007730   0x00000040   Code   RO          177    i.uart_send_byte    uart.o
    0x00007770   0x00007770   0x0000009c   Code   RO         2676    i.udp_bind          CH57xNET.LIB(udp.o)
    0x0000780c   0x0000780c   0x00000088   Code   RO         2677    i.udp_connect       CH57xNET.LIB(udp.o)
    0x00007894   0x00007894   0x00000224   Code   RO         2679    i.udp_input         CH57xNET.LIB(udp.o)
    0x00007ab8   0x00007ab8   0x0000001a   Code   RO         2680    i.udp_new           CH57xNET.LIB(udp.o)
    0x00007ad2   0x00007ad2   0x00000006   Code   RO         2681    i.udp_recv          CH57xNET.LIB(udp.o)
    0x00007ad8   0x00007ad8   0x00000034   Code   RO         2682    i.udp_remove        CH57xNET.LIB(udp.o)
    0x00007b0c   0x00007b0c   0x0000000c   Code   RO         2683    i.udp_send          CH57xNET.LIB(udp.o)
    0x00007b18   0x00007b18   0x0000002a   Code   RO         2684    i.udp_sendto        CH57xNET.LIB(udp.o)
    0x00007b42   0x00007b42   0x000000ea   Code   RO         2685    i.udp_sendto_if     CH57xNET.LIB(udp.o)
    0x00007c2c   0x00007c2c   0x00000090   Code   RO         2728    i.update_arp_entry  CH57xNET.LIB(etharp.o)
    0x00007cbc   0x00007cbc   0x00000010   Data   RO         2436    .constdata          CH57xNET.LIB(ch57xsock.o)
    0x00007ccc   0x00007ccc   0x0000001b   Data   RO         2613    .constdata          CH57xNET.LIB(tcp.o)
    0x00007ce7   0x00007ce7   0x00000004   Data   RO         2713    .constdata          CH57xNET.LIB(ip_addr.o)
    0x00007ceb   0x00007ceb   0x00000004   Data   RO         2714    .constdata          CH57xNET.LIB(ip_addr.o)
    0x00007cef   0x00007cef   0x0000000c   Data   RO         2729    .constdata          CH57xNET.LIB(etharp.o)
    0x00007cfb   0x00007cfb   0x00000001   PAD
    0x00007cfc   0x00007cfc   0x00000075   Data   RO         2614    .conststring        CH57xNET.LIB(tcp.o)
    0x00007d71   0x00007d71   0x00000003   PAD
    0x00007d74   0x00007d74   0x00000020   Data   RO         3206    Region$$Table       anon$$obj.o


    Execution Region RW_IRAM1 (Exec base: 0x20000000, Load base: 0x00007d94, Size: 0x000068f0, Max: 0x00008000, ABSOLUTE, COMPRESSED[0x00000088])

    Exec Addr    Load Addr    Size         Type   Attr      Idx    E Section Name        Object

    0x20000000   COMPRESSED   0x0000001c   Data   RW            9    .data               main.o
    0x2000001c   COMPRESSED   0x00000004   Data   RW          261    .data               time.o
    0x20000020   COMPRESSED   0x00000008   Data   RW          334    .data               sys_tick.o
    0x20000028   COMPRESSED   0x00000007   Data   RW          397    .data               data_forward.o
    0x2000002f   COMPRESSED   0x00000001   PAD
    0x20000030   COMPRESSED   0x00000036   Data   RW         2011    .data               net_init.o
    0x20000066   COMPRESSED   0x00000002   PAD
    0x20000068   COMPRESSED   0x00000018   Data   RW         2108    .data               net_dns.o
    0x20000080   COMPRESSED   0x00000008   Data   RW         2260    .data               net_tcp_server.o
    0x20000088   COMPRESSED   0x00000008   Data   RW         2340    .data               CH57xNET.LIB(ch57xnet_dhcp.o)
    0x20000090   COMPRESSED   0x00000010   Data   RW         2437    .data               CH57xNET.LIB(ch57xsock.o)
    0x200000a0   COMPRESSED   0x00000004   Data   RW         2508    .data               CH57xNET.LIB(eth.o)
    0x200000a4   COMPRESSED   0x00000010   Data   RW         2526    .data               CH57xNET.LIB(mem.o)
    0x200000b4   COMPRESSED   0x0000000c   Data   RW         2544    .data               CH57xNET.LIB(netif.o)
    0x200000c0   COMPRESSED   0x0000004c   Data   RW         2615    .data               CH57xNET.LIB(tcp.o)
    0x2000010c   COMPRESSED   0x00000004   Data   RW         2686    .data               CH57xNET.LIB(udp.o)
    0x20000110   COMPRESSED   0x00000008   Data   RW         2730    .data               CH57xNET.LIB(etharp.o)
    0x20000118   COMPRESSED   0x00000040   Data   RW         2757    .data               CH57xNET.LIB(ethernetif.o)
    0x20000158   COMPRESSED   0x00000004   Data   RW         2779    .data               CH57xNET.LIB(raw.o)
    0x2000015c   COMPRESSED   0x0000000c   Data   RW         2833    .data               CH57xNET.LIB(memp.o)
    0x20000168   COMPRESSED   0x0000001c   Data   RW         2845    .data               CH57xNET.LIB(tcp_in.o)
    0x20000184   COMPRESSED   0x0000000c   Data   RW         2863    .data               CH57xNET.LIB(ip.o)
    0x20000190   COMPRESSED   0x00000004   Data   RW         3180    .data               mc_p.l(stdout.o)
    0x20000194        -       0x00000f1a   Zero   RW            8    .bss                main.o
    0x200010ae   COMPRESSED   0x00000002   PAD
    0x200010b0        -       0x00001c4c   Zero   RW          396    .bss                data_forward.o
    0x20002cfc   COMPRESSED   0x00000004   PAD
    0x20002d00        -       0x00003158   Zero   RW         2010    .bss                net_init.o
    0x20005e58        -       0x00000064   Zero   RW         2435    .bss                CH57xNET.LIB(ch57xsock.o)
    0x20005ebc   COMPRESSED   0x00000004   PAD
    0x20005ec0        -       0x0000077c   Zero   RW         2756    .bss                CH57xNET.LIB(ethernetif.o)
    0x2000663c        -       0x0000000a   Zero   RW         2796    .bss                CH57xNET.LIB(ipcheck.o)
    0x20006646   COMPRESSED   0x00000002   PAD
    0x20006648        -       0x00000274   Zero   RW         2813    .bss                CH57xNET.LIB(ch57xnet_nds.o)
    0x200068bc        -       0x00000020   Zero   RW         2832    .bss                CH57xNET.LIB(memp.o)
    0x200068dc        -       0x00000014   Zero   RW         2844    .bss                CH57xNET.LIB(tcp_in.o)


==============================================================================

Image component sizes


      Code (inc. data)   RO Data    RW Data    ZI Data      Debug   Object Name

       476         44          0          0          0       1789   ch57x_clk.o
        28          4          0          0          0        516   ch57x_flash.o
       336         32          0          0          0       1691   ch57x_gpio.o
       152          6          0          0          0        526   ch57x_int.o
       256         12          0          0          0       1132   ch57x_pwr.o
        92          4          0          0          0       1505   ch57x_sys.o
        20          4          0          0          0        481   ch57x_timer0.o
       124         14          0          0          0       1527   ch57x_uart0.o
       124         14          0          0          0       1527   ch57x_uart1.o
       124         14          0          0          0       1527   ch57x_uart2.o
       124         14          0          0          0       1527   ch57x_uart3.o
      1410        164          0          7       7244      11415   data_forward.o
       394         58          0         28       3866      61743   main.o
       116         24          0         24          0       3071   net_dns.o
       398         72          0         54      12632       4799   net_init.o
       576         78          0          8          0       4819   net_tcp_server.o
        28         10        144          0          0        568   startup_armcm0.o
        24          4          0          8          0        609   sys_tick.o
       280         30          0          4          0       7314   time.o
       896         54          0          0          0      11165   uart.o

    ----------------------------------------------------------------------
      5984        656        176        136      23748     119251   Object Totals
         0          0         32          0          0          0   (incl. Generated)
         6          0          0          3          6          0   (incl. Padding)

    ----------------------------------------------------------------------

      Code (inc. data)   RO Data    RW Data    ZI Data      Debug   Library Member Name

       856         14          0          8          0        676   ch57xnet_dhcp.o
         0          0          0          0        628          0   ch57xnet_nds.o
      4010        340         16         16        100       3120   ch57xsock.o
       644         80          0          4          0        352   eth.o
      1600         68         12          8          0        856   etharp.o
      1368        234          0         64       1916        672   ethernetif.o
        36         14          0          0          0         68   hal.o
       618          6          0          0          0        228   icmp.o
        16          0          0          0          0        240   inet.o
       254          0          0          0          0        292   inet_chksum.o
        28          6          0          0          0         68   init.o
       990         32          0         12          0        324   ip.o
        58          0          8          0          0         68   ip_addr.o
       346          0          0          0          0         84   ip_frag.o
       208         32          0          0         10        284   ipcheck.o
       604         44          0         16          0        364   mem.o
       128         18          0         12         32        196   memp.o
       300         18          0         12          0        480   netif.o
       762          6          0          0          0        620   pbuf.o
       422         18          0          4          0        568   raw.o
      2454        104        144         76          0       2024   tcp.o
      4340        114          0         28         20        544   tcp_in.o
      2796         48          0          0          0        968   tcp_out.o
      1212         30          0          4          0        664   udp.o
        86          0          0          0          0          0   __dczerorl2.o
         0          0          0          0          0          0   entry.o
         0          0          0          0          0          0   entry10a.o
         0          0          0          0          0          0   entry11a.o
         8          4          0          0          0          0   entry2.o
         4          0          0          0          0          0   entry5.o
         0          0          0          0          0          0   entry7b.o
         0          0          0          0          0          0   entry8b.o
         8          4          0          0          0          0   entry9a.o
        30          0          0          0          0          0   handlers.o
        40          0          0          0          0         72   idiv.o
        36          8          0          0          0         68   init.o
        32          0          0          0          0         68   llshl.o
        34          0          0          0          0         68   llushr.o
        36          0          0          0          0         60   memcpya.o
        36          0          0          0          0        100   memseta.o
      1172         52          0          0          0        324   printf8.o
         0          0          0          4          0          0   stdout.o
        18          0          0          0          0         60   strcpy.o
        44          0          0          0          0         72   uidiv.o
        96          0          0          0          0         84   uldiv.o
        20          0          0          0          0         60   uread4.o
        18          0          0          0          0         60   uwrite4.o

    ----------------------------------------------------------------------
     25804       1294        184        268       2712      14856   Library Totals
        36          0          4          0          6          0   (incl. Padding)

    ----------------------------------------------------------------------

      Code (inc. data)   RO Data    RW Data    ZI Data      Debug   Library Name

     24050       1226        180        264       2706      13760   CH57xNET.LIB
      1718         68          0          4          0       1096   mc_p.l

    ----------------------------------------------------------------------
     25804       1294        184        268       2712      14856   Library Totals

    ----------------------------------------------------------------------

==============================================================================


      Code (inc. data)   RO Data    RW Data    ZI Data      Debug   

     31788       1950        360        404      26460     122451   Grand Totals
     31788       1950        360        136      26460     122451   ELF Image Totals (compressed)
     31788       1950        360        136          0          0   ROM Totals

==============================================================================

    Total RO  Size (Code + RO Data)                32148 (  31.39kB)
    Total RW  Size (RW Data + ZI Data)             26864 (  26.23kB)
    Total ROM Size (Code + RO Data + RW Data)      32284 (  31.53kB)

==============================================================================

