Component: ARM Compiler 5.06 update 6 (build 750) Tool: armlink [4d35ed]

==============================================================================

Section Cross References

    main.o(i.CH57xNET_HandleGlobalInt) refers to ch57xsock.o(i.CH57xNET_GetGlobalInt) for CH57xNET_GetGlobalInt
    main.o(i.CH57xNET_HandleGlobalInt) refers to ch57xsock.o(i.CH57xNET_GetPHYStatus) for CH57xNET_GetPHYStatus
    main.o(i.CH57xNET_HandleGlobalInt) refers to ch57xsock.o(i.CH57xNET_GetSocketInt) for CH57xNET_GetSocketInt
    main.o(i.CH57xNET_HandleGlobalInt) refers to net_tcp_server.o(i.net_tcp_server_data) for net_tcp_server_data
    main.o(i.CH57xNET_HandleGlobalInt) refers to main.o(.bss) for net_tcp_server
    main.o(i.main) refers to ch57x_pwr.o(i.PWR_UnitModCfg) for PWR_UnitModCfg
    main.o(i.main) refers to ch57x_sys.o(i.mDelaymS) for mDelaymS
    main.o(i.main) refers to ch57x_clk.o(i.SetSysClock) for SetSysClock
    main.o(i.main) refers to uart.o(i.uart_init) for uart_init
    main.o(i.main) refers to net_init.o(i.net_init) for net_init
    main.o(i.main) refers to time.o(i.time0_init) for time0_init
    main.o(i.main) refers to net_tcp_server.o(i.net_tcp_server_close) for net_tcp_server_close
    main.o(i.main) refers to net_tcp_server.o(i.net_tcp_server_creat_socket) for net_tcp_server_creat_socket
    main.o(i.main) refers to ch57xsock.o(i.CH57xNET_MainTask) for CH57xNET_MainTask
    main.o(i.main) refers to ch57xsock.o(i.CH57xNET_QueryGlobalInt) for CH57xNET_QueryGlobalInt
    main.o(i.main) refers to main.o(i.CH57xNET_HandleGlobalInt) for CH57xNET_HandleGlobalInt
    main.o(i.main) refers to main.o(.bss) for TcpMybuf
    main.o(i.main) refers to main.o(i.tcp_server_recv_back) for tcp_server_recv_back
    main.o(i.main) refers to main.o(i.tcp_server_disconnected_back) for tcp_server_disconnected_back
    main.o(i.main) refers to main.o(i.tcp_server_connected_back) for tcp_server_connected_back
    main.o(i.tcp_send) refers to memcmp.o(.text) for memcmp
    main.o(i.tcp_send) refers to net_tcp_server.o(i.net_tcp_server_send) for net_tcp_server_send
    main.o(i.tcp_send) refers to main.o(.data) for socket1
    main.o(i.tcp_send) refers to net_init.o(.bss) for SocketInf
    main.o(i.tcp_server_connected_back) refers to main.o(.data) for socket1
    main.o(i.tcp_server_connected_back) refers to main.o(.bss) for TcpMybuf
    main.o(i.tcp_server_disconnected_back) refers to main.o(.data) for socket1
    main.o(i.tcp_server_recv_back) refers to uart.o(i.uart_send_byte) for uart_send_byte
    main.o(i.tcp_server_recv_back) refers to main.o(.bss) for TcpMybuf
    uart.o(i.UART0_IRQHandler) refers to uart.o(i.uart_send_byte) for uart_send_byte
    uart.o(i.UART0_IRQHandler) refers to ch57x_uart0.o(i.UART0_INTCfg) for UART0_INTCfg
    uart.o(i.UART0_IRQHandler) refers to main.o(.bss) for TcpMybuf
    uart.o(i.UART1_IRQHandler) refers to uart.o(i.uart_send_byte) for uart_send_byte
    uart.o(i.UART1_IRQHandler) refers to ch57x_uart1.o(i.UART1_INTCfg) for UART1_INTCfg
    uart.o(i.UART1_IRQHandler) refers to main.o(.bss) for TcpMybuf
    uart.o(i.UART2_IRQHandler) refers to uart.o(i.uart_send_byte) for uart_send_byte
    uart.o(i.UART2_IRQHandler) refers to main.o(i.tcp_send) for tcp_send
    uart.o(i.UART2_IRQHandler) refers to ch57x_uart2.o(i.UART2_INTCfg) for UART2_INTCfg
    uart.o(i.UART2_IRQHandler) refers to uart.o(.bss) for PCUploadBuf
    uart.o(i.UART2_IRQHandler) refers to main.o(.bss) for TcpMybuf
    uart.o(i.UART2_IRQHandler) refers to main.o(.data) for socket1
    uart.o(i.UART2_IRQHandler) refers to net_init.o(.bss) for SocketInf
    uart.o(i.UART3_IRQHandler) refers to uart.o(i.uart_send_byte) for uart_send_byte
    uart.o(i.UART3_IRQHandler) refers to main.o(i.tcp_send) for tcp_send
    uart.o(i.UART3_IRQHandler) refers to ch57x_uart3.o(i.UART3_INTCfg) for UART3_INTCfg
    uart.o(i.UART3_IRQHandler) refers to uart.o(.bss) for PCUploadBuf
    uart.o(i.UART3_IRQHandler) refers to main.o(.bss) for TcpMybuf
    uart.o(i.UART3_IRQHandler) refers to main.o(.data) for socket1
    uart.o(i.UART3_IRQHandler) refers to net_init.o(.bss) for SocketInf
    uart.o(i.fputc) refers to ch57x_uart1.o(i.UART1_INTCfg) for UART1_INTCfg
    uart.o(i.uart_init) refers to ch57x_gpio.o(i.GPIOPinRemap) for GPIOPinRemap
    uart.o(i.uart_init) refers to ch57x_gpio.o(i.GPIOA_ModeCfg) for GPIOA_ModeCfg
    uart.o(i.uart_init) refers to ch57x_uart0.o(i.UART0_DefInit) for UART0_DefInit
    uart.o(i.uart_init) refers to ch57x_uart0.o(i.UART0_INTCfg) for UART0_INTCfg
    uart.o(i.uart_init) refers to uart.o(i.NVIC_SetPriority) for NVIC_SetPriority
    uart.o(i.uart_init) refers to uart.o(i.NVIC_EnableIRQ) for NVIC_EnableIRQ
    uart.o(i.uart_init) refers to ch57x_uart1.o(i.UART1_DefInit) for UART1_DefInit
    uart.o(i.uart_init) refers to ch57x_uart1.o(i.UART1_INTCfg) for UART1_INTCfg
    uart.o(i.uart_init) refers to ch57x_uart2.o(i.UART2_DefInit) for UART2_DefInit
[...]
    tcp_timewait_input                       0x000071d1   Thumb Code   112  tcp_in.o(i.tcp_timewait_input)
    i.tcp_tmr                                0x00007248   Section        0  tcp.o(i.tcp_tmr)
    i.tcp_update_rcv_ann_wnd                 0x00007264   Section        0  tcp.o(i.tcp_update_rcv_ann_wnd)
    i.tcp_write                              0x000072a0   Section        0  tcp_out.o(i.tcp_write)
    i.tcp_zero_window_probe                  0x000072d0   Section        0  tcp_out.o(i.tcp_zero_window_probe)
    i.time0_init                             0x00007390   Section        0  time.o(i.time0_init)
    i.uart_init                              0x000073c4   Section        0  uart.o(i.uart_init)
    i.uart_send_byte                         0x000074c4   Section        0  uart.o(i.uart_send_byte)
    i.udp_bind                               0x00007504   Section        0  udp.o(i.udp_bind)
    i.udp_connect                            0x000075a0   Section        0  udp.o(i.udp_connect)
    i.udp_input                              0x00007628   Section        0  udp.o(i.udp_input)
    i.udp_new                                0x0000784c   Section        0  udp.o(i.udp_new)
    i.udp_recv                               0x00007866   Section        0  udp.o(i.udp_recv)
    i.udp_remove                             0x0000786c   Section        0  udp.o(i.udp_remove)
    i.udp_send                               0x000078a0   Section        0  udp.o(i.udp_send)
    i.udp_sendto                             0x000078ac   Section        0  udp.o(i.udp_sendto)
    i.udp_sendto_if                          0x000078d6   Section        0  udp.o(i.udp_sendto_if)
    i.update_arp_entry                       0x000079c0   Section        0  etharp.o(i.update_arp_entry)
    update_arp_entry                         0x000079c1   Thumb Code   138  etharp.o(i.update_arp_entry)
    .constdata                               0x00007a50   Section       16  ch57xsock.o(.constdata)
    .constdata                               0x00007a60   Section       27  tcp.o(.constdata)
    .constdata                               0x00007a7b   Section        4  ip_addr.o(.constdata)
    .constdata                               0x00007a7f   Section        4  ip_addr.o(.constdata)
    .constdata                               0x00007a83   Section       12  etharp.o(.constdata)
    .conststring                             0x00007a90   Section      117  tcp.o(.conststring)
    .data                                    0x20000000   Section       28  main.o(.data)
    .data                                    0x2000001c   Section        4  time.o(.data)
    .data                                    0x20000020   Section        8  sys_tick.o(.data)
    .data                                    0x20000028   Section       54  net_init.o(.data)
    .data                                    0x20000060   Section       24  net_dns.o(.data)
    .data                                    0x20000078   Section        8  net_tcp_server.o(.data)
    .data                                    0x20000080   Section        8  ch57xnet_dhcp.o(.data)
    xid                                      0x20000084   Data           4  ch57xnet_dhcp.o(.data)
    .data                                    0x20000088   Section       16  ch57xsock.o(.data)
    .data                                    0x20000098   Section        4  eth.o(.data)
    .data                                    0x2000009c   Section       16  mem.o(.data)
    ram_heap                                 0x2000009c   Data           4  mem.o(.data)
    ram                                      0x200000a0   Data           4  mem.o(.data)
    ram_end                                  0x200000a4   Data           4  mem.o(.data)
    lfree                                    0x200000a8   Data           4  mem.o(.data)
    .data                                    0x200000ac   Section       12  netif.o(.data)
    netifnum                                 0x200000ac   Data           1  netif.o(.data)
    .data                                    0x200000b8   Section       76  tcp.o(.data)
    tcp_timer                                0x200000b8   Data           1  tcp.o(.data)
    port                                     0x200000ba   Data           2  tcp.o(.data)
    iss                                      0x200000bc   Data           4  tcp.o(.data)
    .data                                    0x20000104   Section        4  udp.o(.data)
    .data                                    0x20000108   Section        8  etharp.o(.data)
    etharp_cached_entry                      0x20000108   Data           1  etharp.o(.data)
    arp_table                                0x2000010c   Data           4  etharp.o(.data)
    .data                                    0x20000110   Section       64  ethernetif.o(.data)
    MacRevcNull                              0x20000110   Data           1  ethernetif.o(.data)
    .data                                    0x20000150   Section        4  raw.o(.data)
    raw_pcbs                                 0x20000150   Data           4  raw.o(.data)
    .data                                    0x20000154   Section       12  memp.o(.data)
    memp_memory                              0x2000015c   Data           4  memp.o(.data)
    .data                                    0x20000160   Section       28  tcp_in.o(.data)
    flags                                    0x20000160   Data           1  tcp_in.o(.data)
    recv_flags                               0x20000161   Data           1  tcp_in.o(.data)
    tcplen                                   0x20000162   Data           2  tcp_in.o(.data)
    tcphdr                                   0x20000164   Data           4  tcp_in.o(.data)
    iphdr                                    0x20000168   Data           4  tcp_in.o(.data)
    seqno                                    0x2000016c   Data           4  tcp_in.o(.data)
    ackno                                    0x20000170   Data           4  tcp_in.o(.data)
    recv_data                                0x20000174   Data           4  tcp_in.o(.data)
    .data                                    0x2000017c   Section       12  ip.o(.data)
    ip_id                                    0x2000017c   Data           2  ip.o(.data)
    .data                                    0x20000188   Section        4  stdout.o(.data)
    .bss                                     0x2000018c   Section     3868  main.o(.bss)
    .bss                                     0x200010a8   Section     1006  uart.o(.bss)
    .bss                                     0x200014a0   Section    12632  net_init.o(.bss)
    .bss                                     0x200045f8   Section      100  ch57xsock.o(.bss)
    .bss                                     0x20004660   Section     1916  ethernetif.o(.bss)
    .bss                                     0x20004ddc   Section       10  ipcheck.o(.bss)
    .bss                                     0x20004de8   Section      628  ch57xnet_nds.o(.bss)
    dns_table                                0x20004dfc   Data         608  ch57xnet_nds.o(.bss)
    .bss                                     0x2000505c   Section       32  memp.o(.bss)
    memp_tab                                 0x2000505c   Data          32  memp.o(.bss)
    .bss                                     0x2000507c   Section       20  tcp_in.o(.bss)
    inseg                                    0x2000507c   Data          20  tcp_in.o(.bss)

    Global Symbols

    Symbol Name                              Value     Ov Type        Size  Object(Section)

    BuildAttributes$$THM_ISAv3M$S$PE$A:L22$X:L11$S22$IEEE1$IW$USESV6$~STKCKD$USESV7$~SHL$OSPACE$ROPI$EBA8$MICROLIB$REQ8$PRES8$EABIv2 0x00000000   Number         0  anon$$obj.o ABSOLUTE
    __ARM_use_no_argv                        0x00000000   Number         0  main.o ABSOLUTE
    __Vectors                                0x00000000   Data           4  startup_armcm0.o(RESET)
    _printf_a                                0x00000000   Number         0  stubs.o ABSOLUTE
    _printf_c                                0x00000000   Number         0  stubs.o ABSOLUTE
    _printf_charcount                        0x00000000   Number         0  stubs.o ABSOLUTE
    _printf_d                                0x00000000   Number         0  stubs.o ABSOLUTE
    _printf_e                                0x00000000   Number         0  stubs.o ABSOLUTE
    _printf_f                                0x00000000   Number         0  stubs.o ABSOLUTE
    _printf_flags                            0x00000000   Number         0  stubs.o ABSOLUTE
    _printf_fp_dec                           0x00000000   Number         0  stubs.o ABSOLUTE
    _printf_fp_hex                           0x00000000   Number         0  stubs.o ABSOLUTE
    _printf_g                                0x00000000   Number         0  stubs.o ABSOLUTE
    _printf_i                                0x00000000   Number         0  stubs.o ABSOLUTE
    _printf_int_dec                          0x00000000   Number         0  stubs.o ABSOLUTE
    _printf_l                                0x00000000   Number         0  stubs.o ABSOLUTE
    _printf_lc                               0x00000000   Number         0  stubs.o ABSOLUTE
    _printf_ll                               0x00000000   Number         0  stubs.o ABSOLUTE
    _printf_lld                              0x00000000   Number         0  stubs.o ABSOLUTE
    _printf_lli                              0x00000000   Number         0  stubs.o ABSOLUTE
    _printf_llo                              0x00000000   Number         0  stubs.o ABSOLUTE
    _printf_llu                              0x00000000   Number         0  stubs.o ABSOLUTE
    _printf_llx                              0x00000000   Number         0  stubs.o ABSOLUTE
    _printf_longlong_dec                     0x00000000   Number         0  stubs.o ABSOLUTE
    _printf_longlong_hex                     0x00000000   Number         0  stubs.o ABSOLUTE
    _printf_longlong_oct                     0x00000000   Number         0  stubs.o ABSOLUTE
    _printf_ls                               0x00000000   Number         0  stubs.o ABSOLUTE
    _printf_mbtowc                           0x00000000   Number         0  stubs.o ABSOLUTE
    _printf_n                                0x00000000   Number         0  stubs.o ABSOLUTE
    _printf_o                                0x00000000   Number         0  stubs.o ABSOLUTE
    _printf_p                                0x00000000   Number         0  stubs.o ABSOLUTE
    _printf_percent                          0x00000000   Number         0  stubs.o ABSOLUTE
    _printf_pre_padding                      0x00000000   Number         0  stubs.o ABSOLUTE
    _printf_return_value                     0x00000000   Number         0  stubs.o ABSOLUTE
    _printf_s                                0x00000000   Number         0  stubs.o ABSOLUTE
    _printf_sizespec                         0x00000000   Number         0  stubs.o ABSOLUTE
    _printf_str                              0x00000000   Number         0  stubs.o ABSOLUTE
    _printf_truncate_signed                  0x00000000   Number         0  stubs.o ABSOLUTE
    _printf_truncate_unsigned                0x00000000   Number         0  stubs.o ABSOLUTE
    _printf_u                                0x00000000   Number         0  stubs.o ABSOLUTE
    _printf_wc                               0x00000000   Number         0  stubs.o ABSOLUTE
    _printf_wctomb                           0x00000000   Number         0  stubs.o ABSOLUTE
    _printf_widthprec                        0x00000000   Number         0  stubs.o ABSOLUTE
    _printf_x                                0x00000000   Number         0  stubs.o ABSOLUTE
    __cpp_initialize__aeabi_                  - Undefined Weak Reference
    __cxa_finalize                            - Undefined Weak Reference
    _clock_init                               - Undefined Weak Reference
    _microlib_exit                            - Undefined Weak Reference
    __Vectors_End                            0x00000090   Data           0  startup_armcm0.o(RESET)
    __Vectors_Size                           0x00000090   Number         0  startup_armcm0.o ABSOLUTE
    __main                                   0x00000091   Thumb Code     0  entry.o(.ARM.Collect$$$$00000000)
    _main_stk                                0x00000091   Thumb Code     0  entry2.o(.ARM.Collect$$$$00000001)
    _main_scatterload                        0x00000095   Thumb Code     0  entry5.o(.ARM.Collect$$$$00000004)
    __main_after_scatterload                 0x00000099   Thumb Code     0  entry5.o(.ARM.Collect$$$$00000004)
    _main_clock                              0x00000099   Thumb Code     0  entry7b.o(.ARM.Collect$$$$00000008)
    _main_cpp_init                           0x00000099   Thumb Code     0  entry8b.o(.ARM.Collect$$$$0000000A)
    _main_init                               0x00000099   Thumb Code     0  entry9a.o(.ARM.Collect$$$$0000000B)
    __rt_final_cpp                           0x000000a1   Thumb Code     0  entry10a.o(.ARM.Collect$$$$0000000D)
    __rt_final_exit                          0x000000a1   Thumb Code     0  entry11a.o(.ARM.Collect$$$$0000000F)
    Reset_Handler                            0x000000a5   Thumb Code     8  startup_armcm0.o(.text)
    HardFault_Handler                        0x000000af   Thumb Code     0  startup_armcm0.o(.text)
    SVC_Handler                              0x000000af   Thumb Code     2  startup_armcm0.o(.text)
    PendSV_Handler                           0x000000b1   Thumb Code     2  startup_armcm0.o(.text)
    ADC_IRQHandler                           0x000000b5   Thumb Code     0  startup_armcm0.o(.text)
    BB_IRQHandler                            0x000000b5   Thumb Code     0  startup_armcm0.o(.text)
    GPIO_IRQHandler                          0x000000b5   Thumb Code     0  startup_armcm0.o(.text)
    LED_IRQHandler                           0x000000b5   Thumb Code     0  startup_armcm0.o(.text)
    LLE_IRQHandler                           0x000000b5   Thumb Code     0  startup_armcm0.o(.text)
    RTC_IRQHandler                           0x000000b5   Thumb Code     0  startup_armcm0.o(.text)
    SLAVE_IRQHandler                         0x000000b5   Thumb Code     0  startup_armcm0.o(.text)
    SPI0_IRQHandler                          0x000000b5   Thumb Code     0  startup_armcm0.o(.text)
    SPI1_IRQHandler                          0x000000b5   Thumb Code     0  startup_armcm0.o(.text)
    TMR1_IRQHandler                          0x000000b5   Thumb Code     0  startup_armcm0.o(.text)
    TMR2_IRQHandler                          0x000000b5   Thumb Code     0  startup_armcm0.o(.text)
    TMR3_IRQHandler                          0x000000b5   Thumb Code     0  startup_armcm0.o(.text)
    USB_IRQHandler                           0x000000b5   Thumb Code     0  startup_armcm0.o(.text)
    WDT_IRQHandler                           0x000000b5   Thumb Code     0  startup_armcm0.o(.text)
    __aeabi_uidiv                            0x000000c1   Thumb Code     0  uidiv.o(.text)
    __aeabi_uidivmod                         0x000000c1   Thumb Code    44  uidiv.o(.text)
    __aeabi_idiv                             0x000000ed   Thumb Code     0  idiv.o(.text)
    __aeabi_idivmod                          0x000000ed   Thumb Code    40  idiv.o(.text)
    __aeabi_memcpy                           0x00000115   Thumb Code    36  memcpya.o(.text)
    __aeabi_memcpy4                          0x00000115   Thumb Code     0  memcpya.o(.text)
    __aeabi_memcpy8                          0x00000115   Thumb Code     0  memcpya.o(.text)
    __aeabi_memset                           0x00000139   Thumb Code    14  memseta.o(.text)
    __aeabi_memset4                          0x00000139   Thumb Code     0  memseta.o(.text)
    __aeabi_memset8                          0x00000139   Thumb Code     0  memseta.o(.text)
    __aeabi_memclr                           0x00000147   Thumb Code     4  memseta.o(.text)
    __aeabi_memclr4                          0x00000147   Thumb Code     0  memseta.o(.text)
    __aeabi_memclr8                          0x00000147   Thumb Code     0  memseta.o(.text)
    _memset$wrapper                          0x0000014b   Thumb Code    18  memseta.o(.text)
    memcmp                                   0x0000015d   Thumb Code    26  memcmp.o(.text)
    strcpy                                   0x00000177   Thumb Code    18  strcpy.o(.text)
    __aeabi_uread4                           0x00000189   Thumb Code    20  uread4.o(.text)
    __rt_uread4                              0x00000189   Thumb Code     0  uread4.o(.text)
    _uread4                                  0x00000189   Thumb Code     0  uread4.o(.text)
    __aeabi_uwrite4                          0x0000019d   Thumb Code    18  uwrite4.o(.text)
    __rt_uwrite4                             0x0000019d   Thumb Code     0  uwrite4.o(.text)
    _uwrite4                                 0x0000019d   Thumb Code     0  uwrite4.o(.text)
    __aeabi_uldivmod                         0x000001af   Thumb Code    96  uldiv.o(.text)
    __scatterload                            0x00000211   Thumb Code    28  init.o(.text)
    __scatterload_rt2                        0x00000211   Thumb Code     0  init.o(.text)
    __aeabi_llsl                             0x00000235   Thumb Code    32  llshl.o(.text)
    _ll_shift_l                              0x00000235   Thumb Code     0  llshl.o(.text)
    __aeabi_llsr                             0x00000255   Thumb Code    34  llushr.o(.text)
    _ll_ushift_r                             0x00000255   Thumb Code     0  llushr.o(.text)
    __decompress                             0x00000277   Thumb Code     0  __dczerorl2.o(.text)
    __decompress1                            0x00000277   Thumb Code    86  __dczerorl2.o(.text)
    CH57xFileCorrectTCBPcb                   0x000002cd   Thumb Code    90  ch57xsock.o(i.CH57xFileCorrectTCBPcb)
    CH57xIPSetSocketRecvInit                 0x00000331   Thumb Code    46  ch57xsock.o(i.CH57xIPSetSocketRecvInit)
    CH57xMACRxSuccHandle                     0x00000369   Thumb Code   106  ethernetif.o(i.CH57xMACRxSuccHandle)
    CH57xNET_ConfigKeepLive                  0x000003e9   Thumb Code    16  ch57xsock.o(i.CH57xNET_ConfigKeepLive)
    CH57xNET_ConfigLIB                       0x000003fd   Thumb Code    26  ch57xsock.o(i.CH57xNET_ConfigLIB)
    CH57xNET_ETHIsr                          0x0000041d   Thumb Code     8  ch57xsock.o(i.CH57xNET_ETHIsr)
    CH57xNET_GetGlobalInt                    0x00000425   Thumb Code    14  ch57xsock.o(i.CH57xNET_GetGlobalInt)
    CH57xNET_GetPHYStatus                    0x00000439   Thumb Code     8  ch57xsock.o(i.CH57xNET_GetPHYStatus)
    CH57xNET_GetSocketInt                    0x00000445   Thumb Code    26  ch57xsock.o(i.CH57xNET_GetSocketInt)
    CH57xNET_GetVer                          0x00000469   Thumb Code     4  ch57xsock.o(i.CH57xNET_GetVer)
    CH57xNET_HandleGlobalInt                 0x0000046d   Thumb Code    66  main.o(i.CH57xNET_HandleGlobalInt)
    CH57xNET_Init                            0x000004b5   Thumb Code   258  ch57xsock.o(i.CH57xNET_Init)
    CH57xNET_LibInit                         0x000005e9   Thumb Code    84  net_init.o(i.CH57xNET_LibInit)
    CH57xNET_MainTask                        0x00000649   Thumb Code    34  ch57xsock.o(i.CH57xNET_MainTask)
    CH57xNET_ModifyRecvBuf                   0x00000675   Thumb Code    52  ch57xsock.o(i.CH57xNET_ModifyRecvBuf)
    CH57xNET_QueryGlobalInt                  0x000006b1   Thumb Code    48  ch57xsock.o(i.CH57xNET_QueryGlobalInt)
    CH57xNET_SocketClose                     0x000006ed   Thumb Code    74  ch57xsock.o(i.CH57xNET_SocketClose)
    CH57xNET_SocketCreat                     0x00000741   Thumb Code   370  ch57xsock.o(i.CH57xNET_SocketCreat)
    CH57xNET_SocketListen                    0x000008d5   Thumb Code    72  ch57xsock.o(i.CH57xNET_SocketListen)
    CH57xNET_SocketRecv                      0x00000925   Thumb Code   390  ch57xsock.o(i.CH57xNET_SocketRecv)
    CH57xNET_SocketRecvLen                   0x00000ab5   Thumb Code    20  ch57xsock.o(i.CH57xNET_SocketRecvLen)
    CH57xNET_SocketSend                      0x00000acd   Thumb Code    60  ch57xsock.o(i.CH57xNET_SocketSend)
    CH57xNET_SocketSetKeepLive               0x00000b0d   Thumb Code    44  ch57xsock.o(i.CH57xNET_SocketSetKeepLive)
    CH57xNET_TimeIsr                         0x00000b3d   Thumb Code    60  ch57xsock.o(i.CH57xNET_TimeIsr)
    CH57xScokedIntHandle                     0x00000b81   Thumb Code    72  ch57xsock.o(i.CH57xScokedIntHandle)
    CH57xSocketInit                          0x00000bc9   Thumb Code    42  ch57xsock.o(i.CH57xSocketInit)
    CH57xSocketTCPReceive                    0x00000bf9   Thumb Code   258  ch57xsock.o(i.CH57xSocketTCPReceive)
    CH57xTCPError                            0x00000d05   Thumb Code     2  ch57xsock.o(i.CH57xTCPError)
    CH57xTCPServerAccept                     0x00000d09   Thumb Code   128  ch57xsock.o(i.CH57xTCPServerAccept)
    CloseIPRAWConnect                        0x00000da1   Thumb Code    42  ch57xsock.o(i.CloseIPRAWConnect)
    CloseTcpPCB                              0x00000dd1   Thumb Code    78  ch57xsock.o(i.CloseTcpPCB)
    CloseUpdConnect                          0x00000e25   Thumb Code    42  ch57xsock.o(i.CloseUpdConnect)
    ETHInit                                  0x00000e55   Thumb Code   242  eth.o(i.ETHInit)
    ETHRec                                   0x00000f61   Thumb Code    88  eth.o(i.ETHRec)
    ETHSend                                  0x00000fc1   Thumb Code    76  eth.o(i.ETHSend)
    ETH_IRQHandler                           0x0000101d   Thumb Code     8  net_init.o(i.ETH_IRQHandler)
    ETH_IRQ_Deal                             0x00001025   Thumb Code   142  eth.o(i.ETH_IRQ_Deal)
    ErrorEncode                              0x000010cd   Thumb Code    18  ch57xsock.o(i.ErrorEncode)
    GPIOA_ModeCfg                            0x000010e5   Thumb Code   146  ch57x_gpio.o(i.GPIOA_ModeCfg)
    GPIOB_ModeCfg                            0x0000117d   Thumb Code   146  ch57x_gpio.o(i.GPIOB_ModeCfg)
    GPIOPinRemap                             0x00001215   Thumb Code    28  ch57x_gpio.o(i.GPIOPinRemap)
    GetMACAddress                            0x00001235   Thumb Code    24  ch57x_flash.o(i.GetMACAddress)
    GetMacAddr                               0x00001251   Thumb Code    34  net_init.o(i.GetMacAddr)
    GetSysClock                              0x00001275   Thumb Code    66  ch57x_clk.o(i.GetSysClock)
    IPCheckParaInit                          0x000012c5   Thumb Code    30  ipcheck.o(i.IPCheckParaInit)
    IPCheckTmr                               0x000012ed   Thumb Code    82  ipcheck.o(i.IPCheckTmr)
    IPConflictHandle                         0x00001345   Thumb Code    38  ipcheck.o(i.IPConflictHandle)
    InitCH57xMAC                             0x00001375   Thumb Code    22  hal.o(i.InitCH57xMAC)
    LwIPPeriodicHandle                       0x00001399   Thumb Code   204  ethernetif.o(i.LwIPPeriodicHandle)
    LwipArpCheck                             0x00001485   Thumb Code     8  ch57xsock.o(i.LwipArpCheck)
    LwipRemoveTcpPcb                         0x00001491   Thumb Code   104  ch57xsock.o(i.LwipRemoveTcpPcb)
    LwipTCPPollCallBack                      0x00001501   Thumb Code     4  ch57xsock.o(i.LwipTCPPollCallBack)
    LwipTCPSendCallBack                      0x00001505   Thumb Code    54  ch57xsock.o(i.LwipTCPSendCallBack)
    LwipUnreachPort                          0x0000153d   Thumb Code    22  ch57xsock.o(i.LwipUnreachPort)
    MemShortCopy                             0x00001559   Thumb Code    22  ch57xsock.o(i.MemShortCopy)
    NMI_Handler                              0x00001571   Thumb Code   146  ch57x_int.o(i.NMI_Handler)
    PWR_UnitModCfg                           0x00001785   Thumb Code   154  ch57x_pwr.o(i.PWR_UnitModCfg)
    PowerMonitor                             0x00001825   Thumb Code    90  ch57x_pwr.o(i.PowerMonitor)
    QuaryEthRxDma                            0x00001885   Thumb Code    74  ethernetif.o(i.QuaryEthRxDma)
    QueryPingEnable                          0x000018f1   Thumb Code     6  ch57xsock.o(i.QueryPingEnable)
    ReadPHYReg                               0x000018fd   Thumb Code    16  eth.o(i.ReadPHYReg)
    RemoveTimeWaiTCP                         0x00001911   Thumb Code    52  tcp.o(i.RemoveTimeWaiTCP)
    SYS_ResetExecute                         0x00001949   Thumb Code    28  ch57x_sys.o(i.SYS_ResetExecute)
    SelIPARPSend                             0x00001969   Thumb Code    26  ipcheck.o(i.SelIPARPSend)
    SetSysClock                              0x00001989   Thumb Code   342  ch57x_clk.o(i.SetSysClock)
    SetupNetif                               0x00001ae9   Thumb Code   118  ethernetif.o(i.SetupNetif)
    SocketIPRAWReceive                       0x00001b7d   Thumb Code   172  ch57xsock.o(i.SocketIPRAWReceive)
    SocketIPRawSend                          0x00001c29   Thumb Code   194  ch57xsock.o(i.SocketIPRawSend)
    SocketTcpSend                            0x00001cf5   Thumb Code   250  ch57xsock.o(i.SocketTcpSend)
    SocketUdpReceive                         0x00001df9   Thumb Code   184  ch57xsock.o(i.SocketUdpReceive)
    SocketUdpSend                            0x00001eb1   Thumb Code   182  ch57xsock.o(i.SocketUdpSend)
    SysTick_Handler                          0x00001f71   Thumb Code    20  sys_tick.o(i.SysTick_Handler)
    SystemInit                               0x00001f89   Thumb Code    40  ch57x_clk.o(i.SystemInit)
    TMR0_IRQHandler                          0x00001fb5   Thumb Code    96  time.o(i.TMR0_IRQHandler)
    TMR0_TimerInit                           0x00002021   Thumb Code    16  ch57x_timer0.o(i.TMR0_TimerInit)
    UART0_BaudRateCfg                        0x00002035   Thumb Code    40  ch57x_uart0.o(i.UART0_BaudRateCfg)
    UART0_DefInit                            0x00002061   Thumb Code    30  ch57x_uart0.o(i.UART0_DefInit)
    UART0_INTCfg                             0x00002085   Thumb Code    40  ch57x_uart0.o(i.UART0_INTCfg)
    UART0_IRQHandler                         0x000020b1   Thumb Code   112  uart.o(i.UART0_IRQHandler)
    UART1_BaudRateCfg                        0x00002129   Thumb Code    40  ch57x_uart1.o(i.UART1_BaudRateCfg)
    UART1_DefInit                            0x00002155   Thumb Code    30  ch57x_uart1.o(i.UART1_DefInit)
    UART1_INTCfg                             0x00002179   Thumb Code    40  ch57x_uart1.o(i.UART1_INTCfg)
    UART1_IRQHandler                         0x000021a5   Thumb Code   108  uart.o(i.UART1_IRQHandler)
    UART2_BaudRateCfg                        0x00002219   Thumb Code    40  ch57x_uart2.o(i.UART2_BaudRateCfg)
    UART2_DefInit                            0x00002245   Thumb Code    30  ch57x_uart2.o(i.UART2_DefInit)
    UART2_INTCfg                             0x00002269   Thumb Code    40  ch57x_uart2.o(i.UART2_INTCfg)
    UART2_IRQHandler                         0x00002295   Thumb Code   268  uart.o(i.UART2_IRQHandler)
    UART3_BaudRateCfg                        0x000023bd   Thumb Code    40  ch57x_uart3.o(i.UART3_BaudRateCfg)
    UART3_DefInit                            0x000023e9   Thumb Code    30  ch57x_uart3.o(i.UART3_DefInit)
    UART3_INTCfg                             0x0000240d   Thumb Code    40  ch57x_uart3.o(i.UART3_INTCfg)
    UART3_IRQHandler                         0x00002439   Thumb Code   268  uart.o(i.UART3_IRQHandler)
    __0printf$8                              0x00002561   Thumb Code    24  printf8.o(i.__0printf$8)
    __1printf$8                              0x00002561   Thumb Code     0  printf8.o(i.__0printf$8)
    __2printf                                0x00002561   Thumb Code     0  printf8.o(i.__0printf$8)
    __ARM_common_switch8                     0x00002581   Thumb Code    26  tcp.o(i.__ARM_common_switch8)
    __scatterload_copy                       0x0000259b   Thumb Code    14  handlers.o(i.__scatterload_copy)
    __scatterload_null                       0x000025a9   Thumb Code     2  handlers.o(i.__scatterload_null)
    __scatterload_zeroinit                   0x000025ab   Thumb Code    14  handlers.o(i.__scatterload_zeroinit)
    dhcp_arp_reply                           0x00002a2d   Thumb Code    38  ch57xnet_dhcp.o(i.dhcp_arp_reply)
    etharp_arp_input                         0x00002d89   Thumb Code   302  etharp.o(i.etharp_arp_input)
    etharp_ip_input                          0x00002ec5   Thumb Code    44  etharp.o(i.etharp_ip_input)
    etharp_output                            0x00002ef1   Thumb Code   198  etharp.o(i.etharp_output)
    etharp_query                             0x00002fbd   Thumb Code   170  etharp.o(i.etharp_query)
    etharp_request                           0x00003125   Thumb Code    32  etharp.o(i.etharp_request)
    etharp_tmr                               0x0000317d   Thumb Code    62  etharp.o(i.etharp_tmr)
    ethernet_input                           0x000031c5   Thumb Code    94  etharp.o(i.ethernet_input)
    ethernetif_init                          0x00003229   Thumb Code    54  ethernetif.o(i.ethernetif_init)
    ethernetif_input                         0x0000326d   Thumb Code    94  ethernetif.o(i.ethernetif_input)
    fputc                                    0x000033ed   Thumb Code    20  uart.o(i.fputc)
    htonl                                    0x00003401   Thumb Code     4  inet.o(i.htonl)
    htons                                    0x00003405   Thumb Code     4  inet.o(i.htons)
    icmp_dest_unreach                        0x00003409   Thumb Code    12  icmp.o(i.icmp_dest_unreach)
    icmp_input                               0x00003415   Thumb Code   494  icmp.o(i.icmp_input)
    inet_chksum                              0x00003673   Thumb Code    12  inet_chksum.o(i.inet_chksum)
    inet_chksum_pbuf                         0x0000367f   Thumb Code    62  inet_chksum.o(i.inet_chksum_pbuf)
    inet_chksum_pseudo                       0x000036bd   Thumb Code   120  inet_chksum.o(i.inet_chksum_pseudo)
    ip_addr_isbroadcast                      0x00003735   Thumb Code    58  ip_addr.o(i.ip_addr_isbroadcast)
    ip_frag                                  0x0000376f   Thumb Code   346  ip_frag.o(i.ip_frag)
    ip_input                                 0x000038c9   Thumb Code   572  ip.o(i.ip_input)
    ip_output                                0x00003b15   Thumb Code    50  ip.o(i.ip_output)
    ip_output_if                             0x00003b49   Thumb Code   262  ip.o(i.ip_output_if)
    ip_route                                 0x00003c55   Thumb Code    74  ip.o(i.ip_route)
    low_level_init                           0x00003ca9   Thumb Code   146  ethernetif.o(i.low_level_init)
    lwip_init                                0x00003ee1   Thumb Code    22  init.o(i.lwip_init)
    mDelaymS                                 0x00003f39   Thumb Code    26  ch57x_sys.o(i.mDelaymS)
    mDelayuS                                 0x00003f53   Thumb Code    34  ch57x_sys.o(i.mDelayuS)
    main                                     0x00003f75   Thumb Code    98  main.o(i.main)
    mem_free                                 0x00003ff1   Thumb Code    40  mem.o(i.mem_free)
    mem_init                                 0x0000401d   Thumb Code    68  mem.o(i.mem_init)
    mem_malloc                               0x0000406d   Thumb Code   168  mem.o(i.mem_malloc)
    mem_realloc                              0x00004121   Thumb Code   204  mem.o(i.mem_realloc)
    memp_free                                0x000041f9   Thumb Code    16  memp.o(i.memp_free)
    memp_init                                0x0000420d   Thumb Code    70  memp.o(i.memp_init)
    memp_malloc                              0x0000425d   Thumb Code    24  memp.o(i.memp_malloc)
    net_dns_loop                             0x00004279   Thumb Code    58  net_dns.o(i.net_dns_loop)
    net_dns_socket_close                     0x000042c5   Thumb Code    34  net_dns.o(i.net_dns_socket_close)
    net_init                                 0x000042ed   Thumb Code    68  net_init.o(i.net_init)
    net_initkeeplive                         0x0000435d   Thumb Code    22  net_init.o(i.net_initkeeplive)
    net_tcp_server_close                     0x00004379   Thumb Code    20  net_tcp_server.o(i.net_tcp_server_close)
    net_tcp_server_creat_socket              0x0000438d   Thumb Code   146  net_tcp_server.o(i.net_tcp_server_creat_socket)
    net_tcp_server_data                      0x00004449   Thumb Code   260  net_tcp_server.o(i.net_tcp_server_data)
    net_tcp_server_send                      0x00004559   Thumb Code    72  net_tcp_server.o(i.net_tcp_server_send)
    netif_add                                0x000045b9   Thumb Code    68  netif.o(i.netif_add)
    netif_is_up                              0x00004601   Thumb Code    10  netif.o(i.netif_is_up)
    netif_set_addr                           0x0000460b   Thumb Code    30  netif.o(i.netif_set_addr)
    netif_set_default                        0x00004629   Thumb Code     6  netif.o(i.netif_set_default)
    netif_set_gw                             0x00004635   Thumb Code    22  netif.o(i.netif_set_gw)
    netif_set_ipaddr                         0x0000464d   Thumb Code   124  netif.o(i.netif_set_ipaddr)
    netif_set_netmask                        0x000046d1   Thumb Code    22  netif.o(i.netif_set_netmask)
    ntohl                                    0x000046e7   Thumb Code     4  inet.o(i.ntohl)
    ntohs                                    0x000046eb   Thumb Code     4  inet.o(i.ntohs)
    pbuf_alloc                               0x000046f1   Thumb Code   270  pbuf.o(i.pbuf_alloc)
    pbuf_cat                                 0x00004805   Thumb Code    40  pbuf.o(i.pbuf_cat)
    pbuf_chain                               0x0000482d   Thumb Code    16  pbuf.o(i.pbuf_chain)
    pbuf_clen                                0x0000483d   Thumb Code    18  pbuf.o(i.pbuf_clen)
    pbuf_copy                                0x0000484f   Thumb Code   148  pbuf.o(i.pbuf_copy)
    pbuf_free                                0x000048e3   Thumb Code    68  pbuf.o(i.pbuf_free)
    pbuf_header                              0x00004927   Thumb Code   102  pbuf.o(i.pbuf_header)
    pbuf_realloc                             0x0000498d   Thumb Code    82  pbuf.o(i.pbuf_realloc)
    pbuf_ref                                 0x000049df   Thumb Code    12  pbuf.o(i.pbuf_ref)
    phy_change                               0x000049ed   Thumb Code    18  ch57xsock.o(i.phy_change)
    raw_bind                                 0x00004a5d   Thumb Code    24  raw.o(i.raw_bind)
    raw_connect                              0x00004a75   Thumb Code    24  raw.o(i.raw_connect)
    raw_input                                0x00004a8d   Thumb Code   110  raw.o(i.raw_input)
    raw_new                                  0x00004b01   Thumb Code    38  raw.o(i.raw_new)
    raw_recv                                 0x00004b2d   Thumb Code     6  raw.o(i.raw_recv)
    raw_remove                               0x00004b35   Thumb Code    46  raw.o(i.raw_remove)
    raw_send                                 0x00004b69   Thumb Code    10  raw.o(i.raw_send)
    raw_sendto                               0x00004b73   Thumb Code   146  raw.o(i.raw_sendto)
    tcp_abandon                              0x00004c05   Thumb Code   164  tcp.o(i.tcp_abandon)
    tcp_accept                               0x00004cad   Thumb Code     4  tcp.o(i.tcp_accept)
    tcp_alloc                                0x00004cb9   Thumb Code   260  tcp.o(i.tcp_alloc)
    tcp_arg                                  0x00004dcd   Thumb Code     4  tcp.o(i.tcp_arg)
    tcp_bind                                 0x00004dd1   Thumb Code   248  tcp.o(i.tcp_bind)
    tcp_close                                0x00004ecd   Thumb Code   176  tcp.o(i.tcp_close)
    tcp_eff_send_mss                         0x00004f81   Thumb Code    36  tcp.o(i.tcp_eff_send_mss)
    tcp_enqueue                              0x00004fa5   Thumb Code   970  tcp_out.o(i.tcp_enqueue)
    tcp_err                                  0x0000537d   Thumb Code     6  tcp.o(i.tcp_err)
    tcp_fasttmr                              0x00005385   Thumb Code    98  tcp.o(i.tcp_fasttmr)
    tcp_input                                0x000053ed   Thumb Code   956  tcp_in.o(i.tcp_input)
    tcp_keepalive                            0x000057bd   Thumb Code    90  tcp_out.o(i.tcp_keepalive)
    tcp_listen_with_backlog                  0x00005915   Thumb Code   124  tcp.o(i.tcp_listen_with_backlog)
    tcp_new                                  0x00005999   Thumb Code    10  tcp.o(i.tcp_new)
    tcp_next_iss                             0x00005a01   Thumb Code    12  tcp.o(i.tcp_next_iss)
    tcp_output                               0x00005ac5   Thumb Code   508  tcp_out.o(i.tcp_output)
    tcp_pcb_purge                            0x00005ee9   Thumb Code    68  tcp.o(i.tcp_pcb_purge)
    tcp_pcb_remove                           0x00005f2d   Thumb Code    86  tcp.o(i.tcp_pcb_remove)
    tcp_poll                                 0x00005f89   Thumb Code    10  tcp.o(i.tcp_poll)
    tcp_recv                                 0x00006a05   Thumb Code     6  tcp.o(i.tcp_recv)
    tcp_recv_null                            0x00006a0b   Thumb Code    36  tcp.o(i.tcp_recv_null)
    tcp_recved                               0x00006a31   Thumb Code    56  tcp.o(i.tcp_recved)
    tcp_recved_CH57x                         0x00006a6d   Thumb Code    10  ch57xsock.o(i.tcp_recved_CH57x)
    tcp_recved_socket                        0x00006a77   Thumb Code    38  ch57xsock.o(i.tcp_recved_socket)
    tcp_rexmit                               0x00006a9d   Thumb Code    80  tcp_out.o(i.tcp_rexmit)
    tcp_rexmit_fast                          0x00006aed   Thumb Code    78  tcp_out.o(i.tcp_rexmit_fast)
    tcp_rexmit_rto                           0x00006b3b   Thumb Code    48  tcp_out.o(i.tcp_rexmit_rto)
    tcp_rst                                  0x00006b6d   Thumb Code   216  tcp_out.o(i.tcp_rst)
    tcp_seg_copy                             0x00006c4d   Thumb Code    36  tcp.o(i.tcp_seg_copy)
    tcp_seg_free                             0x00006c71   Thumb Code    34  tcp.o(i.tcp_seg_free)
    tcp_segs_free                            0x00006c93   Thumb Code    26  tcp.o(i.tcp_segs_free)
    tcp_send                                 0x00006cad   Thumb Code   306  main.o(i.tcp_send)
    tcp_send_ctrl                            0x00006df5   Thumb Code    22  tcp_out.o(i.tcp_send_ctrl)
    tcp_send_empty_ack                       0x00006e0b   Thumb Code   110  tcp_out.o(i.tcp_send_empty_ack)
    tcp_sent                                 0x00006e79   Thumb Code     6  tcp.o(i.tcp_sent)
    tcp_server_connected_back                0x00006e81   Thumb Code    62  main.o(i.tcp_server_connected_back)
    tcp_server_disconnected_back             0x00006ed5   Thumb Code    74  main.o(i.tcp_server_disconnected_back)
    tcp_server_recv_back                     0x00006f31   Thumb Code    44  main.o(i.tcp_server_recv_back)
    tcp_slowtmr                              0x00006f61   Thumb Code   608  tcp.o(i.tcp_slowtmr)
    tcp_tmr                                  0x00007249   Thumb Code    24  tcp.o(i.tcp_tmr)
    tcp_update_rcv_ann_wnd                   0x00007265   Thumb Code    54  tcp.o(i.tcp_update_rcv_ann_wnd)
    tcp_write                                0x000072a1   Thumb Code    48  tcp_out.o(i.tcp_write)
    tcp_zero_window_probe                    0x000072d1   Thumb Code   186  tcp_out.o(i.tcp_zero_window_probe)
    time0_init                               0x00007391   Thumb Code    44  time.o(i.time0_init)
    uart_init                                0x000073c5   Thumb Code   252  uart.o(i.uart_init)
    uart_send_byte                           0x000074c5   Thumb Code    46  uart.o(i.uart_send_byte)
    udp_bind                                 0x00007505   Thumb Code   148  udp.o(i.udp_bind)
    udp_connect                              0x000075a1   Thumb Code   130  udp.o(i.udp_connect)
    udp_input                                0x00007629   Thumb Code   538  udp.o(i.udp_input)
    udp_new                                  0x0000784d   Thumb Code    26  udp.o(i.udp_new)
    udp_recv                                 0x00007867   Thumb Code     6  udp.o(i.udp_recv)
    udp_remove                               0x0000786d   Thumb Code    46  udp.o(i.udp_remove)
    udp_send                                 0x000078a1   Thumb Code    12  udp.o(i.udp_send)
    udp_sendto                               0x000078ad   Thumb Code    42  udp.o(i.udp_sendto)
    udp_sendto_if                            0x000078d7   Thumb Code   234  udp.o(i.udp_sendto_if)
    ErrTable                                 0x00007a50   Data          16  ch57xsock.o(.constdata)
    tcp_persist_backoff                      0x00007a60   Data           7  tcp.o(.constdata)
    tcp_backoff                              0x00007a67   Data          20  tcp.o(.constdata)
    ip_addr_any                              0x00007a7b   Data           4  ip_addr.o(.constdata)
    ip_addr_broadcast                        0x00007a7f   Data           4  ip_addr.o(.constdata)
    ethbroadcast                             0x00007a83   Data           6  etharp.o(.constdata)
    ethzero                                  0x00007a89   Data           6  etharp.o(.constdata)
    Region$$Table$$Base                      0x00007b08   Number         0  anon$$obj.o(Region$$Table)
    Region$$Table$$Limit                     0x00007b28   Number         0  anon$$obj.o(Region$$Table)
    main_len                                 0x20000000   Data           4  main.o(.data)
    main_str                                 0x20000004   Data           4  main.o(.data)
    client_ip                                0x20000008   Data           4  main.o(.data)
    socket1                                  0x2000000c   Data           4  main.o(.data)
    socket2                                  0x20000010   Data           4  main.o(.data)
    socket3                                  0x20000014   Data           4  main.o(.data)
    socket4                                  0x20000018   Data           4  main.o(.data)
    timer0_value                             0x2000001c   Data           4  time.o(.data)
    SysTickTimer                             0x20000020   Data           8  sys_tick.o(.data)
    MemNum                                   0x20000028   Data          16  net_init.o(.data)
    MemSize                                  0x20000038   Data          16  net_init.o(.data)
    MACAddr                                  0x20000048   Data           6  net_init.o(.data)
    IPAddr                                   0x2000004e   Data           4  net_init.o(.data)
    GWIPAddr                                 0x20000052   Data           4  net_init.o(.data)
    IPMask                                   0x20000056   Data           4  net_init.o(.data)
    CH57xNET_LEDCONN                         0x2000005a   Data           2  net_init.o(.data)
    CH57xNET_LEDDATA                         0x2000005c   Data           2  net_init.o(.data)
    net_dns_socket_index                     0x20000060   Data           1  net_dns.o(.data)
    dns_server_ip                            0x20000061   Data           4  net_dns.o(.data)
    dns_server_port                          0x20000066   Data           2  net_dns.o(.data)
    dns_local_port                           0x20000068   Data           2  net_dns.o(.data)
    nds_msg_id                               0x2000006a   Data           2  net_dns.o(.data)
    net_dns_ip_copy                          0x2000006c   Data           4  net_dns.o(.data)
    net_dns_start                            0x20000070   Data           1  net_dns.o(.data)
    net_dns_time_out_cnt                     0x20000074   Data           4  net_dns.o(.data)
    socket_client_t                          0x20000078   Data           8  net_tcp_server.o(.data)
    DHCPFlag                                 0x20000080   Data           1  ch57xnet_dhcp.o(.data)
    PHYFLAG                                  0x20000088   Data           1  ch57xsock.o(.data)
    physflag                                 0x20000089   Data           1  ch57xsock.o(.data)
    RxQueueEntries                           0x2000008a   Data           1  ch57xsock.o(.data)
    TxQueueEntries                           0x2000008b   Data           1  ch57xsock.o(.data)
    PingEnable                               0x2000008c   Data           1  ch57xsock.o(.data)
    SocketNum                                0x2000008d   Data           1  ch57xsock.o(.data)
    phytime                                  0x2000008e   Data           2  ch57xsock.o(.data)
    CH57xNETConfig                           0x20000090   Data           4  ch57xsock.o(.data)
    tcppackt                                 0x20000094   Data           4  ch57xsock.o(.data)
    SuccessPackets                           0x20000098   Data           4  eth.o(.data)
    netif_list                               0x200000b0   Data           4  netif.o(.data)
    netif_default                            0x200000b4   Data           4  netif.o(.data)
    tcp_ticks                                0x200000c0   Data           4  tcp.o(.data)
    tcp_bound_pcbs                           0x200000c4   Data           4  tcp.o(.data)
    tcp_listen_pcbs                          0x200000c8   Data           4  tcp.o(.data)
    tcp_active_pcbs                          0x200000cc   Data           4  tcp.o(.data)
    tcp_tw_pcbs                              0x200000d0   Data           4  tcp.o(.data)
    tcp_tmp_pcb                              0x200000d4   Data           4  tcp.o(.data)
    tcp_state_str                            0x200000d8   Data          44  tcp.o(.data)
    udp_pcbs                                 0x20000104   Data           4  udp.o(.data)
    DataLED                                  0x20000111   Data           1  ethernetif.o(.data)
    LocalTime                                0x20000114   Data           4  ethernetif.o(.data)
    TCPTimer                                 0x20000118   Data           4  ethernetif.o(.data)
    ARPTimer                                 0x2000011c   Data           4  ethernetif.o(.data)
    DHCPfineTimer                            0x20000120   Data           4  ethernetif.o(.data)
    DHCPcoarseTimer                          0x20000124   Data           4  ethernetif.o(.data)
    DHCPTestTimer                            0x20000128   Data           4  ethernetif.o(.data)
    DNSTimer                                 0x2000012c   Data           4  ethernetif.o(.data)
    CH57xMACAddr                             0x20000130   Data           4  ethernetif.o(.data)
    CH57xIPAddr                              0x20000134   Data           4  ethernetif.o(.data)
    CH57xGWIPAddr                            0x20000138   Data           4  ethernetif.o(.data)
    CH57xIPMask                              0x2000013c   Data           4  ethernetif.o(.data)
    TX_BUF_ADDR                              0x20000140   Data           4  ethernetif.o(.data)
    TX_DESC_ADDR                             0x20000144   Data           4  ethernetif.o(.data)
    RX_BUF_ADDR                              0x20000148   Data           4  ethernetif.o(.data)
    RX_DESC_ADDR                             0x2000014c   Data           4  ethernetif.o(.data)
    memp_sizes                               0x20000154   Data           4  memp.o(.data)
    memp_num                                 0x20000158   Data           4  memp.o(.data)
    tcp_input_pcb                            0x20000178   Data           4  tcp_in.o(.data)
    current_netif                            0x20000180   Data           4  ip.o(.data)
    current_header                           0x20000184   Data           4  ip.o(.data)
    __stdout                                 0x20000188   Data           4  stdout.o(.data)
    TcpMybuf                                 0x2000018c   Data          10  main.o(.bss)
    RxBuffer                                 0x20000198   Data          64  main.o(.bss)
    TxBuffer                                 0x200001d8   Data          64  main.o(.bss)
    main_buffer                              0x20000218   Data        1024  main.o(.bss)
    net_tcp_server                           0x20000618   Data        2704  main.o(.bss)
    PCUploadBuf                              0x200010a8   Data        1006  uart.o(.bss)
    SocketInf                                0x200014a0   Data         240  net_init.o(.bss)
    CH57xMACRxDesBuf                         0x20001590   Data          64  net_init.o(.bss)
    CH57xMACRxBuf                            0x200015d0   Data        2400  net_init.o(.bss)
    Memp_Memory                              0x20001f30   Data        5147  net_init.o(.bss)
    Mem_Heap_Memory                          0x2000334c   Data        4620  net_init.o(.bss)
    Mem_ArpTable                             0x20004558   Data         160  net_init.o(.bss)
    CH57xInf                                 0x200045f8   Data          68  ch57xsock.o(.bss)
    CH57xCfg                                 0x2000463c   Data          20  ch57xsock.o(.bss)
    KeepLiveCfg                              0x20004650   Data          12  ch57xsock.o(.bss)
    DHCPCtrl                                 0x20004660   Data          24  ethernetif.o(.bss)
    CH57xNetIf                               0x20004678   Data          56  ethernetif.o(.bss)
    CH57xMACTxDesBuf                         0x200046b0   Data          32  ethernetif.o(.bss)
    CH57xMACTxBuf                            0x200046d0   Data        1536  ethernetif.o(.bss)
    dhcp_host_name                           0x20004cd0   Data          50  ethernetif.o(.bss)
    RxCtrl                                   0x20004d04   Data         196  ethernetif.o(.bss)
    TXCtrl                                   0x20004dc8   Data          20  ethernetif.o(.bss)
    SelARP                                   0x20004ddc   Data          10  ipcheck.o(.bss)
    DNSInf                                   0x20004de8   Data          20  ch57xnet_nds.o(.bss)
    __initial_sp                             0x20008000   Number         0  startup_armcm0.o ABSOLUTE



==============================================================================

Memory Map of the image

  Image Entry point : 0x00000091

  Load Region LR_IROM1 (Base: 0x00000000, Size: 0x00007cb4, Max: 0x0003e800, ABSOLUTE, COMPRESSED[0x00007bac])

    Execution Region ER_IROM1 (Exec base: 0x00000000, Load base: 0x00000000, Size: 0x00007b28, Max: 0x0003e800, ABSOLUTE)

    Exec Addr    Load Addr    Size         Type   Attr      Idx    E Section Name        Object

    0x00000000   0x00000000   0x00000090   Data   RO         1734    RESET               startup_armcm0.o
    0x00000090   0x00000090   0x00000000   Code   RO         2766  * .ARM.Collect$$$$00000000  mc_p.l(entry.o)
    0x00000090   0x00000090   0x00000004   Code   RO         3056    .ARM.Collect$$$$00000001  mc_p.l(entry2.o)
    0x00000094   0x00000094   0x00000004   Code   RO         3059    .ARM.Collect$$$$00000004  mc_p.l(entry5.o)
    0x00000098   0x00000098   0x00000000   Code   RO         3061    .ARM.Collect$$$$00000008  mc_p.l(entry7b.o)
    0x00000098   0x00000098   0x00000000   Code   RO         3063    .ARM.Collect$$$$0000000A  mc_p.l(entry8b.o)
    0x00000098   0x00000098   0x00000008   Code   RO         3064    .ARM.Collect$$$$0000000B  mc_p.l(entry9a.o)
    0x000000a0   0x000000a0   0x00000000   Code   RO         3066    .ARM.Collect$$$$0000000D  mc_p.l(entry10a.o)
    0x000000a0   0x000000a0   0x00000000   Code   RO         3068    .ARM.Collect$$$$0000000F  mc_p.l(entry11a.o)
    0x000000a0   0x000000a0   0x00000004   Code   RO         3057    .ARM.Collect$$$$00002712  mc_p.l(entry2.o)
    0x000000a4   0x000000a4   0x0000001c   Code   RO         1735    .text               startup_armcm0.o
    0x000000c0   0x000000c0   0x0000002c   Code   RO         2769    .text               mc_p.l(uidiv.o)
    0x000000ec   0x000000ec   0x00000028   Code   RO         2771    .text               mc_p.l(idiv.o)
    0x00000114   0x00000114   0x00000024   Code   RO         2773    .text               mc_p.l(memcpya.o)
    0x00000138   0x00000138   0x00000024   Code   RO         2775    .text               mc_p.l(memseta.o)
    0x0000015c   0x0000015c   0x0000001a   Code   RO         2785    .text               mc_p.l(memcmp.o)
    0x00000176   0x00000176   0x00000012   Code   RO         2787    .text               mc_p.l(strcpy.o)
    0x00000188   0x00000188   0x00000014   Code   RO         3052    .text               mc_p.l(uread4.o)
    0x0000019c   0x0000019c   0x00000012   Code   RO         3054    .text               mc_p.l(uwrite4.o)
    0x000001ae   0x000001ae   0x00000060   Code   RO         3071    .text               mc_p.l(uldiv.o)
    0x0000020e   0x0000020e   0x00000002   PAD
    0x00000210   0x00000210   0x00000024   Code   RO         3084    .text               mc_p.l(init.o)
    0x00000234   0x00000234   0x00000020   Code   RO         3086    .text               mc_p.l(llshl.o)
    0x00000254   0x00000254   0x00000022   Code   RO         3088    .text               mc_p.l(llushr.o)
    0x00000276   0x00000276   0x00000056   Code   RO         3103    .text               mc_p.l(__dczerorl2.o)
    0x000002cc   0x000002cc   0x00000064   Code   RO         2265    i.CH57xFileCorrectTCBPcb  CH57xNET.LIB(ch57xsock.o)
    0x00000330   0x00000330   0x00000038   Code   RO         2267    i.CH57xIPSetSocketRecvInit  CH57xNET.LIB(ch57xsock.o)
    0x00000368   0x00000368   0x00000080   Code   RO         2634    i.CH57xMACRxSuccHandle  CH57xNET.LIB(ethernetif.o)
    0x000003e8   0x000003e8   0x00000014   Code   RO         2269    i.CH57xNET_ConfigKeepLive  CH57xNET.LIB(ch57xsock.o)
    0x000003fc   0x000003fc   0x00000020   Code   RO         2270    i.CH57xNET_ConfigLIB  CH57xNET.LIB(ch57xsock.o)
    0x0000041c   0x0000041c   0x00000008   Code   RO         2271    i.CH57xNET_ETHIsr   CH57xNET.LIB(ch57xsock.o)
    0x00000424   0x00000424   0x00000014   Code   RO         2272    i.CH57xNET_GetGlobalInt  CH57xNET.LIB(ch57xsock.o)
    0x00000438   0x00000438   0x0000000c   Code   RO         2273    i.CH57xNET_GetPHYStatus  CH57xNET.LIB(ch57xsock.o)
    0x00000444   0x00000444   0x00000024   Code   RO         2274    i.CH57xNET_GetSocketInt  CH57xNET.LIB(ch57xsock.o)
    0x00000468   0x00000468   0x00000004   Code   RO         2275    i.CH57xNET_GetVer   CH57xNET.LIB(ch57xsock.o)
    0x0000046c   0x0000046c   0x00000048   Code   RO            3    i.CH57xNET_HandleGlobalInt  main.o
    0x000004b4   0x000004b4   0x00000134   Code   RO         2276    i.CH57xNET_Init     CH57xNET.LIB(ch57xsock.o)
    0x000005e8   0x000005e8   0x00000060   Code   RO         1892    i.CH57xNET_LibInit  net_init.o
    0x00000648   0x00000648   0x0000002c   Code   RO         2277    i.CH57xNET_MainTask  CH57xNET.LIB(ch57xsock.o)
    0x00000674   0x00000674   0x0000003c   Code   RO         2278    i.CH57xNET_ModifyRecvBuf  CH57xNET.LIB(ch57xsock.o)
    0x000006b0   0x000006b0   0x0000003c   Code   RO         2282    i.CH57xNET_QueryGlobalInt  CH57xNET.LIB(ch57xsock.o)
    0x000006ec   0x000006ec   0x00000054   Code   RO         2286    i.CH57xNET_SocketClose  CH57xNET.LIB(ch57xsock.o)
    0x00000740   0x00000740   0x00000194   Code   RO         2288    i.CH57xNET_SocketCreat  CH57xNET.LIB(ch57xsock.o)
    0x000008d4   0x000008d4   0x00000050   Code   RO         2289    i.CH57xNET_SocketListen  CH57xNET.LIB(ch57xsock.o)
    0x00000924   0x00000924   0x00000190   Code   RO         2290    i.CH57xNET_SocketRecv  CH57xNET.LIB(ch57xsock.o)
    0x00000ab4   0x00000ab4   0x00000018   Code   RO         2291    i.CH57xNET_SocketRecvLen  CH57xNET.LIB(ch57xsock.o)
    0x00000acc   0x00000acc   0x00000040   Code   RO         2292    i.CH57xNET_SocketSend  CH57xNET.LIB(ch57xsock.o)
    0x00000b0c   0x00000b0c   0x00000030   Code   RO         2293    i.CH57xNET_SocketSetKeepLive  CH57xNET.LIB(ch57xsock.o)
    0x00000b3c   0x00000b3c   0x00000044   Code   RO         2295    i.CH57xNET_TimeIsr  CH57xNET.LIB(ch57xsock.o)
    0x00000b80   0x00000b80   0x00000048   Code   RO         2296    i.CH57xScokedIntHandle  CH57xNET.LIB(ch57xsock.o)
    0x00000bc8   0x00000bc8   0x00000030   Code   RO         2297    i.CH57xSocketInit   CH57xNET.LIB(ch57xsock.o)
    0x00000bf8   0x00000bf8   0x0000010c   Code   RO         2298    i.CH57xSocketTCPReceive  CH57xNET.LIB(ch57xsock.o)
    0x00000d04   0x00000d04   0x00000002   Code   RO         2300    i.CH57xTCPError     CH57xNET.LIB(ch57xsock.o)
    0x00000d06   0x00000d06   0x00000002   PAD
    0x00000d08   0x00000d08   0x00000098   Code   RO         2301    i.CH57xTCPServerAccept  CH57xNET.LIB(ch57xsock.o)
    0x00000da0   0x00000da0   0x00000030   Code   RO         2302    i.CloseIPRAWConnect  CH57xNET.LIB(ch57xsock.o)
    0x00000dd0   0x00000dd0   0x00000054   Code   RO         2303    i.CloseTcpPCB       CH57xNET.LIB(ch57xsock.o)
    0x00000e24   0x00000e24   0x00000030   Code   RO         2304    i.CloseUpdConnect   CH57xNET.LIB(ch57xsock.o)
    0x00000e54   0x00000e54   0x0000010c   Code   RO         2388    i.ETHInit           CH57xNET.LIB(eth.o)
    0x00000f60   0x00000f60   0x00000060   Code   RO         2389    i.ETHRec            CH57xNET.LIB(eth.o)
    0x00000fc0   0x00000fc0   0x0000005c   Code   RO         2390    i.ETHSend           CH57xNET.LIB(eth.o)
    0x0000101c   0x0000101c   0x00000008   Code   RO         1893    i.ETH_IRQHandler    net_init.o
    0x00001024   0x00001024   0x000000a8   Code   RO         2391    i.ETH_IRQ_Deal      CH57xNET.LIB(eth.o)
    0x000010cc   0x000010cc   0x00000018   Code   RO         2305    i.ErrorEncode       CH57xNET.LIB(ch57xsock.o)
    0x000010e4   0x000010e4   0x00000098   Code   RO          645    i.GPIOA_ModeCfg     ch57x_gpio.o
    0x0000117c   0x0000117c   0x00000098   Code   RO          647    i.GPIOB_ModeCfg     ch57x_gpio.o
    0x00001214   0x00001214   0x00000020   Code   RO          648    i.GPIOPinRemap      ch57x_gpio.o
    0x00001234   0x00001234   0x0000001c   Code   RO          599    i.GetMACAddress     ch57x_flash.o
    0x00001250   0x00001250   0x00000022   Code   RO         1894    i.GetMacAddr        net_init.o
    0x00001272   0x00001272   0x00000002   PAD
    0x00001274   0x00001274   0x00000050   Code   RO          467    i.GetSysClock       ch57x_clk.o
    0x000012c4   0x000012c4   0x00000028   Code   RO         2680    i.IPCheckParaInit   CH57xNET.LIB(ipcheck.o)
    0x000012ec   0x000012ec   0x00000058   Code   RO         2681    i.IPCheckTmr        CH57xNET.LIB(ipcheck.o)
    0x00001344   0x00001344   0x00000030   Code   RO         2682    i.IPConflictHandle  CH57xNET.LIB(ipcheck.o)
    0x00001374   0x00001374   0x00000024   Code   RO         2677    i.InitCH57xMAC      CH57xNET.LIB(hal.o)
    0x00001398   0x00001398   0x000000ec   Code   RO         2636    i.LwIPPeriodicHandle  CH57xNET.LIB(ethernetif.o)
    0x00001484   0x00001484   0x0000000c   Code   RO         2306    i.LwipArpCheck      CH57xNET.LIB(ch57xsock.o)
    0x00001490   0x00001490   0x00000070   Code   RO         2307    i.LwipRemoveTcpPcb  CH57xNET.LIB(ch57xsock.o)
    0x00001500   0x00001500   0x00000004   Code   RO         2308    i.LwipTCPPollCallBack  CH57xNET.LIB(ch57xsock.o)
    0x00001504   0x00001504   0x00000036   Code   RO         2309    i.LwipTCPSendCallBack  CH57xNET.LIB(ch57xsock.o)
    0x0000153a   0x0000153a   0x00000002   PAD
    0x0000153c   0x0000153c   0x0000001c   Code   RO         2311    i.LwipUnreachPort   CH57xNET.LIB(ch57xsock.o)
    0x00001558   0x00001558   0x00000016   Code   RO         2312    i.MemShortCopy      CH57xNET.LIB(ch57xsock.o)
    0x0000156e   0x0000156e   0x00000002   PAD
    0x00001570   0x00001570   0x00000098   Code   RO          697    i.NMI_Handler       ch57x_int.o
    0x00001608   0x00001608   0x00000014   Code   RO          177    i.NVIC_EnableIRQ    uart.o
    0x0000161c   0x0000161c   0x00000078   Code   RO          178    i.NVIC_SetPriority  uart.o
    0x00001694   0x00001694   0x00000078   Code   RO          272    i.NVIC_SetPriority  time.o
    0x0000170c   0x0000170c   0x00000078   Code   RO         1895    i.NVIC_SetPriority  net_init.o
    0x00001784   0x00001784   0x000000a0   Code   RO          794    i.PWR_UnitModCfg    ch57x_pwr.o
    0x00001824   0x00001824   0x00000060   Code   RO          795    i.PowerMonitor      ch57x_pwr.o
    0x00001884   0x00001884   0x0000006c   Code   RO         2637    i.QuaryEthRxDma     CH57xNET.LIB(ethernetif.o)
    0x000018f0   0x000018f0   0x0000000c   Code   RO         2313    i.QueryPingEnable   CH57xNET.LIB(ch57xsock.o)
    0x000018fc   0x000018fc   0x00000014   Code   RO         2394    i.ReadPHYReg        CH57xNET.LIB(eth.o)
    0x00001910   0x00001910   0x00000038   Code   RO         2470    i.RemoveTimeWaiTCP  CH57xNET.LIB(tcp.o)
    0x00001948   0x00001948   0x00000020   Code   RO         1015    i.SYS_ResetExecute  ch57x_sys.o
    0x00001968   0x00001968   0x00000020   Code   RO         2683    i.SelIPARPSend      CH57xNET.LIB(ipcheck.o)
    0x00001988   0x00001988   0x00000160   Code   RO          483    i.SetSysClock       ch57x_clk.o
    0x00001ae8   0x00001ae8   0x00000094   Code   RO         2638    i.SetupNetif        CH57xNET.LIB(ethernetif.o)
    0x00001b7c   0x00001b7c   0x000000ac   Code   RO         2314    i.SocketIPRAWReceive  CH57xNET.LIB(ch57xsock.o)
    0x00001c28   0x00001c28   0x000000cc   Code   RO         2315    i.SocketIPRawSend   CH57xNET.LIB(ch57xsock.o)
    0x00001cf4   0x00001cf4   0x00000104   Code   RO         2316    i.SocketTcpSend     CH57xNET.LIB(ch57xsock.o)
    0x00001df8   0x00001df8   0x000000b8   Code   RO         2317    i.SocketUdpReceive  CH57xNET.LIB(ch57xsock.o)
    0x00001eb0   0x00001eb0   0x000000c0   Code   RO         2318    i.SocketUdpSend     CH57xNET.LIB(ch57xsock.o)
    0x00001f70   0x00001f70   0x00000018   Code   RO          346    i.SysTick_Handler   sys_tick.o
    0x00001f88   0x00001f88   0x0000002c   Code   RO          484    i.SystemInit        ch57x_clk.o
    0x00001fb4   0x00001fb4   0x0000006c   Code   RO          273    i.TMR0_IRQHandler   time.o
    0x00002020   0x00002020   0x00000014   Code   RO         1089    i.TMR0_TimerInit    ch57x_timer0.o
    0x00002034   0x00002034   0x0000002c   Code   RO         1273    i.UART0_BaudRateCfg  ch57x_uart0.o
    0x00002060   0x00002060   0x00000024   Code   RO         1275    i.UART0_DefInit     ch57x_uart0.o
    0x00002084   0x00002084   0x0000002c   Code   RO         1276    i.UART0_INTCfg      ch57x_uart0.o
    0x000020b0   0x000020b0   0x00000078   Code   RO          179    i.UART0_IRQHandler  uart.o
    0x00002128   0x00002128   0x0000002c   Code   RO         1329    i.UART1_BaudRateCfg  ch57x_uart1.o
    0x00002154   0x00002154   0x00000024   Code   RO         1331    i.UART1_DefInit     ch57x_uart1.o
    0x00002178   0x00002178   0x0000002c   Code   RO         1332    i.UART1_INTCfg      ch57x_uart1.o
    0x000021a4   0x000021a4   0x00000074   Code   RO          180    i.UART1_IRQHandler  uart.o
    0x00002218   0x00002218   0x0000002c   Code   RO         1385    i.UART2_BaudRateCfg  ch57x_uart2.o
    0x00002244   0x00002244   0x00000024   Code   RO         1387    i.UART2_DefInit     ch57x_uart2.o
    0x00002268   0x00002268   0x0000002c   Code   RO         1388    i.UART2_INTCfg      ch57x_uart2.o
    0x00002294   0x00002294   0x00000128   Code   RO          181    i.UART2_IRQHandler  uart.o
    0x000023bc   0x000023bc   0x0000002c   Code   RO         1441    i.UART3_BaudRateCfg  ch57x_uart3.o
    0x000023e8   0x000023e8   0x00000024   Code   RO         1443    i.UART3_DefInit     ch57x_uart3.o
    0x0000240c   0x0000240c   0x0000002c   Code   RO         1444    i.UART3_INTCfg      ch57x_uart3.o
    0x00002438   0x00002438   0x00000128   Code   RO          182    i.UART3_IRQHandler  uart.o
    0x00002560   0x00002560   0x00000020   Code   RO         2998    i.__0printf$8       mc_p.l(printf8.o)
    0x00002580   0x00002580   0x0000001a   Code   RO         2536    i.__ARM_common_switch8  CH57xNET.LIB(tcp.o)
    0x0000259a   0x0000259a   0x0000000e   Code   RO         3097    i.__scatterload_copy  mc_p.l(handlers.o)
    0x000025a8   0x000025a8   0x00000002   Code   RO         3098    i.__scatterload_null  mc_p.l(handlers.o)
    0x000025aa   0x000025aa   0x0000000e   Code   RO         3099    i.__scatterload_zeroinit  mc_p.l(handlers.o)
    0x000025b8   0x000025b8   0x00000428   Code   RO         3005    i._printf_core      mc_p.l(printf8.o)
    0x000029e0   0x000029e0   0x00000020   Code   RO         3006    i._printf_post_padding  mc_p.l(printf8.o)
    0x00002a00   0x00002a00   0x0000002c   Code   RO         3007    i._printf_pre_padding  mc_p.l(printf8.o)
    0x00002a2c   0x00002a2c   0x00000026   Code   RO         2196    i.dhcp_arp_reply    CH57xNET.LIB(ch57xnet_dhcp.o)
    0x00002a52   0x00002a52   0x00000002   PAD
    0x00002a54   0x00002a54   0x00000134   Code   RO         2200    i.dhcp_create_request  CH57xNET.LIB(ch57xnet_dhcp.o)
    0x00002b88   0x00002b88   0x000000bc   Code   RO         2201    i.dhcp_decline      CH57xNET.LIB(ch57xnet_dhcp.o)
    0x00002c44   0x00002c44   0x0000001e   Code   RO         2202    i.dhcp_delete_request  CH57xNET.LIB(ch57xnet_dhcp.o)
    0x00002c62   0x00002c62   0x00000020   Code   RO         2211    i.dhcp_option       CH57xNET.LIB(ch57xnet_dhcp.o)
    0x00002c82   0x00002c82   0x00000010   Code   RO         2212    i.dhcp_option_byte  CH57xNET.LIB(ch57xnet_dhcp.o)
    0x00002c92   0x00002c92   0x00000042   Code   RO         2213    i.dhcp_option_long  CH57xNET.LIB(ch57xnet_dhcp.o)
    0x00002cd4   0x00002cd4   0x00000074   Code   RO         2214    i.dhcp_option_mac   CH57xNET.LIB(ch57xnet_dhcp.o)
    0x00002d48   0x00002d48   0x00000030   Code   RO         2216    i.dhcp_option_trailer  CH57xNET.LIB(ch57xnet_dhcp.o)
    0x00002d78   0x00002d78   0x0000000e   Code   RO         2223    i.dhcp_set_state    CH57xNET.LIB(ch57xnet_dhcp.o)
    0x00002d86   0x00002d86   0x00000002   PAD
    0x00002d88   0x00002d88   0x0000013c   Code   RO         2605    i.etharp_arp_input  CH57xNET.LIB(etharp.o)
    0x00002ec4   0x00002ec4   0x0000002c   Code   RO         2607    i.etharp_ip_input   CH57xNET.LIB(etharp.o)
    0x00002ef0   0x00002ef0   0x000000cc   Code   RO         2608    i.etharp_output     CH57xNET.LIB(etharp.o)
    0x00002fbc   0x00002fbc   0x000000b0   Code   RO         2609    i.etharp_query      CH57xNET.LIB(etharp.o)
    0x0000306c   0x0000306c   0x000000b8   Code   RO         2610    i.etharp_raw        CH57xNET.LIB(etharp.o)
    0x00003124   0x00003124   0x00000024   Code   RO         2611    i.etharp_request    CH57xNET.LIB(etharp.o)
    0x00003148   0x00003148   0x00000034   Code   RO         2612    i.etharp_send_ip    CH57xNET.LIB(etharp.o)
    0x0000317c   0x0000317c   0x00000048   Code   RO         2613    i.etharp_tmr        CH57xNET.LIB(etharp.o)
    0x000031c4   0x000031c4   0x00000064   Code   RO         2614    i.ethernet_input    CH57xNET.LIB(etharp.o)
    0x00003228   0x00003228   0x00000044   Code   RO         2639    i.ethernetif_init   CH57xNET.LIB(ethernetif.o)
    0x0000326c   0x0000326c   0x00000070   Code   RO         2640    i.ethernetif_input  CH57xNET.LIB(ethernetif.o)
    0x000032dc   0x000032dc   0x00000110   Code   RO         2615    i.find_entry        CH57xNET.LIB(etharp.o)
    0x000033ec   0x000033ec   0x00000014   Code   RO          183    i.fputc             uart.o
    0x00003400   0x00003400   0x00000004   Code   RO         2585    i.htonl             CH57xNET.LIB(inet.o)
    0x00003404   0x00003404   0x00000004   Code   RO         2586    i.htons             CH57xNET.LIB(inet.o)
    0x00003408   0x00003408   0x0000000c   Code   RO         2741    i.icmp_dest_unreach  CH57xNET.LIB(icmp.o)
    0x00003414   0x00003414   0x000001f4   Code   RO         2742    i.icmp_input        CH57xNET.LIB(icmp.o)
    0x00003608   0x00003608   0x0000006a   Code   RO         2743    i.icmp_send_response  CH57xNET.LIB(icmp.o)
    0x00003672   0x00003672   0x0000000c   Code   RO         2756    i.inet_chksum       CH57xNET.LIB(inet_chksum.o)
    0x0000367e   0x0000367e   0x0000003e   Code   RO         2757    i.inet_chksum_pbuf  CH57xNET.LIB(inet_chksum.o)
    0x000036bc   0x000036bc   0x00000078   Code   RO         2758    i.inet_chksum_pseudo  CH57xNET.LIB(inet_chksum.o)
    0x00003734   0x00003734   0x0000003a   Code   RO         2600    i.ip_addr_isbroadcast  CH57xNET.LIB(ip_addr.o)
    0x0000376e   0x0000376e   0x0000015a   Code   RO         2764    i.ip_frag           CH57xNET.LIB(ip_frag.o)
    0x000038c8   0x000038c8   0x0000024c   Code   RO         2747    i.ip_input          CH57xNET.LIB(ip.o)
    0x00003b14   0x00003b14   0x00000032   Code   RO         2748    i.ip_output         CH57xNET.LIB(ip.o)
    0x00003b46   0x00003b46   0x00000002   PAD
    0x00003b48   0x00003b48   0x0000010c   Code   RO         2749    i.ip_output_if      CH57xNET.LIB(ip.o)
    0x00003c54   0x00003c54   0x00000054   Code   RO         2750    i.ip_route          CH57xNET.LIB(ip.o)
    0x00003ca8   0x00003ca8   0x000000bc   Code   RO         2641    i.low_level_init    CH57xNET.LIB(ethernetif.o)
    0x00003d64   0x00003d64   0x000000d8   Code   RO         2642    i.low_level_input   CH57xNET.LIB(ethernetif.o)
    0x00003e3c   0x00003e3c   0x000000a4   Code   RO         2643    i.low_level_output  CH57xNET.LIB(ethernetif.o)
    0x00003ee0   0x00003ee0   0x0000001c   Code   RO         2715    i.lwip_init         CH57xNET.LIB(init.o)
    0x00003efc   0x00003efc   0x0000003c   Code   RO         2759    i.lwip_standard_chksum  CH57xNET.LIB(inet_chksum.o)
    0x00003f38   0x00003f38   0x0000001a   Code   RO         1019    i.mDelaymS          ch57x_sys.o
    0x00003f52   0x00003f52   0x00000022   Code   RO         1020    i.mDelayuS          ch57x_sys.o
    0x00003f74   0x00003f74   0x0000007c   Code   RO            4    i.main              main.o
    0x00003ff0   0x00003ff0   0x0000002c   Code   RO         2409    i.mem_free          CH57xNET.LIB(mem.o)
    0x0000401c   0x0000401c   0x00000050   Code   RO         2410    i.mem_init          CH57xNET.LIB(mem.o)
    0x0000406c   0x0000406c   0x000000b4   Code   RO         2411    i.mem_malloc        CH57xNET.LIB(mem.o)
    0x00004120   0x00004120   0x000000d8   Code   RO         2412    i.mem_realloc       CH57xNET.LIB(mem.o)
    0x000041f8   0x000041f8   0x00000014   Code   RO         2717    i.memp_free         CH57xNET.LIB(memp.o)
    0x0000420c   0x0000420c   0x00000050   Code   RO         2718    i.memp_init         CH57xNET.LIB(memp.o)
    0x0000425c   0x0000425c   0x0000001c   Code   RO         2719    i.memp_malloc       CH57xNET.LIB(memp.o)
    0x00004278   0x00004278   0x0000004c   Code   RO         1982    i.net_dns_loop      net_dns.o
    0x000042c4   0x000042c4   0x00000028   Code   RO         1990    i.net_dns_socket_close  net_dns.o
    0x000042ec   0x000042ec   0x00000070   Code   RO         1896    i.net_init          net_init.o
    0x0000435c   0x0000435c   0x0000001c   Code   RO         1897    i.net_initkeeplive  net_init.o
    0x00004378   0x00004378   0x00000014   Code   RO         2144    i.net_tcp_server_close  net_tcp_server.o
    0x0000438c   0x0000438c   0x000000bc   Code   RO         2145    i.net_tcp_server_creat_socket  net_tcp_server.o
    0x00004448   0x00004448   0x00000110   Code   RO         2146    i.net_tcp_server_data  net_tcp_server.o
    0x00004558   0x00004558   0x00000060   Code   RO         2147    i.net_tcp_server_send  net_tcp_server.o
    0x000045b8   0x000045b8   0x00000048   Code   RO         2421    i.netif_add         CH57xNET.LIB(netif.o)
    0x00004600   0x00004600   0x0000000a   Code   RO         2423    i.netif_is_up       CH57xNET.LIB(netif.o)
    0x0000460a   0x0000460a   0x0000001e   Code   RO         2425    i.netif_set_addr    CH57xNET.LIB(netif.o)
    0x00004628   0x00004628   0x0000000c   Code   RO         2426    i.netif_set_default  CH57xNET.LIB(netif.o)
    0x00004634   0x00004634   0x00000016   Code   RO         2428    i.netif_set_gw      CH57xNET.LIB(netif.o)
    0x0000464a   0x0000464a   0x00000002   PAD
    0x0000464c   0x0000464c   0x00000084   Code   RO         2429    i.netif_set_ipaddr  CH57xNET.LIB(netif.o)
    0x000046d0   0x000046d0   0x00000016   Code   RO         2430    i.netif_set_netmask  CH57xNET.LIB(netif.o)
    0x000046e6   0x000046e6   0x00000004   Code   RO         2590    i.ntohl             CH57xNET.LIB(inet.o)
    0x000046ea   0x000046ea   0x00000004   Code   RO         2591    i.ntohs             CH57xNET.LIB(inet.o)
    0x000046ee   0x000046ee   0x00000002   PAD
    0x000046f0   0x000046f0   0x00000114   Code   RO         2444    i.pbuf_alloc        CH57xNET.LIB(pbuf.o)
    0x00004804   0x00004804   0x00000028   Code   RO         2445    i.pbuf_cat          CH57xNET.LIB(pbuf.o)
    0x0000482c   0x0000482c   0x00000010   Code   RO         2446    i.pbuf_chain        CH57xNET.LIB(pbuf.o)
    0x0000483c   0x0000483c   0x00000012   Code   RO         2447    i.pbuf_clen         CH57xNET.LIB(pbuf.o)
    0x0000484e   0x0000484e   0x00000094   Code   RO         2449    i.pbuf_copy         CH57xNET.LIB(pbuf.o)
    0x000048e2   0x000048e2   0x00000044   Code   RO         2452    i.pbuf_free         CH57xNET.LIB(pbuf.o)
    0x00004926   0x00004926   0x00000066   Code   RO         2453    i.pbuf_header       CH57xNET.LIB(pbuf.o)
    0x0000498c   0x0000498c   0x00000052   Code   RO         2454    i.pbuf_realloc      CH57xNET.LIB(pbuf.o)
    0x000049de   0x000049de   0x0000000c   Code   RO         2455    i.pbuf_ref          CH57xNET.LIB(pbuf.o)
    0x000049ea   0x000049ea   0x00000002   PAD
    0x000049ec   0x000049ec   0x0000001c   Code   RO         2320    i.phy_change        CH57xNET.LIB(ch57xsock.o)
    0x00004a08   0x00004a08   0x00000054   Code   RO         2413    i.plug_holes        CH57xNET.LIB(mem.o)
    0x00004a5c   0x00004a5c   0x00000018   Code   RO         2659    i.raw_bind          CH57xNET.LIB(raw.o)
    0x00004a74   0x00004a74   0x00000018   Code   RO         2660    i.raw_connect       CH57xNET.LIB(raw.o)
    0x00004a8c   0x00004a8c   0x00000074   Code   RO         2661    i.raw_input         CH57xNET.LIB(raw.o)
    0x00004b00   0x00004b00   0x0000002c   Code   RO         2662    i.raw_new           CH57xNET.LIB(raw.o)
    0x00004b2c   0x00004b2c   0x00000006   Code   RO         2663    i.raw_recv          CH57xNET.LIB(raw.o)
    0x00004b32   0x00004b32   0x00000002   PAD
    0x00004b34   0x00004b34   0x00000034   Code   RO         2664    i.raw_remove        CH57xNET.LIB(raw.o)
    0x00004b68   0x00004b68   0x0000000a   Code   RO         2665    i.raw_send          CH57xNET.LIB(raw.o)
    0x00004b72   0x00004b72   0x00000092   Code   RO         2666    i.raw_sendto        CH57xNET.LIB(raw.o)
    0x00004c04   0x00004c04   0x000000a8   Code   RO         2471    i.tcp_abandon       CH57xNET.LIB(tcp.o)
    0x00004cac   0x00004cac   0x00000004   Code   RO         2472    i.tcp_accept        CH57xNET.LIB(tcp.o)
    0x00004cb0   0x00004cb0   0x00000006   Code   RO         2473    i.tcp_accept_null   CH57xNET.LIB(tcp.o)
    0x00004cb6   0x00004cb6   0x00000002   PAD
    0x00004cb8   0x00004cb8   0x00000114   Code   RO         2474    i.tcp_alloc         CH57xNET.LIB(tcp.o)
    0x00004dcc   0x00004dcc   0x00000004   Code   RO         2475    i.tcp_arg           CH57xNET.LIB(tcp.o)
    0x00004dd0   0x00004dd0   0x000000fc   Code   RO         2476    i.tcp_bind          CH57xNET.LIB(tcp.o)
    0x00004ecc   0x00004ecc   0x000000b4   Code   RO         2477    i.tcp_close         CH57xNET.LIB(tcp.o)
    0x00004f80   0x00004f80   0x00000024   Code   RO         2480    i.tcp_eff_send_mss  CH57xNET.LIB(tcp.o)
    0x00004fa4   0x00004fa4   0x000003d8   Code   RO         2538    i.tcp_enqueue       CH57xNET.LIB(tcp_out.o)
    0x0000537c   0x0000537c   0x00000006   Code   RO         2481    i.tcp_err           CH57xNET.LIB(tcp.o)
    0x00005382   0x00005382   0x00000002   PAD
    0x00005384   0x00005384   0x00000068   Code   RO         2482    i.tcp_fasttmr       CH57xNET.LIB(tcp.o)
    0x000053ec   0x000053ec   0x000003d0   Code   RO         2725    i.tcp_input         CH57xNET.LIB(tcp_in.o)
    0x000057bc   0x000057bc   0x0000005a   Code   RO         2539    i.tcp_keepalive     CH57xNET.LIB(tcp_out.o)
    0x00005816   0x00005816   0x00000002   PAD
    0x00005818   0x00005818   0x000000fc   Code   RO         2726    i.tcp_listen_input  CH57xNET.LIB(tcp_in.o)
    0x00005914   0x00005914   0x00000084   Code   RO         2483    i.tcp_listen_with_backlog  CH57xNET.LIB(tcp.o)
    0x00005998   0x00005998   0x0000000a   Code   RO         2484    i.tcp_new           CH57xNET.LIB(tcp.o)
    0x000059a2   0x000059a2   0x00000002   PAD
    0x000059a4   0x000059a4   0x0000005c   Code   RO         2485    i.tcp_new_port      CH57xNET.LIB(tcp.o)
    0x00005a00   0x00005a00   0x00000010   Code   RO         2486    i.tcp_next_iss      CH57xNET.LIB(tcp.o)
    0x00005a10   0x00005a10   0x000000b4   Code   RO         2727    i.tcp_oos_insert_segment  CH57xNET.LIB(tcp_in.o)
    0x00005ac4   0x00005ac4   0x00000200   Code   RO         2540    i.tcp_output        CH57xNET.LIB(tcp_out.o)
    0x00005cc4   0x00005cc4   0x000000e8   Code   RO         2541    i.tcp_output_segment  CH57xNET.LIB(tcp_out.o)
    0x00005dac   0x00005dac   0x000000b0   Code   RO         2542    i.tcp_output_set_header  CH57xNET.LIB(tcp_out.o)
    0x00005e5c   0x00005e5c   0x0000008c   Code   RO         2728    i.tcp_parseopt      CH57xNET.LIB(tcp_in.o)
    0x00005ee8   0x00005ee8   0x00000044   Code   RO         2487    i.tcp_pcb_purge     CH57xNET.LIB(tcp.o)
    0x00005f2c   0x00005f2c   0x0000005c   Code   RO         2488    i.tcp_pcb_remove    CH57xNET.LIB(tcp.o)
    0x00005f88   0x00005f88   0x0000000a   Code   RO         2489    i.tcp_poll          CH57xNET.LIB(tcp.o)
    0x00005f92   0x00005f92   0x00000002   PAD
    0x00005f94   0x00005f94   0x0000033c   Code   RO         2729    i.tcp_process       CH57xNET.LIB(tcp_in.o)
    0x000062d0   0x000062d0   0x00000734   Code   RO         2730    i.tcp_receive       CH57xNET.LIB(tcp_in.o)
    0x00006a04   0x00006a04   0x00000006   Code   RO         2490    i.tcp_recv          CH57xNET.LIB(tcp.o)
    0x00006a0a   0x00006a0a   0x00000024   Code   RO         2491    i.tcp_recv_null     CH57xNET.LIB(tcp.o)
    0x00006a2e   0x00006a2e   0x00000002   PAD
    0x00006a30   0x00006a30   0x0000003c   Code   RO         2492    i.tcp_recved        CH57xNET.LIB(tcp.o)
    0x00006a6c   0x00006a6c   0x0000000a   Code   RO         2321    i.tcp_recved_CH57x  CH57xNET.LIB(ch57xsock.o)
    0x00006a76   0x00006a76   0x00000026   Code   RO         2322    i.tcp_recved_socket  CH57xNET.LIB(ch57xsock.o)
    0x00006a9c   0x00006a9c   0x00000050   Code   RO         2543    i.tcp_rexmit        CH57xNET.LIB(tcp_out.o)
    0x00006aec   0x00006aec   0x0000004e   Code   RO         2544    i.tcp_rexmit_fast   CH57xNET.LIB(tcp_out.o)
    0x00006b3a   0x00006b3a   0x00000030   Code   RO         2545    i.tcp_rexmit_rto    CH57xNET.LIB(tcp_out.o)
    0x00006b6a   0x00006b6a   0x00000002   PAD
    0x00006b6c   0x00006b6c   0x000000e0   Code   RO         2546    i.tcp_rst           CH57xNET.LIB(tcp_out.o)
    0x00006c4c   0x00006c4c   0x00000024   Code   RO         2493    i.tcp_seg_copy      CH57xNET.LIB(tcp.o)
    0x00006c70   0x00006c70   0x00000022   Code   RO         2494    i.tcp_seg_free      CH57xNET.LIB(tcp.o)
    0x00006c92   0x00006c92   0x0000001a   Code   RO         2495    i.tcp_segs_free     CH57xNET.LIB(tcp.o)
    0x00006cac   0x00006cac   0x00000148   Code   RO            5    i.tcp_send          main.o
    0x00006df4   0x00006df4   0x00000016   Code   RO         2547    i.tcp_send_ctrl     CH57xNET.LIB(tcp_out.o)
    0x00006e0a   0x00006e0a   0x0000006e   Code   RO         2548    i.tcp_send_empty_ack  CH57xNET.LIB(tcp_out.o)
    0x00006e78   0x00006e78   0x00000006   Code   RO         2496    i.tcp_sent          CH57xNET.LIB(tcp.o)
    0x00006e7e   0x00006e7e   0x00000002   PAD
    0x00006e80   0x00006e80   0x00000054   Code   RO            6    i.tcp_server_connected_back  main.o
    0x00006ed4   0x00006ed4   0x0000005c   Code   RO            7    i.tcp_server_disconnected_back  main.o
    0x00006f30   0x00006f30   0x00000030   Code   RO            8    i.tcp_server_recv_back  main.o
    0x00006f60   0x00006f60   0x00000270   Code   RO         2498    i.tcp_slowtmr       CH57xNET.LIB(tcp.o)
    0x000071d0   0x000071d0   0x00000078   Code   RO         2731    i.tcp_timewait_input  CH57xNET.LIB(tcp_in.o)
    0x00007248   0x00007248   0x0000001c   Code   RO         2499    i.tcp_tmr           CH57xNET.LIB(tcp.o)
    0x00007264   0x00007264   0x0000003c   Code   RO         2500    i.tcp_update_rcv_ann_wnd  CH57xNET.LIB(tcp.o)
    0x000072a0   0x000072a0   0x00000030   Code   RO         2549    i.tcp_write         CH57xNET.LIB(tcp_out.o)
    0x000072d0   0x000072d0   0x000000c0   Code   RO         2550    i.tcp_zero_window_probe  CH57xNET.LIB(tcp_out.o)
    0x00007390   0x00007390   0x00000034   Code   RO          274    i.time0_init        time.o
    0x000073c4   0x000073c4   0x00000100   Code   RO          184    i.uart_init         uart.o
    0x000074c4   0x000074c4   0x00000040   Code   RO          185    i.uart_send_byte    uart.o
    0x00007504   0x00007504   0x0000009c   Code   RO         2564    i.udp_bind          CH57xNET.LIB(udp.o)
    0x000075a0   0x000075a0   0x00000088   Code   RO         2565    i.udp_connect       CH57xNET.LIB(udp.o)
    0x00007628   0x00007628   0x00000224   Code   RO         2567    i.udp_input         CH57xNET.LIB(udp.o)
    0x0000784c   0x0000784c   0x0000001a   Code   RO         2568    i.udp_new           CH57xNET.LIB(udp.o)
    0x00007866   0x00007866   0x00000006   Code   RO         2569    i.udp_recv          CH57xNET.LIB(udp.o)
    0x0000786c   0x0000786c   0x00000034   Code   RO         2570    i.udp_remove        CH57xNET.LIB(udp.o)
    0x000078a0   0x000078a0   0x0000000c   Code   RO         2571    i.udp_send          CH57xNET.LIB(udp.o)
    0x000078ac   0x000078ac   0x0000002a   Code   RO         2572    i.udp_sendto        CH57xNET.LIB(udp.o)
    0x000078d6   0x000078d6   0x000000ea   Code   RO         2573    i.udp_sendto_if     CH57xNET.LIB(udp.o)
    0x000079c0   0x000079c0   0x00000090   Code   RO         2616    i.update_arp_entry  CH57xNET.LIB(etharp.o)
    0x00007a50   0x00007a50   0x00000010   Data   RO         2324    .constdata          CH57xNET.LIB(ch57xsock.o)
    0x00007a60   0x00007a60   0x0000001b   Data   RO         2501    .constdata          CH57xNET.LIB(tcp.o)
    0x00007a7b   0x00007a7b   0x00000004   Data   RO         2601    .constdata          CH57xNET.LIB(ip_addr.o)
    0x00007a7f   0x00007a7f   0x00000004   Data   RO         2602    .constdata          CH57xNET.LIB(ip_addr.o)
    0x00007a83   0x00007a83   0x0000000c   Data   RO         2617    .constdata          CH57xNET.LIB(etharp.o)
    0x00007a8f   0x00007a8f   0x00000001   PAD
    0x00007a90   0x00007a90   0x00000075   Data   RO         2502    .conststring        CH57xNET.LIB(tcp.o)
    0x00007b05   0x00007b05   0x00000003   PAD
    0x00007b08   0x00007b08   0x00000020   Data   RO         3096    Region$$Table       anon$$obj.o


    Execution Region RW_IRAM1 (Exec base: 0x20000000, Load base: 0x00007b28, Size: 0x00005090, Max: 0x00008000, ABSOLUTE, COMPRESSED[0x00000084])

    Exec Addr    Load Addr    Size         Type   Attr      Idx    E Section Name        Object

    0x20000000   COMPRESSED   0x0000001c   Data   RW           11    .data               main.o
    0x2000001c   COMPRESSED   0x00000004   Data   RW          275    .data               time.o
    0x20000020   COMPRESSED   0x00000008   Data   RW          348    .data               sys_tick.o
    0x20000028   COMPRESSED   0x00000036   Data   RW         1899    .data               net_init.o
    0x2000005e   COMPRESSED   0x00000002   PAD
    0x20000060   COMPRESSED   0x00000018   Data   RW         1996    .data               net_dns.o
    0x20000078   COMPRESSED   0x00000008   Data   RW         2148    .data               net_tcp_server.o
    0x20000080   COMPRESSED   0x00000008   Data   RW         2228    .data               CH57xNET.LIB(ch57xnet_dhcp.o)
    0x20000088   COMPRESSED   0x00000010   Data   RW         2325    .data               CH57xNET.LIB(ch57xsock.o)
    0x20000098   COMPRESSED   0x00000004   Data   RW         2396    .data               CH57xNET.LIB(eth.o)
    0x2000009c   COMPRESSED   0x00000010   Data   RW         2414    .data               CH57xNET.LIB(mem.o)
    0x200000ac   COMPRESSED   0x0000000c   Data   RW         2432    .data               CH57xNET.LIB(netif.o)
    0x200000b8   COMPRESSED   0x0000004c   Data   RW         2503    .data               CH57xNET.LIB(tcp.o)
    0x20000104   COMPRESSED   0x00000004   Data   RW         2574    .data               CH57xNET.LIB(udp.o)
    0x20000108   COMPRESSED   0x00000008   Data   RW         2618    .data               CH57xNET.LIB(etharp.o)
    0x20000110   COMPRESSED   0x00000040   Data   RW         2645    .data               CH57xNET.LIB(ethernetif.o)
    0x20000150   COMPRESSED   0x00000004   Data   RW         2667    .data               CH57xNET.LIB(raw.o)
    0x20000154   COMPRESSED   0x0000000c   Data   RW         2721    .data               CH57xNET.LIB(memp.o)
    0x20000160   COMPRESSED   0x0000001c   Data   RW         2733    .data               CH57xNET.LIB(tcp_in.o)
    0x2000017c   COMPRESSED   0x0000000c   Data   RW         2751    .data               CH57xNET.LIB(ip.o)
    0x20000188   COMPRESSED   0x00000004   Data   RW         3070    .data               mc_p.l(stdout.o)
    0x2000018c        -       0x00000f1c   Zero   RW           10    .bss                main.o
    0x200010a8        -       0x000003ee   Zero   RW          188    .bss                uart.o
    0x20001496   COMPRESSED   0x0000000a   PAD
    0x200014a0        -       0x00003158   Zero   RW         1898    .bss                net_init.o
    0x200045f8        -       0x00000064   Zero   RW         2323    .bss                CH57xNET.LIB(ch57xsock.o)
    0x2000465c   COMPRESSED   0x00000004   PAD
    0x20004660        -       0x0000077c   Zero   RW         2644    .bss                CH57xNET.LIB(ethernetif.o)
    0x20004ddc        -       0x0000000a   Zero   RW         2684    .bss                CH57xNET.LIB(ipcheck.o)
    0x20004de6   COMPRESSED   0x00000002   PAD
    0x20004de8        -       0x00000274   Zero   RW         2701    .bss                CH57xNET.LIB(ch57xnet_nds.o)
    0x2000505c        -       0x00000020   Zero   RW         2720    .bss                CH57xNET.LIB(memp.o)
    0x2000507c        -       0x00000014   Zero   RW         2732    .bss                CH57xNET.LIB(tcp_in.o)


==============================================================================

Image component sizes


      Code (inc. data)   RO Data    RW Data    ZI Data      Debug   Object Name

       476         44          0          0          0       1841   ch57x_clk.o
        28          4          0          0          0        532   ch57x_flash.o
       336         32          0          0          0       1739   ch57x_gpio.o
       152          6          0          0          0        542   ch57x_int.o
       256         12          0          0          0       1164   ch57x_pwr.o
        92          4          0          0          0       1561   ch57x_sys.o
        20          4          0          0          0        497   ch57x_timer0.o
       124         14          0          0          0       1575   ch57x_uart0.o
       124         14          0          0          0       1575   ch57x_uart1.o
       124         14          0          0          0       1575   ch57x_uart2.o
       124         14          0          0          0       1575   ch57x_uart3.o
       748         98          0         28       3868      62722   main.o
       116         24          0         24          0       3151   net_dns.o
       398         72          0         54      12632       4951   net_init.o
       576         78          0          8          0       4939   net_tcp_server.o
        28         10        144          0          0        584   startup_armcm0.o
        24          4          0          8          0        641   sys_tick.o
       280         30          0          4          0       7398   time.o
      1308        110          0          0       1006      13183   uart.o

    ----------------------------------------------------------------------
      5336        588        176        128      17516     111745   Object Totals
         0          0         32          0          0          0   (incl. Generated)
         2          0          0          2         10          0   (incl. Padding)

    ----------------------------------------------------------------------

      Code (inc. data)   RO Data    RW Data    ZI Data      Debug   Library Member Name

       856         14          0          8          0        676   ch57xnet_dhcp.o
         0          0          0          0        628          0   ch57xnet_nds.o
      4010        340         16         16        100       3120   ch57xsock.o
       644         80          0          4          0        352   eth.o
      1600         68         12          8          0        856   etharp.o
      1368        234          0         64       1916        672   ethernetif.o
        36         14          0          0          0         68   hal.o
       618          6          0          0          0        228   icmp.o
        16          0          0          0          0        240   inet.o
       254          0          0          0          0        292   inet_chksum.o
        28          6          0          0          0         68   init.o
       990         32          0         12          0        324   ip.o
        58          0          8          0          0         68   ip_addr.o
       346          0          0          0          0         84   ip_frag.o
       208         32          0          0         10        284   ipcheck.o
       604         44          0         16          0        364   mem.o
       128         18          0         12         32        196   memp.o
       300         18          0         12          0        480   netif.o
       762          6          0          0          0        620   pbuf.o
       422         18          0          4          0        568   raw.o
      2454        104        144         76          0       2024   tcp.o
      4340        114          0         28         20        544   tcp_in.o
      2796         48          0          0          0        968   tcp_out.o
      1212         30          0          4          0        664   udp.o
        86          0          0          0          0          0   __dczerorl2.o
         0          0          0          0          0          0   entry.o
         0          0          0          0          0          0   entry10a.o
         0          0          0          0          0          0   entry11a.o
         8          4          0          0          0          0   entry2.o
         4          0          0          0          0          0   entry5.o
         0          0          0          0          0          0   entry7b.o
         0          0          0          0          0          0   entry8b.o
         8          4          0          0          0          0   entry9a.o
        30          0          0          0          0          0   handlers.o
        40          0          0          0          0         72   idiv.o
        36          8          0          0          0         68   init.o
        32          0          0          0          0         68   llshl.o
        34          0          0          0          0         68   llushr.o
        26          0          0          0          0         72   memcmp.o
        36          0          0          0          0         60   memcpya.o
        36          0          0          0          0        100   memseta.o
      1172         52          0          0          0        324   printf8.o
         0          0          0          4          0          0   stdout.o
        18          0          0          0          0         60   strcpy.o
        44          0          0          0          0         72   uidiv.o
        96          0          0          0          0         84   uldiv.o
        20          0          0          0          0         60   uread4.o
        18          0          0          0          0         60   uwrite4.o

    ----------------------------------------------------------------------
     25832       1294        184        268       2712      14928   Library Totals
        38          0          4          0          6          0   (incl. Padding)

    ----------------------------------------------------------------------

      Code (inc. data)   RO Data    RW Data    ZI Data      Debug   Library Name

     24050       1226        180        264       2706      13760   CH57xNET.LIB
      1744         68          0          4          0       1168   mc_p.l

    ----------------------------------------------------------------------
     25832       1294        184        268       2712      14928   Library Totals

    ----------------------------------------------------------------------

==============================================================================


      Code (inc. data)   RO Data    RW Data    ZI Data      Debug   

     31168       1882        360        396      20228     115545   Grand Totals
     31168       1882        360        132      20228     115545   ELF Image Totals (compressed)
     31168       1882        360        132          0          0   ROM Totals

==============================================================================

    Total RO  Size (Code + RO Data)                31528 (  30.79kB)
    Total RW  Size (RW Data + ZI Data)             20624 (  20.14kB)
    Total ROM Size (Code + RO Data + RW Data)      31660 (  30.92kB)

==============================================================================

