<html>
<body>
<pre>
<h1>µVision Build Log</h1>
<h2>Tool Versions:</h2>
IDE-Version: ¦ÌVision V5.28.0.0
Copyright (C) 2019 ARM Ltd and ARM Germany GmbH. All rights reserved.
License Information: 123 Administrator, 123, LIC=50DWF-65NMX-WI15K-ZU97L-TV5YX-KV1UT
 
Tool Versions:
Toolchain:       MDK-ARM Professional  Version: 5.28.0.0
Toolchain Path:  C:\Keil_v5\ARM\ARMCC\Bin
C Compiler:      Armcc.exe V5.06 update 6 (build 750)
Assembler:       Armasm.exe V5.06 update 6 (build 750)
Linker/Locator:  ArmLink.exe V5.06 update 6 (build 750)
Library Manager: ArmAr.exe V5.06 update 6 (build 750)
Hex Converter:   FromElf.exe V5.06 update 6 (build 750)
CPU DLL:         SARMCM3.DLL V5.28.0.0
Dialog DLL:      DARMCM1.DLL V1.19.2.0
Target DLL:      Segger\JL2CM3.dll V2.99.36.0
Dialog DLL:      TARMCM1.DLL V1.14.1.0
 
<h2>Project:</h2>
C:\Users\Administrator\Desktop\579+103\ch579_template -6\project\project.uvprojx
Project File Date:  10/19/2022

<h2>Output:</h2>
*** Using Compiler 'V5.06 update 6 (build 750)', folder: 'C:\Keil_v5\ARM\ARMCC\Bin'
Rebuild target 'Target 1'
compiling uart.c...
compiling main.c...
compiling time.c...
compiling led.c...
compiling CH57x_adc.c...
compiling sys_tick.c...
compiling CH57x_flash.c...
compiling CH57x_gpio.c...
compiling CH57x_clk.c...
compiling CH57x_lcd.c...
compiling CH57x_int.c...
compiling CH57x_pwm.c...
compiling CH57x_pwr.c...
compiling CH57x_spi0.c...
compiling CH57x_spi1.c...
compiling CH57x_sys.c...
compiling CH57x_timer0.c...
compiling CH57x_timer1.c...
compiling CH57x_timer2.c...
compiling CH57x_timer3.c...
compiling CH57x_uart0.c...
compiling CH57x_uart1.c...
compiling CH57x_uart2.c...
compiling CH57x_uart3.c...
compiling CH57x_usbdev.c...
compiling CH57x_usbhostBase.c...
compiling CH57x_usbhostClass.c...
..\library\StdPeriphDriver\CH57x_usbhostClass.c(31): warning:  #550-D: variable "cfg"  was set but never used
      UINT8 cfg, dv_cls, if_cls; // 
..\library\StdPeriphDriver\CH57x_usbhostClass.c: 1 warning, 0 errors
assembling startup_ARMCM0.s...
compiling BufferManage.c...
compiling CH579UFI.C...
..\ufi_library\CH579UFI.C(119): warning:  #177-D: label "mDiskConnect"  was declared but never referenced
  mDiskConnect:
..\ufi_library\CH579UFI.C: 1 warning, 0 errors
compiling LoopList.c...
compiling net_dhcp.c...
compiling net_init.c...
compiling net_dns.c...
..\net\net_dns.c(454): warning:  #550-D: variable "err"  was set but never used
  	char   err=0;
..\net\net_dns.c: 1 warning, 0 errors
compiling net_tcp_client.c...
compiling net_tcp_server.c...
linking...
Program Size: Code=31112 RO-data=360 RW-data=436 ZI-data=28108  
FromELF: creating hex file...
".\Objects\project.axf" - 0 Error(s), 3 Warning(s).

<h2>Software Packages used:</h2>

Package Vendor: Keil
                http://wch.cn/pack/Keil.WCH57x_DFP.1.1.0.pack
                Keil.WCH57x_DFP.1.1.0
                WCH wireless MCU CH57x Family Support, Drivers and Examples

<h2>Collection of Component include folders:</h2>
  .\RTE\_Target_1
  C:\Users\Administrator\AppData\Local\Arm\Packs\Keil\WCH57x_DFP\1.1.0\Drivers\CMSIS\Device\WCH\CH57x\Include

<h2>Collection of Component Files used:</h2>
Build Time Elapsed:  00:00:15
</pre>
</body>
</html>
