<html>
<body>
<pre>
<h1>µVision Build Log</h1>
<h2>Tool Versions:</h2>
IDE-Version: ¦ÌVision V5.30.0.0
Copyright (C) 2020 ARM Ltd and ARM Germany GmbH. All rights reserved.
License Information: c y, y, LIC=03C6R-KFFW5-63RMB-2781S-TQ56S-KS0YR
 
Tool Versions:
Toolchain:       MDK-ARM Plus  Version: 5.30.0.0
Toolchain Path:  D:\MDK5\ARM\ARMCC\Bin
C Compiler:      Armcc.exe V5.06 update 6 (build 750)
Assembler:       Armasm.exe V5.06 update 6 (build 750)
Linker/Locator:  ArmLink.exe V5.06 update 6 (build 750)
Library Manager: ArmAr.exe V5.06 update 6 (build 750)
Hex Converter:   FromElf.exe V5.06 update 6 (build 750)
CPU DLL:         SARMCM3.DLL V5.30.0.0
Dialog DLL:      DARMCM1.DLL V1.19.3.0
Target DLL:      Segger\JL2CM3.dll V2.99.38.0
Dialog DLL:      TARMCM1.DLL V1.14.2.0
 
<h2>Project:</h2>
D:\WORK_VSCODE\ATcode\579Communication\ch579_template\project\project.uvprojx
Project File Date:  03/17/2026

<h2>Output:</h2>
*** Using Compiler 'V5.06 update 6 (build 750)', folder: 'D:\MDK5\ARM\ARMCC\Bin'
Build target 'Target 1'
compiling uart.c...
..\user\uart.c(413): warning:  #177-D: variable "data"  was declared but never referenced
  	uint8_t data = ch;
..\user\uart.c: 1 warning, 0 errors
linking...
Program Size: Code=31168 RO-data=360 RW-data=396 ZI-data=20228  
FromELF: creating hex file...
".\Objects\Senlo_ch579_7_1.axf" - 0 Error(s), 1 Warning(s).

<h2>Software Packages used:</h2>

Package Vendor: Keil
                http://wch.cn/pack/Keil.WCH57x_DFP.1.1.0.pack
                Keil.WCH57x_DFP.1.1.0
                WCH wireless MCU CH57x Family Support, Drivers and Examples

<h2>Collection of Component include folders:</h2>
  .\RTE\_Target_1
  D:\MDK5\Keil\WCH57x_DFP\1.1.0\Drivers\CMSIS\Device\WCH\CH57x\Include

<h2>Collection of Component Files used:</h2>
Build Time Elapsed:  00:00:01
</pre>
</body>
</html>
